Archive member included to satisfy reference by file (symbol)

e:/mysoftware/stm32cubeide_1.0.0/stm32cubeide/plugins/com.st.stm32cube.ide.mcu.externaltools.gnu-tools-for-stm32.7-2018-q2-update.win32_1.0.0.201904181610/tools/bin/../lib/gcc/arm-none-eabi/7.3.1/../../../../arm-none-eabi/lib/thumb/v6-m\libc_nano.a(lib_a-errno.o)
                              Core/Src/syscalls.o (__errno)
e:/mysoftware/stm32cubeide_1.0.0/stm32cubeide/plugins/com.st.stm32cube.ide.mcu.externaltools.gnu-tools-for-stm32.7-2018-q2-update.win32_1.0.0.201904181610/tools/bin/../lib/gcc/arm-none-eabi/7.3.1/../../../../arm-none-eabi/lib/thumb/v6-m\libc_nano.a(lib_a-exit.o)
                              e:/mysoftware/stm32cubeide_1.0.0/stm32cubeide/plugins/com.st.stm32cube.ide.mcu.externaltools.gnu-tools-for-stm32.7-2018-q2-update.win32_1.0.0.201904181610/tools/bin/../lib/gcc/arm-none-eabi/7.3.1/../../../../arm-none-eabi/lib/thumb/v6-m/crt0.o (exit)
e:/mysoftware/stm32cubeide_1.0.0/stm32cubeide/plugins/com.st.stm32cube.ide.mcu.externaltools.gnu-tools-for-stm32.7-2018-q2-update.win32_1.0.0.201904181610/tools/bin/../lib/gcc/arm-none-eabi/7.3.1/../../../../arm-none-eabi/lib/thumb/v6-m\libc_nano.a(lib_a-impure.o)
                              e:/mysoftware/stm32cubeide_1.0.0/stm32cubeide/plugins/com.st.stm32cube.ide.mcu.externaltools.gnu-tools-for-stm32.7-2018-q2-update.win32_1.0.0.201904181610/tools/bin/../lib/gcc/arm-none-eabi/7.3.1/../../../../arm-none-eabi/lib/thumb/v6-m\libc_nano.a(lib_a-exit.o) (_global_impure_ptr)
e:/mysoftware/stm32cubeide_1.0.0/stm32cubeide/plugins/com.st.stm32cube.ide.mcu.externaltools.gnu-tools-for-stm32.7-2018-q2-update.win32_1.0.0.201904181610/tools/bin/../lib/gcc/arm-none-eabi/7.3.1/../../../../arm-none-eabi/lib/thumb/v6-m\libc_nano.a(lib_a-init.o)
                              e:/mysoftware/stm32cubeide_1.0.0/stm32cubeide/plugins/com.st.stm32cube.ide.mcu.externaltools.gnu-tools-for-stm32.7-2018-q2-update.win32_1.0.0.201904181610/tools/bin/../lib/gcc/arm-none-eabi/7.3.1/../../../../arm-none-eabi/lib/thumb/v6-m/crt0.o (__libc_init_array)
e:/mysoftware/stm32cubeide_1.0.0/stm32cubeide/plugins/com.st.stm32cube.ide.mcu.externaltools.gnu-tools-for-stm32.7-2018-q2-update.win32_1.0.0.201904181610/tools/bin/../lib/gcc/arm-none-eabi/7.3.1/../../../../arm-none-eabi/lib/thumb/v6-m\libc_nano.a(lib_a-memcpy-stub.o)
                              Middlewares/Third_Party/FreeRTOS/Source/queue.o (memcpy)
e:/mysoftware/stm32cubeide_1.0.0/stm32cubeide/plugins/com.st.stm32cube.ide.mcu.externaltools.gnu-tools-for-stm32.7-2018-q2-update.win32_1.0.0.201904181610/tools/bin/../lib/gcc/arm-none-eabi/7.3.1/../../../../arm-none-eabi/lib/thumb/v6-m\libc_nano.a(lib_a-memset.o)
                              e:/mysoftware/stm32cubeide_1.0.0/stm32cubeide/plugins/com.st.stm32cube.ide.mcu.externaltools.gnu-tools-for-stm32.7-2018-q2-update.win32_1.0.0.201904181610/tools/bin/../lib/gcc/arm-none-eabi/7.3.1/../../../../arm-none-eabi/lib/thumb/v6-m/crt0.o (memset)
e:/mysoftware/stm32cubeide_1.0.0/stm32cubeide/plugins/com.st.stm32cube.ide.mcu.externaltools.gnu-tools-for-stm32.7-2018-q2-update.win32_1.0.0.201904181610/tools/bin/../lib/gcc/arm-none-eabi/7.3.1/../../../../arm-none-eabi/lib/thumb/v6-m\libc_nano.a(lib_a-strlen.o)
                              Core/Src/debugConsole/debugConsole.o (strlen)
e:/mysoftware/stm32cubeide_1.0.0/stm32cubeide/plugins/com.st.stm32cube.ide.mcu.externaltools.gnu-tools-for-stm32.7-2018-q2-update.win32_1.0.0.201904181610/tools/bin/../lib/gcc/arm-none-eabi/7.3.1/thumb/v6-m\libgcc.a(_udivsi3.o)
                              Core/Src/system_stm32g0xx.o (__aeabi_uidiv)
e:/mysoftware/stm32cubeide_1.0.0/stm32cubeide/plugins/com.st.stm32cube.ide.mcu.externaltools.gnu-tools-for-stm32.7-2018-q2-update.win32_1.0.0.201904181610/tools/bin/../lib/gcc/arm-none-eabi/7.3.1/thumb/v6-m\libgcc.a(_divsi3.o)
                              Drivers/STM32G0xx_HAL_Driver/Src/stm32g0xx_hal_uart_ex.o (__aeabi_idiv)
e:/mysoftware/stm32cubeide_1.0.0/stm32cubeide/plugins/com.st.stm32cube.ide.mcu.externaltools.gnu-tools-for-stm32.7-2018-q2-update.win32_1.0.0.201904181610/tools/bin/../lib/gcc/arm-none-eabi/7.3.1/thumb/v6-m\libgcc.a(_dvmd_tls.o)
                              e:/mysoftware/stm32cubeide_1.0.0/stm32cubeide/plugins/com.st.stm32cube.ide.mcu.externaltools.gnu-tools-for-stm32.7-2018-q2-update.win32_1.0.0.201904181610/tools/bin/../lib/gcc/arm-none-eabi/7.3.1/thumb/v6-m\libgcc.a(_udivsi3.o) (__aeabi_idiv0)

Allocating common symbols
Common symbol       size              file

defaultTaskHandle   0x4               Core/Src/main.o
uwTick              0x4               Drivers/STM32G0xx_HAL_Driver/Src/stm32g0xx_hal.o
ledHandle           0x4               Core/Src/application/application.o
xQueueRegistry      0x40              Middlewares/Third_Party/FreeRTOS/Source/queue.o
gDebugConsoleQ      0x4               Core/Src/debugConsole/debugConsole.o
gKeyDetectQ         0x4               Core/Src/button/button.o
[...]
Memory Configuration

Name             Origin             Length             Attributes
RAM              0x0000000020000000 0x0000000000009000 xrw
FLASH            0x0000000008000000 0x0000000000020000 xr
*default*        0x0000000000000000 0xffffffffffffffff

Linker script and memory map

LOAD e:/mysoftware/stm32cubeide_1.0.0/stm32cubeide/plugins/com.st.stm32cube.ide.mcu.externaltools.gnu-tools-for-stm32.7-2018-q2-update.win32_1.0.0.201904181610/tools/bin/../lib/gcc/arm-none-eabi/7.3.1/thumb/v6-m/crti.o
LOAD e:/mysoftware/stm32cubeide_1.0.0/stm32cubeide/plugins/com.st.stm32cube.ide.mcu.externaltools.gnu-tools-for-stm32.7-2018-q2-update.win32_1.0.0.201904181610/tools/bin/../lib/gcc/arm-none-eabi/7.3.1/thumb/v6-m/crtbegin.o
LOAD e:/mysoftware/stm32cubeide_1.0.0/stm32cubeide/plugins/com.st.stm32cube.ide.mcu.externaltools.gnu-tools-for-stm32.7-2018-q2-update.win32_1.0.0.201904181610/tools/bin/../lib/gcc/arm-none-eabi/7.3.1/../../../../arm-none-eabi/lib/thumb/v6-m/crt0.o
LOAD Core/Src/app_freertos.o
LOAD Core/Src/main.o
LOAD Core/Src/stm32g0xx_hal_msp.o
LOAD Core/Src/stm32g0xx_it.o
LOAD Core/Src/syscalls.o
LOAD Core/Src/sysmem.o
LOAD Core/Src/system_stm32g0xx.o
LOAD Core/Src/application/application.o
LOAD Core/Src/button/button.o
LOAD Core/Src/debugConsole/debugConsole.o
LOAD Core/Src/led/led.o
LOAD Core/Startup/startup_stm32g070rbtx.o
LOAD Drivers/STM32G0xx_HAL_Driver/Src/stm32g0xx_hal.o
LOAD Drivers/STM32G0xx_HAL_Driver/Src/stm32g0xx_hal_cortex.o
LOAD Drivers/STM32G0xx_HAL_Driver/Src/stm32g0xx_hal_dma.o
LOAD Drivers/STM32G0xx_HAL_Driver/Src/stm32g0xx_hal_dma_ex.o
LOAD Drivers/STM32G0xx_HAL_Driver/Src/stm32g0xx_hal_exti.o
LOAD Drivers/STM32G0xx_HAL_Driver/Src/stm32g0xx_hal_flash.o
LOAD Drivers/STM32G0xx_HAL_Driver/Src/stm32g0xx_hal_flash_ex.o
LOAD Drivers/STM32G0xx_HAL_Driver/Src/stm32g0xx_hal_gpio.o
LOAD Drivers/STM32G0xx_HAL_Driver/Src/stm32g0xx_hal_pwr.o
LOAD Drivers/STM32G0xx_HAL_Driver/Src/stm32g0xx_hal_pwr_ex.o
LOAD Drivers/STM32G0xx_HAL_Driver/Src/stm32g0xx_hal_rcc.o
LOAD Drivers/STM32G0xx_HAL_Driver/Src/stm32g0xx_hal_rcc_ex.o
LOAD Drivers/STM32G0xx_HAL_Driver/Src/stm32g0xx_hal_tim.o
LOAD Drivers/STM32G0xx_HAL_Driver/Src/stm32g0xx_hal_tim_ex.o
LOAD Drivers/STM32G0xx_HAL_Driver/Src/stm32g0xx_hal_uart.o
LOAD Drivers/STM32G0xx_HAL_Driver/Src/stm32g0xx_hal_uart_ex.o
LOAD Drivers/STM32G0xx_HAL_Driver/Src/stm32g0xx_ll_rcc.o
LOAD Middlewares/Third_Party/FreeRTOS/Source/CMSIS_RTOS/cmsis_os.o
LOAD Middlewares/Third_Party/FreeRTOS/Source/croutine.o
LOAD Middlewares/Third_Party/FreeRTOS/Source/event_groups.o
LOAD Middlewares/Third_Party/FreeRTOS/Source/list.o
LOAD Middlewares/Third_Party/FreeRTOS/Source/queue.o
LOAD Middlewares/Third_Party/FreeRTOS/Source/stream_buffer.o
LOAD Middlewares/Third_Party/FreeRTOS/Source/tasks.o
LOAD Middlewares/Third_Party/FreeRTOS/Source/timers.o
LOAD Middlewares/Third_Party/FreeRTOS/Source/portable/GCC/ARM_CM0/port.o
LOAD Middlewares/Third_Party/FreeRTOS/Source/portable/MemMang/heap_4.o
START GROUP
LOAD e:/mysoftware/stm32cubeide_1.0.0/stm32cubeide/plugins/com.st.stm32cube.ide.mcu.externaltools.gnu-tools-for-stm32.7-2018-q2-update.win32_1.0.0.201904181610/tools/bin/../lib/gcc/arm-none-eabi/7.3.1/../../../../arm-none-eabi/lib/thumb/v6-m\libc_nano.a
LOAD e:/mysoftware/stm32cubeide_1.0.0/stm32cubeide/plugins/com.st.stm32cube.ide.mcu.externaltools.gnu-tools-for-stm32.7-2018-q2-update.win32_1.0.0.201904181610/tools/bin/../lib/gcc/arm-none-eabi/7.3.1/../../../../arm-none-eabi/lib/thumb/v6-m\libm.a
END GROUP
START GROUP
LOAD e:/mysoftware/stm32cubeide_1.0.0/stm32cubeide/plugins/com.st.stm32cube.ide.mcu.externaltools.gnu-tools-for-stm32.7-2018-q2-update.win32_1.0.0.201904181610/tools/bin/../lib/gcc/arm-none-eabi/7.3.1/thumb/v6-m\libgcc.a
LOAD e:/mysoftware/stm32cubeide_1.0.0/stm32cubeide/plugins/com.st.stm32cube.ide.mcu.externaltools.gnu-tools-for-stm32.7-2018-q2-update.win32_1.0.0.201904181610/tools/bin/../lib/gcc/arm-none-eabi/7.3.1/../../../../arm-none-eabi/lib/thumb/v6-m\libc_nano.a
END GROUP
START GROUP
LOAD e:/mysoftware/stm32cubeide_1.0.0/stm32cubeide/plugins/com.st.stm32cube.ide.mcu.externaltools.gnu-tools-for-stm32.7-2018-q2-update.win32_1.0.0.201904181610/tools/bin/../lib/gcc/arm-none-eabi/7.3.1/thumb/v6-m\libgcc.a
LOAD e:/mysoftware/stm32cubeide_1.0.0/stm32cubeide/plugins/com.st.stm32cube.ide.mcu.externaltools.gnu-tools-for-stm32.7-2018-q2-update.win32_1.0.0.201904181610/tools/bin/../lib/gcc/arm-none-eabi/7.3.1/../../../../arm-none-eabi/lib/thumb/v6-m\libc_nano.a
LOAD e:/mysoftware/stm32cubeide_1.0.0/stm32cubeide/plugins/com.st.stm32cube.ide.mcu.externaltools.gnu-tools-for-stm32.7-2018-q2-update.win32_1.0.0.201904181610/tools/bin/../lib/gcc/arm-none-eabi/7.3.1/../../../../arm-none-eabi/lib/thumb/v6-m\libnosys.a
END GROUP
START GROUP
LOAD e:/mysoftware/stm32cubeide_1.0.0/stm32cubeide/plugins/com.st.stm32cube.ide.mcu.externaltools.gnu-tools-for-stm32.7-2018-q2-update.win32_1.0.0.201904181610/tools/bin/../lib/gcc/arm-none-eabi/7.3.1/thumb/v6-m\libgcc.a
LOAD e:/mysoftware/stm32cubeide_1.0.0/stm32cubeide/plugins/com.st.stm32cube.ide.mcu.externaltools.gnu-tools-for-stm32.7-2018-q2-update.win32_1.0.0.201904181610/tools/bin/../lib/gcc/arm-none-eabi/7.3.1/../../../../arm-none-eabi/lib/thumb/v6-m\libc_nano.a
LOAD e:/mysoftware/stm32cubeide_1.0.0/stm32cubeide/plugins/com.st.stm32cube.ide.mcu.externaltools.gnu-tools-for-stm32.7-2018-q2-update.win32_1.0.0.201904181610/tools/bin/../lib/gcc/arm-none-eabi/7.3.1/../../../../arm-none-eabi/lib/thumb/v6-m\libnosys.a
END GROUP
LOAD e:/mysoftware/stm32cubeide_1.0.0/stm32cubeide/plugins/com.st.stm32cube.ide.mcu.externaltools.gnu-tools-for-stm32.7-2018-q2-update.win32_1.0.0.201904181610/tools/bin/../lib/gcc/arm-none-eabi/7.3.1/thumb/v6-m/crtend.o
LOAD e:/mysoftware/stm32cubeide_1.0.0/stm32cubeide/plugins/com.st.stm32cube.ide.mcu.externaltools.gnu-tools-for-stm32.7-2018-q2-update.win32_1.0.0.201904181610/tools/bin/../lib/gcc/arm-none-eabi/7.3.1/thumb/v6-m/crtn.o
                0x0000000020009000                _estack = (ORIGIN (RAM) + LENGTH (RAM))
                0x0000000000000200                _Min_Heap_Size = 0x200
                0x0000000000000400                _Min_Stack_Size = 0x400

.isr_vector     0x0000000008000000       0xb8
                0x0000000008000000                . = ALIGN (0x4)
 *(.isr_vector)
 .isr_vector    0x0000000008000000       0xb8 Core/Startup/startup_stm32g070rbtx.o
                0x0000000008000000                g_pfnVectors
                0x00000000080000b8                . = ALIGN (0x4)

.text           0x00000000080000c0     0x5270
                0x00000000080000c0                . = ALIGN (0x4)
 *(.text)
 .text          0x00000000080000c0       0x48 e:/mysoftware/stm32cubeide_1.0.0/stm32cubeide/plugins/com.st.stm32cube.ide.mcu.externaltools.gnu-tools-for-stm32.7-2018-q2-update.win32_1.0.0.201904181610/tools/bin/../lib/gcc/arm-none-eabi/7.3.1/thumb/v6-m/crtbegin.o
 .text          0x0000000008000108        0xe e:/mysoftware/stm32cubeide_1.0.0/stm32cubeide/plugins/com.st.stm32cube.ide.mcu.externaltools.gnu-tools-for-stm32.7-2018-q2-update.win32_1.0.0.201904181610/tools/bin/../lib/gcc/arm-none-eabi/7.3.1/../../../../arm-none-eabi/lib/thumb/v6-m\libc_nano.a(lib_a-strlen.o)
                0x0000000008000108                strlen
 *fill*         0x0000000008000116        0x2 
 .text          0x0000000008000118      0x114 e:/mysoftware/stm32cubeide_1.0.0/stm32cubeide/plugins/com.st.stm32cube.ide.mcu.externaltools.gnu-tools-for-stm32.7-2018-q2-update.win32_1.0.0.201904181610/tools/bin/../lib/gcc/arm-none-eabi/7.3.1/thumb/v6-m\libgcc.a(_udivsi3.o)
                0x0000000008000118                __aeabi_uidiv
                0x0000000008000118                __udivsi3
                0x0000000008000224                __aeabi_uidivmod
 .text          0x000000000800022c      0x1d4 e:/mysoftware/stm32cubeide_1.0.0/stm32cubeide/plugins/com.st.stm32cube.ide.mcu.externaltools.gnu-tools-for-stm32.7-2018-q2-update.win32_1.0.0.201904181610/tools/bin/../lib/gcc/arm-none-eabi/7.3.1/thumb/v6-m\libgcc.a(_divsi3.o)
                0x000000000800022c                __divsi3
                0x000000000800022c                __aeabi_idiv
                0x00000000080003f8                __aeabi_idivmod
 .text          0x0000000008000400        0x4 e:/mysoftware/stm32cubeide_1.0.0/stm32cubeide/plugins/com.st.stm32cube.ide.mcu.externaltools.gnu-tools-for-stm32.7-2018-q2-update.win32_1.0.0.201904181610/tools/bin/../lib/gcc/arm-none-eabi/7.3.1/thumb/v6-m\libgcc.a(_dvmd_tls.o)
                0x0000000008000400                __aeabi_idiv0
                0x0000000008000400                __aeabi_ldiv0
 *(.text*)
 .text.main     0x0000000008000404       0x44 Core/Src/main.o
                0x0000000008000404                main
 .text.SystemClock_Config
                0x0000000008000448       0xbe Core/Src/main.o
                0x0000000008000448                SystemClock_Config
 *fill*         0x0000000008000506        0x2 
 .text.MX_USART2_UART_Init
                0x0000000008000508       0x9c Core/Src/main.o
 .text.MX_GPIO_Init
                0x00000000080005a4       0xc4 Core/Src/main.o
 .text.StartDefaultTask
                0x0000000008000668       0x14 Core/Src/main.o
                0x0000000008000668                StartDefaultTask
 .text.Error_Handler
                0x000000000800067c        0xa Core/Src/main.o
                0x000000000800067c                Error_Handler
 *fill*         0x0000000008000686        0x2 
 .text.HAL_MspInit
                0x0000000008000688       0x54 Core/Src/stm32g0xx_hal_msp.o
                0x0000000008000688                HAL_MspInit
 .text.HAL_UART_MspInit
                0x00000000080006dc       0xa4 Core/Src/stm32g0xx_hal_msp.o
                0x00000000080006dc                HAL_UART_MspInit
 .text.NMI_Handler
                0x0000000008000780        0xa Core/Src/stm32g0xx_it.o
                0x0000000008000780                NMI_Handler
 .text.HardFault_Handler
                0x000000000800078a        0x6 Core/Src/stm32g0xx_it.o
                0x000000000800078a                HardFault_Handler
 .text.SysTick_Handler
                0x0000000008000790       0x1c Core/Src/stm32g0xx_it.o
                0x0000000008000790                SysTick_Handler
 .text.USART2_IRQHandler
                0x00000000080007ac       0x18 Core/Src/stm32g0xx_it.o
                0x00000000080007ac                USART2_IRQHandler
 .text.SystemInit
                0x00000000080007c4       0x18 Core/Src/system_stm32g0xx.o
                0x00000000080007c4                SystemInit
 .text.application
                0x00000000080007dc      0x12c Core/Src/application/application.o
                0x00000000080007dc                application
 .text.buttonTask
                0x0000000008000908      0x160 Core/Src/button/button.o
                0x0000000008000908                buttonTask
 .text.intiButton
                0x0000000008000a68       0x5c Core/Src/button/button.o
                0x0000000008000a68                intiButton
 .text.debugconsoleTask
                0x0000000008000ac4       0x34 Core/Src/debugConsole/debugConsole.o
                0x0000000008000ac4                debugconsoleTask
 .text.debugConsoleInit
                0x0000000008000af8       0x84 Core/Src/debugConsole/debugConsole.o
 .text.debugText
                0x0000000008000b7c       0x54 Core/Src/debugConsole/debugConsole.o
                0x0000000008000b7c                debugText
 .text.debugValue
                0x0000000008000bd0       0x34 Core/Src/debugConsole/debugConsole.o
                0x0000000008000bd0                debugValue
 .text.debugTextValue
                0x0000000008000c04       0x44 Core/Src/debugConsole/debugConsole.o
                0x0000000008000c04                debugTextValue
 .text.IntToText
                0x0000000008000c48       0xe2 Core/Src/debugConsole/debugConsole.o
                0x0000000008000c48                IntToText
 .text.reverseStr
                0x0000000008000d2a       0x90 Core/Src/debugConsole/debugConsole.o
                0x0000000008000d2a                reverseStr
 *fill*         0x0000000008000dba        0x2 
 .text.ledTask  0x0000000008000dbc       0x5c Core/Src/led/led.o
                0x0000000008000dbc                ledTask
 .text.intLed   0x0000000008000e18       0x5c Core/Src/led/led.o
                0x0000000008000e18                intLed
 .text.ledTurnOnAll
                0x0000000008000e74       0x60 Core/Src/led/led.o
                0x0000000008000e74                ledTurnOnAll
 .text.ledTurnOffAll
                0x0000000008000ed4       0x60 Core/Src/led/led.o
                0x0000000008000ed4                ledTurnOffAll
 .text.Reset_Handler
                0x0000000008000f34       0x50 Core/Startup/startup_stm32g070rbtx.o
                0x0000000008000f34                Reset_Handler
 .text.Default_Handler
                0x0000000008000f84        0x2 Core/Startup/startup_stm32g070rbtx.o
                0x0000000008000f84                TIM1_CC_IRQHandler
                0x0000000008000f84                TIM6_IRQHandler
                0x0000000008000f84                I2C1_IRQHandler
                0x0000000008000f84                RTC_TAMP_IRQHandler
                0x0000000008000f84                SPI1_IRQHandler
                0x0000000008000f84                USART3_4_IRQHandler
                0x0000000008000f84                EXTI2_3_IRQHandler
                0x0000000008000f84                ADC1_IRQHandler
                0x0000000008000f84                I2C2_IRQHandler
                0x0000000008000f84                TIM17_IRQHandler
                0x0000000008000f84                TIM16_IRQHandler
                0x0000000008000f84                TIM3_IRQHandler
                0x0000000008000f84                EXTI4_15_IRQHandler
                0x0000000008000f84                RCC_IRQHandler
                0x0000000008000f84                DMA1_Channel1_IRQHandler
                0x0000000008000f84                Default_Handler
                0x0000000008000f84                TIM14_IRQHandler
                0x0000000008000f84                TIM7_IRQHandler
                0x0000000008000f84                TIM15_IRQHandler
                0x0000000008000f84                EXTI0_1_IRQHandler
                0x0000000008000f84                SPI2_IRQHandler
                0x0000000008000f84                WWDG_IRQHandler
                0x0000000008000f84                DMA1_Ch4_7_DMAMUX1_OVR_IRQHandler
                0x0000000008000f84                DMA1_Channel2_3_IRQHandler
                0x0000000008000f84                FLASH_IRQHandler
                0x0000000008000f84                USART1_IRQHandler
                0x0000000008000f84                TIM1_BRK_UP_TRG_COM_IRQHandler
 *fill*         0x0000000008000f86        0x2 
 .text.HAL_Init
                0x0000000008000f88       0x40 Drivers/STM32G0xx_HAL_Driver/Src/stm32g0xx_hal.o
                0x0000000008000f88                HAL_Init
 .text.HAL_InitTick
                0x0000000008000fc8       0x94 Drivers/STM32G0xx_HAL_Driver/Src/stm32g0xx_hal.o
                0x0000000008000fc8                HAL_InitTick
 .text.HAL_IncTick
                0x000000000800105c       0x20 Drivers/STM32G0xx_HAL_Driver/Src/stm32g0xx_hal.o
                0x000000000800105c                HAL_IncTick
 .text.HAL_GetTick
                0x000000000800107c       0x14 Drivers/STM32G0xx_HAL_Driver/Src/stm32g0xx_hal.o
                0x000000000800107c                HAL_GetTick
 .text.__NVIC_EnableIRQ
                0x0000000008001090       0x34 Drivers/STM32G0xx_HAL_Driver/Src/stm32g0xx_hal_cortex.o
 .text.__NVIC_SetPriority
                0x00000000080010c4       0xdc Drivers/STM32G0xx_HAL_Driver/Src/stm32g0xx_hal_cortex.o
 .text.SysTick_Config
                0x00000000080011a0       0x48 Drivers/STM32G0xx_HAL_Driver/Src/stm32g0xx_hal_cortex.o
 .text.HAL_NVIC_SetPriority
                0x00000000080011e8       0x2a Drivers/STM32G0xx_HAL_Driver/Src/stm32g0xx_hal_cortex.o
                0x00000000080011e8                HAL_NVIC_SetPriority
 .text.HAL_NVIC_EnableIRQ
                0x0000000008001212       0x20 Drivers/STM32G0xx_HAL_Driver/Src/stm32g0xx_hal_cortex.o
                0x0000000008001212                HAL_NVIC_EnableIRQ
 .text.HAL_SYSTICK_Config
                0x0000000008001232       0x1a Drivers/STM32G0xx_HAL_Driver/Src/stm32g0xx_hal_cortex.o
                0x0000000008001232                HAL_SYSTICK_Config
 .text.HAL_DMA_Abort_IT
                0x000000000800124c       0xf4 Drivers/STM32G0xx_HAL_Driver/Src/stm32g0xx_hal_dma.o
                0x000000000800124c                HAL_DMA_Abort_IT
 .text.HAL_GPIO_Init
                0x0000000008001340      0x2c8 Drivers/STM32G0xx_HAL_Driver/Src/stm32g0xx_hal_gpio.o
                0x0000000008001340                HAL_GPIO_Init
 .text.HAL_GPIO_ReadPin
                0x0000000008001608       0x3a Drivers/STM32G0xx_HAL_Driver/Src/stm32g0xx_hal_gpio.o
                0x0000000008001608                HAL_GPIO_ReadPin
 .text.HAL_GPIO_WritePin
                0x0000000008001642       0x3a Drivers/STM32G0xx_HAL_Driver/Src/stm32g0xx_hal_gpio.o
                0x0000000008001642                HAL_GPIO_WritePin
 .text.HAL_PWREx_ControlVoltageScaling
                0x000000000800167c       0x80 Drivers/STM32G0xx_HAL_Driver/Src/stm32g0xx_hal_pwr_ex.o
                0x000000000800167c                HAL_PWREx_ControlVoltageScaling
 .text.LL_RCC_GetAPB1Prescaler
                0x00000000080016fc       0x18 Drivers/STM32G0xx_HAL_Driver/Src/stm32g0xx_hal_rcc.o
 .text.HAL_RCC_OscConfig
                0x0000000008001714      0x62c Drivers/STM32G0xx_HAL_Driver/Src/stm32g0xx_hal_rcc.o
                0x0000000008001714                HAL_RCC_OscConfig
 .text.HAL_RCC_ClockConfig
                0x0000000008001d40      0x210 Drivers/STM32G0xx_HAL_Driver/Src/stm32g0xx_hal_rcc.o
                0x0000000008001d40                HAL_RCC_ClockConfig
 .text.HAL_RCC_GetSysClockFreq
                0x0000000008001f50      0x104 Drivers/STM32G0xx_HAL_Driver/Src/stm32g0xx_hal_rcc.o
                0x0000000008001f50                HAL_RCC_GetSysClockFreq
 .text.HAL_RCC_GetHCLKFreq
                0x0000000008002054       0x14 Drivers/STM32G0xx_HAL_Driver/Src/stm32g0xx_hal_rcc.o
                0x0000000008002054                HAL_RCC_GetHCLKFreq
 .text.HAL_RCC_GetPCLK1Freq
                0x0000000008002068       0x2c Drivers/STM32G0xx_HAL_Driver/Src/stm32g0xx_hal_rcc.o
                0x0000000008002068                HAL_RCC_GetPCLK1Freq
 .text.HAL_RCCEx_PeriphCLKConfig
                0x0000000008002094      0x26c Drivers/STM32G0xx_HAL_Driver/Src/stm32g0xx_hal_rcc_ex.o
                0x0000000008002094                HAL_RCCEx_PeriphCLKConfig
 .text.HAL_UART_Init
                0x0000000008002300       0xac Drivers/STM32G0xx_HAL_Driver/Src/stm32g0xx_hal_uart.o
                0x0000000008002300                HAL_UART_Init
 .text.HAL_UART_Transmit_IT
                0x00000000080023ac      0x134 Drivers/STM32G0xx_HAL_Driver/Src/stm32g0xx_hal_uart.o
                0x00000000080023ac                HAL_UART_Transmit_IT
 .text.HAL_UART_IRQHandler
                0x00000000080024e0      0x2bc Drivers/STM32G0xx_HAL_Driver/Src/stm32g0xx_hal_uart.o
                0x00000000080024e0                HAL_UART_IRQHandler
 .text.HAL_UART_TxCpltCallback
                0x000000000800279c       0x10 Drivers/STM32G0xx_HAL_Driver/Src/stm32g0xx_hal_uart.o
                0x000000000800279c                HAL_UART_TxCpltCallback
 .text.HAL_UART_ErrorCallback
                0x00000000080027ac       0x10 Drivers/STM32G0xx_HAL_Driver/Src/stm32g0xx_hal_uart.o
                0x00000000080027ac                HAL_UART_ErrorCallback
 .text.UART_SetConfig
                0x00000000080027bc      0x910 Drivers/STM32G0xx_HAL_Driver/Src/stm32g0xx_hal_uart.o
                0x00000000080027bc                UART_SetConfig
 .text.UART_AdvFeatureConfig
                0x00000000080030cc      0x168 Drivers/STM32G0xx_HAL_Driver/Src/stm32g0xx_hal_uart.o
                0x00000000080030cc                UART_AdvFeatureConfig
 .text.UART_CheckIdleState
                0x0000000008003234       0x94 Drivers/STM32G0xx_HAL_Driver/Src/stm32g0xx_hal_uart.o
                0x0000000008003234                UART_CheckIdleState
 .text.UART_WaitOnFlagUntilTimeout
                0x00000000080032c8       0x98 Drivers/STM32G0xx_HAL_Driver/Src/stm32g0xx_hal_uart.o
                0x00000000080032c8                UART_WaitOnFlagUntilTimeout
 .text.UART_EndRxTransfer
                0x0000000008003360       0x48 Drivers/STM32G0xx_HAL_Driver/Src/stm32g0xx_hal_uart.o
 .text.UART_DMAAbortOnError
                0x00000000080033a8       0x2e Drivers/STM32G0xx_HAL_Driver/Src/stm32g0xx_hal_uart.o
 .text.UART_TxISR_8BIT
                0x00000000080033d6       0x70 Drivers/STM32G0xx_HAL_Driver/Src/stm32g0xx_hal_uart.o
 .text.UART_TxISR_16BIT
                0x0000000008003446       0x7a Drivers/STM32G0xx_HAL_Driver/Src/stm32g0xx_hal_uart.o
 .text.UART_TxISR_8BIT_FIFOEN
                0x00000000080034c0       0xa8 Drivers/STM32G0xx_HAL_Driver/Src/stm32g0xx_hal_uart.o
 .text.UART_TxISR_16BIT_FIFOEN
                0x0000000008003568       0xb0 Drivers/STM32G0xx_HAL_Driver/Src/stm32g0xx_hal_uart.o
 .text.UART_EndTransmit_IT
                0x0000000008003618       0x36 Drivers/STM32G0xx_HAL_Driver/Src/stm32g0xx_hal_uart.o
 .text.HAL_UARTEx_WakeupCallback
                0x000000000800364e       0x10 Drivers/STM32G0xx_HAL_Driver/Src/stm32g0xx_hal_uart_ex.o
                0x000000000800364e                HAL_UARTEx_WakeupCallback
 .text.HAL_UARTEx_RxFifoFullCallback
                0x000000000800365e       0x10 Drivers/STM32G0xx_HAL_Driver/Src/stm32g0xx_hal_uart_ex.o
                0x000000000800365e                HAL_UARTEx_RxFifoFullCallback
 .text.HAL_UARTEx_TxFifoEmptyCallback
                0x000000000800366e       0x10 Drivers/STM32G0xx_HAL_Driver/Src/stm32g0xx_hal_uart_ex.o
                0x000000000800366e                HAL_UARTEx_TxFifoEmptyCallback
 *fill*         0x000000000800367e        0x2 
 .text.HAL_UARTEx_DisableFifoMode
                0x0000000008003680       0x74 Drivers/STM32G0xx_HAL_Driver/Src/stm32g0xx_hal_uart_ex.o
                0x0000000008003680                HAL_UARTEx_DisableFifoMode
 .text.HAL_UARTEx_SetTxFifoThreshold
                0x00000000080036f4       0x7e Drivers/STM32G0xx_HAL_Driver/Src/stm32g0xx_hal_uart_ex.o
                0x00000000080036f4                HAL_UARTEx_SetTxFifoThreshold
 *fill*         0x0000000008003772        0x2 
 .text.HAL_UARTEx_SetRxFifoThreshold
                0x0000000008003774       0x84 Drivers/STM32G0xx_HAL_Driver/Src/stm32g0xx_hal_uart_ex.o
                0x0000000008003774                HAL_UARTEx_SetRxFifoThreshold
 .text.UARTEx_SetNbDataToProcess
                0x00000000080037f8       0xd4 Drivers/STM32G0xx_HAL_Driver/Src/stm32g0xx_hal_uart_ex.o
 .text.makeFreeRtosPriority
                0x00000000080038cc       0x32 Middlewares/Third_Party/FreeRTOS/Source/CMSIS_RTOS/cmsis_os.o
 .text.osKernelStart
                0x00000000080038fe       0x10 Middlewares/Third_Party/FreeRTOS/Source/CMSIS_RTOS/cmsis_os.o
                0x00000000080038fe                osKernelStart
 .text.osThreadCreate
                0x000000000800390e       0x50 Middlewares/Third_Party/FreeRTOS/Source/CMSIS_RTOS/cmsis_os.o
                0x000000000800390e                osThreadCreate
 .text.osDelay  0x000000000800395e       0x28 Middlewares/Third_Party/FreeRTOS/Source/CMSIS_RTOS/cmsis_os.o
                0x000000000800395e                osDelay
 .text.vListInitialise
                0x0000000008003986       0x3c Middlewares/Third_Party/FreeRTOS/Source/list.o
                0x0000000008003986                vListInitialise
 .text.vListInitialiseItem
                0x00000000080039c2       0x16 Middlewares/Third_Party/FreeRTOS/Source/list.o
                0x00000000080039c2                vListInitialiseItem
 .text.vListInsertEnd
                0x00000000080039d8       0x44 Middlewares/Third_Party/FreeRTOS/Source/list.o
                0x00000000080039d8                vListInsertEnd
 .text.vListInsert
                0x0000000008003a1c       0x6c Middlewares/Third_Party/FreeRTOS/Source/list.o
                0x0000000008003a1c                vListInsert
 .text.uxListRemove
                0x0000000008003a88       0x50 Middlewares/Third_Party/FreeRTOS/Source/list.o
                0x0000000008003a88                uxListRemove
 .text.xQueueGenericReset
                0x0000000008003ad8       0xa8 Middlewares/Third_Party/FreeRTOS/Source/queue.o
                0x0000000008003ad8                xQueueGenericReset
 .text.xQueueGenericCreate
                0x0000000008003b80       0x64 Middlewares/Third_Party/FreeRTOS/Source/queue.o
                0x0000000008003b80                xQueueGenericCreate
 .text.prvInitialiseNewQueue
                0x0000000008003be4       0x44 Middlewares/Third_Party/FreeRTOS/Source/queue.o
 .text.prvInitialiseMutex
                0x0000000008003c28       0x34 Middlewares/Third_Party/FreeRTOS/Source/queue.o
 .text.xQueueCreateMutex
                0x0000000008003c5c       0x38 Middlewares/Third_Party/FreeRTOS/Source/queue.o
                0x0000000008003c5c                xQueueCreateMutex
 .text.xQueueGenericSend
                0x0000000008003c94      0x188 Middlewares/Third_Party/FreeRTOS/Source/queue.o
                0x0000000008003c94                xQueueGenericSend
 .text.xQueueReceive
                0x0000000008003e1c      0x16a Middlewares/Third_Party/FreeRTOS/Source/queue.o
                0x0000000008003e1c                xQueueReceive
 .text.uxQueueMessagesWaiting
                0x0000000008003f86       0x2a Middlewares/Third_Party/FreeRTOS/Source/queue.o
                0x0000000008003f86                uxQueueMessagesWaiting
 .text.prvCopyDataToQueue
                0x0000000008003fb0       0xd6 Middlewares/Third_Party/FreeRTOS/Source/queue.o
 .text.prvCopyDataFromQueue
                0x0000000008004086       0x4c Middlewares/Third_Party/FreeRTOS/Source/queue.o
 .text.prvUnlockQueue
                0x00000000080040d2       0xbc Middlewares/Third_Party/FreeRTOS/Source/queue.o
 .text.prvIsQueueEmpty
                0x000000000800418e       0x2c Middlewares/Third_Party/FreeRTOS/Source/queue.o
 .text.prvIsQueueFull
                0x00000000080041ba       0x30 Middlewares/Third_Party/FreeRTOS/Source/queue.o
 .text.xTaskCreate
                0x00000000080041ea       0x90 Middlewares/Third_Party/FreeRTOS/Source/tasks.o
                0x00000000080041ea                xTaskCreate
 *fill*         0x000000000800427a        0x2 
 .text.prvInitialiseNewTask
                0x000000000800427c       0xf4 Middlewares/Third_Party/FreeRTOS/Source/tasks.o
 .text.prvAddNewTaskToReadyList
                0x0000000008004370       0xc8 Middlewares/Third_Party/FreeRTOS/Source/tasks.o
 .text.vTaskDelay
                0x0000000008004438       0x4c Middlewares/Third_Party/FreeRTOS/Source/tasks.o
                0x0000000008004438                vTaskDelay
 .text.vTaskStartScheduler
                0x0000000008004484       0x6c Middlewares/Third_Party/FreeRTOS/Source/tasks.o
                0x0000000008004484                vTaskStartScheduler
 .text.vTaskSuspendAll
                0x00000000080044f0       0x18 Middlewares/Third_Party/FreeRTOS/Source/tasks.o
                0x00000000080044f0                vTaskSuspendAll
 .text.xTaskResumeAll
                0x0000000008004508      0x118 Middlewares/Third_Party/FreeRTOS/Source/tasks.o
                0x0000000008004508                xTaskResumeAll
 .text.xTaskIncrementTick
                0x0000000008004620      0x168 Middlewares/Third_Party/FreeRTOS/Source/tasks.o
                0x0000000008004620                xTaskIncrementTick
 .text.vTaskSwitchContext
                0x0000000008004788       0xa4 Middlewares/Third_Party/FreeRTOS/Source/tasks.o
                0x0000000008004788                vTaskSwitchContext
 .text.vTaskPlaceOnEventList
                0x000000000800482c       0x3c Middlewares/Third_Party/FreeRTOS/Source/tasks.o
                0x000000000800482c                vTaskPlaceOnEventList
 .text.xTaskRemoveFromEventList
                0x0000000008004868       0xb8 Middlewares/Third_Party/FreeRTOS/Source/tasks.o
                0x0000000008004868                xTaskRemoveFromEventList
 .text.vTaskInternalSetTimeOutState
                0x0000000008004920       0x28 Middlewares/Third_Party/FreeRTOS/Source/tasks.o
                0x0000000008004920                vTaskInternalSetTimeOutState
 .text.xTaskCheckForTimeOut
                0x0000000008004948       0xa0 Middlewares/Third_Party/FreeRTOS/Source/tasks.o
                0x0000000008004948                xTaskCheckForTimeOut
 .text.vTaskMissedYield
                0x00000000080049e8       0x14 Middlewares/Third_Party/FreeRTOS/Source/tasks.o
                0x00000000080049e8                vTaskMissedYield
 .text.prvIdleTask
                0x00000000080049fc       0x20 Middlewares/Third_Party/FreeRTOS/Source/tasks.o
 .text.prvInitialiseTaskLists
                0x0000000008004a1c       0x88 Middlewares/Third_Party/FreeRTOS/Source/tasks.o
 .text.prvCheckTasksWaitingTermination
                0x0000000008004aa4       0x5c Middlewares/Third_Party/FreeRTOS/Source/tasks.o
 .text.prvDeleteTCB
                0x0000000008004b00       0x22 Middlewares/Third_Party/FreeRTOS/Source/tasks.o
 *fill*         0x0000000008004b22        0x2 
 .text.prvResetNextTaskUnblockTime
                0x0000000008004b24       0x48 Middlewares/Third_Party/FreeRTOS/Source/tasks.o
 .text.xTaskGetSchedulerState
                0x0000000008004b6c       0x38 Middlewares/Third_Party/FreeRTOS/Source/tasks.o
                0x0000000008004b6c                xTaskGetSchedulerState
 .text.xTaskPriorityDisinherit
                0x0000000008004ba4       0xb8 Middlewares/Third_Party/FreeRTOS/Source/tasks.o
                0x0000000008004ba4                xTaskPriorityDisinherit
 .text.prvAddCurrentTaskToDelayedList
                0x0000000008004c5c       0xa8 Middlewares/Third_Party/FreeRTOS/Source/tasks.o
 .text.pxPortInitialiseStack
                0x0000000008004d04       0x54 Middlewares/Third_Party/FreeRTOS/Source/portable/GCC/ARM_CM0/port.o
                0x0000000008004d04                pxPortInitialiseStack
 .text.prvTaskExitError
                0x0000000008004d58       0x2c Middlewares/Third_Party/FreeRTOS/Source/portable/GCC/ARM_CM0/port.o
 .text.SVC_Handler
                0x0000000008004d84        0xa Middlewares/Third_Party/FreeRTOS/Source/portable/GCC/ARM_CM0/port.o
                0x0000000008004d84                SVC_Handler
 *fill*         0x0000000008004d8e        0x2 
 .text.vPortStartFirstTask
                0x0000000008004d90       0x38 Middlewares/Third_Party/FreeRTOS/Source/portable/GCC/ARM_CM0/port.o
 .text.xPortStartScheduler
                0x0000000008004dc8       0x48 Middlewares/Third_Party/FreeRTOS/Source/portable/GCC/ARM_CM0/port.o
                0x0000000008004dc8                xPortStartScheduler
 .text.vPortYield
                0x0000000008004e10       0x20 Middlewares/Third_Party/FreeRTOS/Source/portable/GCC/ARM_CM0/port.o
                0x0000000008004e10                vPortYield
 .text.vPortEnterCritical
                0x0000000008004e30       0x24 Middlewares/Third_Party/FreeRTOS/Source/portable/GCC/ARM_CM0/port.o
                0x0000000008004e30                vPortEnterCritical
 .text.vPortExitCritical
                0x0000000008004e54       0x30 Middlewares/Third_Party/FreeRTOS/Source/portable/GCC/ARM_CM0/port.o
                0x0000000008004e54                vPortExitCritical
 .text.ulSetInterruptMaskFromISR
                0x0000000008004e84        0xc Middlewares/Third_Party/FreeRTOS/Source/portable/GCC/ARM_CM0/port.o
                0x0000000008004e84                ulSetInterruptMaskFromISR
 .text.vClearInterruptMaskFromISR
                0x0000000008004e90        0x8 Middlewares/Third_Party/FreeRTOS/Source/portable/GCC/ARM_CM0/port.o
                0x0000000008004e90                vClearInterruptMaskFromISR
 *fill*         0x0000000008004e98        0x8 
 .text.PendSV_Handler
                0x0000000008004ea0       0x48 Middlewares/Third_Party/FreeRTOS/Source/portable/GCC/ARM_CM0/port.o
                0x0000000008004ea0                PendSV_Handler
 .text.xPortSysTickHandler
                0x0000000008004ee8       0x34 Middlewares/Third_Party/FreeRTOS/Source/portable/GCC/ARM_CM0/port.o
                0x0000000008004ee8                xPortSysTickHandler
 .text.prvSetupTimerInterrupt
                0x0000000008004f1c       0x44 Middlewares/Third_Party/FreeRTOS/Source/portable/GCC/ARM_CM0/port.o
 .text.pvPortMalloc
                0x0000000008004f60      0x14c Middlewares/Third_Party/FreeRTOS/Source/portable/MemMang/heap_4.o
                0x0000000008004f60                pvPortMalloc
 .text.vPortFree
                0x00000000080050ac       0x90 Middlewares/Third_Party/FreeRTOS/Source/portable/MemMang/heap_4.o
                0x00000000080050ac                vPortFree
 .text.prvHeapInit
                0x000000000800513c       0xc0 Middlewares/Third_Party/FreeRTOS/Source/portable/MemMang/heap_4.o
 .text.prvInsertBlockIntoFreeList
                0x00000000080051fc       0xb0 Middlewares/Third_Party/FreeRTOS/Source/portable/MemMang/heap_4.o
 .text.__libc_init_array
                0x00000000080052ac       0x48 e:/mysoftware/stm32cubeide_1.0.0/stm32cubeide/plugins/com.st.stm32cube.ide.mcu.externaltools.gnu-tools-for-stm32.7-2018-q2-update.win32_1.0.0.201904181610/tools/bin/../lib/gcc/arm-none-eabi/7.3.1/../../../../arm-none-eabi/lib/thumb/v6-m\libc_nano.a(lib_a-init.o)
                0x00000000080052ac                __libc_init_array
 .text.memcpy   0x00000000080052f4       0x12 e:/mysoftware/stm32cubeide_1.0.0/stm32cubeide/plugins/com.st.stm32cube.ide.mcu.externaltools.gnu-tools-for-stm32.7-2018-q2-update.win32_1.0.0.201904181610/tools/bin/../lib/gcc/arm-none-eabi/7.3.1/../../../../arm-none-eabi/lib/thumb/v6-m\libc_nano.a(lib_a-memcpy-stub.o)
                0x00000000080052f4                memcpy
 .text.memset   0x0000000008005306       0x10 e:/mysoftware/stm32cubeide_1.0.0/stm32cubeide/plugins/com.st.stm32cube.ide.mcu.externaltools.gnu-tools-for-stm32.7-2018-q2-update.win32_1.0.0.201904181610/tools/bin/../lib/gcc/arm-none-eabi/7.3.1/../../../../arm-none-eabi/lib/thumb/v6-m\libc_nano.a(lib_a-memset.o)
                0x0000000008005306                memset
 *(.glue_7)
 .glue_7        0x0000000008005316        0x0 linker stubs
 *(.glue_7t)
 .glue_7t       0x0000000008005316        0x0 linker stubs
 *(.eh_frame)
 *fill*         0x0000000008005316        0x2 
 .eh_frame      0x0000000008005318        0x0 e:/mysoftware/stm32cubeide_1.0.0/stm32cubeide/plugins/com.st.stm32cube.ide.mcu.externaltools.gnu-tools-for-stm32.7-2018-q2-update.win32_1.0.0.201904181610/tools/bin/../lib/gcc/arm-none-eabi/7.3.1/thumb/v6-m/crtbegin.o
 *(.init)
 .init          0x0000000008005318        0x4 e:/mysoftware/stm32cubeide_1.0.0/stm32cubeide/plugins/com.st.stm32cube.ide.mcu.externaltools.gnu-tools-for-stm32.7-2018-q2-update.win32_1.0.0.201904181610/tools/bin/../lib/gcc/arm-none-eabi/7.3.1/thumb/v6-m/crti.o
                0x0000000008005318                _init
 .init          0x000000000800531c        0x8 e:/mysoftware/stm32cubeide_1.0.0/stm32cubeide/plugins/com.st.stm32cube.ide.mcu.externaltools.gnu-tools-for-stm32.7-2018-q2-update.win32_1.0.0.201904181610/tools/bin/../lib/gcc/arm-none-eabi/7.3.1/thumb/v6-m/crtn.o
 *(.fini)
 .fini          0x0000000008005324        0x4 e:/mysoftware/stm32cubeide_1.0.0/stm32cubeide/plugins/com.st.stm32cube.ide.mcu.externaltools.gnu-tools-for-stm32.7-2018-q2-update.win32_1.0.0.201904181610/tools/bin/../lib/gcc/arm-none-eabi/7.3.1/thumb/v6-m/crti.o
                0x0000000008005324                _fini
 .fini          0x0000000008005328        0x8 e:/mysoftware/stm32cubeide_1.0.0/stm32cubeide/plugins/com.st.stm32cube.ide.mcu.externaltools.gnu-tools-for-stm32.7-2018-q2-update.win32_1.0.0.201904181610/tools/bin/../lib/gcc/arm-none-eabi/7.3.1/thumb/v6-m/crtn.o
                0x0000000008005330                . = ALIGN (0x4)
                0x0000000008005330                _etext = .

.vfp11_veneer   0x0000000008005330        0x0
 .vfp11_veneer  0x0000000008005330        0x0 linker stubs

.v4_bx          0x0000000008005330        0x0
 .v4_bx         0x0000000008005330        0x0 linker stubs

.iplt           0x0000000008005330        0x0
 .iplt          0x0000000008005330        0x0 e:/mysoftware/stm32cubeide_1.0.0/stm32cubeide/plugins/com.st.stm32cube.ide.mcu.externaltools.gnu-tools-for-stm32.7-2018-q2-update.win32_1.0.0.201904181610/tools/bin/../lib/gcc/arm-none-eabi/7.3.1/thumb/v6-m/crtbegin.o

.rodata         0x0000000008005330      0x15c
                0x0000000008005330                . = ALIGN (0x4)
 *(.rodata)
 .rodata        0x0000000008005330       0x20 Core/Src/main.o
 .rodata        0x0000000008005350       0x20 Core/Src/debugConsole/debugConsole.o
 .rodata        0x0000000008005370       0x10 Drivers/STM32G0xx_HAL_Driver/Src/stm32g0xx_hal_uart_ex.o
 .rodata        0x0000000008005380        0x5 Middlewares/Third_Party/FreeRTOS/Source/tasks.o
 *(.rodata*)
 *fill*         0x0000000008005385        0x3 
 .rodata.AHBPrescTable
                0x0000000008005388       0x40 Core/Src/system_stm32g0xx.o
                0x0000000008005388                AHBPrescTable
 .rodata.APBPrescTable
                0x00000000080053c8       0x20 Core/Src/system_stm32g0xx.o
                0x00000000080053c8                APBPrescTable
 .rodata.sysTask
                0x00000000080053e8       0x6c Core/Src/application/application.o
                0x00000000080053e8                sysTask
 .rodata.key    0x0000000008005454       0x1c Core/Src/button/button.o
                0x0000000008005454                key
 .rodata.led    0x0000000008005470       0x1c Core/Src/led/led.o
                0x0000000008005470                led
                0x000000000800548c                . = ALIGN (0x4)

.rel.dyn        0x000000000800548c        0x0
 .rel.iplt      0x000000000800548c        0x0 e:/mysoftware/stm32cubeide_1.0.0/stm32cubeide/plugins/com.st.stm32cube.ide.mcu.externaltools.gnu-tools-for-stm32.7-2018-q2-update.win32_1.0.0.201904181610/tools/bin/../lib/gcc/arm-none-eabi/7.3.1/thumb/v6-m/crtbegin.o

.ARM.extab      0x000000000800548c        0x0
                0x000000000800548c                . = ALIGN (0x4)
 *(.ARM.extab* .gnu.linkonce.armextab.*)
                0x000000000800548c                . = ALIGN (0x4)

.ARM            0x000000000800548c        0x0
                0x000000000800548c                . = ALIGN (0x4)
                0x000000000800548c                __exidx_start = .
 *(.ARM.exidx*)
                0x000000000800548c                __exidx_end = .
                0x000000000800548c                . = ALIGN (0x4)

.preinit_array  0x000000000800548c        0x0
                0x000000000800548c                . = ALIGN (0x4)
                0x000000000800548c                PROVIDE (__preinit_array_start = .)
 *(.preinit_array*)
                0x000000000800548c                PROVIDE (__preinit_array_end = .)
                0x000000000800548c                . = ALIGN (0x4)

.init_array     0x000000000800548c        0x4
                0x000000000800548c                . = ALIGN (0x4)
                0x000000000800548c                PROVIDE (__init_array_start = .)
 *(SORT_BY_NAME(.init_array.*))
 *(.init_array*)
 .init_array    0x000000000800548c        0x4 e:/mysoftware/stm32cubeide_1.0.0/stm32cubeide/plugins/com.st.stm32cube.ide.mcu.externaltools.gnu-tools-for-stm32.7-2018-q2-update.win32_1.0.0.201904181610/tools/bin/../lib/gcc/arm-none-eabi/7.3.1/thumb/v6-m/crtbegin.o
                0x0000000008005490                PROVIDE (__init_array_end = .)
                0x0000000008005490                . = ALIGN (0x4)

.fini_array     0x0000000008005490        0x4
                0x0000000008005490                . = ALIGN (0x4)
                [!provide]                        PROVIDE (__fini_array_start = .)
 *(SORT_BY_NAME(.fini_array.*))
 *(.fini_array*)
 .fini_array    0x0000000008005490        0x4 e:/mysoftware/stm32cubeide_1.0.0/stm32cubeide/plugins/com.st.stm32cube.ide.mcu.externaltools.gnu-tools-for-stm32.7-2018-q2-update.win32_1.0.0.201904181610/tools/bin/../lib/gcc/arm-none-eabi/7.3.1/thumb/v6-m/crtbegin.o
                [!provide]                        PROVIDE (__fini_array_end = .)
                0x0000000008005494                . = ALIGN (0x4)
                0x0000000008005494                _sidata = LOADADDR (.data)

.data           0x0000000020000000       0x10 load address 0x0000000008005494
                0x0000000020000000                . = ALIGN (0x4)
                0x0000000020000000                _sdata = .
 *(.data)
 *(.data*)
 .data.SystemCoreClock
                0x0000000020000000        0x4 Core/Src/system_stm32g0xx.o
                0x0000000020000000                SystemCoreClock
 .data.uwTickPrio
                0x0000000020000004        0x4 Drivers/STM32G0xx_HAL_Driver/Src/stm32g0xx_hal.o
                0x0000000020000004                uwTickPrio
 .data.uwTickFreq
                0x0000000020000008        0x4 Drivers/STM32G0xx_HAL_Driver/Src/stm32g0xx_hal.o
                0x0000000020000008                uwTickFreq
 .data.uxCriticalNesting
                0x000000002000000c        0x4 Middlewares/Third_Party/FreeRTOS/Source/portable/GCC/ARM_CM0/port.o
                0x0000000020000010                . = ALIGN (0x4)
                0x0000000020000010                _edata = .

.igot.plt       0x0000000020000010        0x0 load address 0x00000000080054a4
 .igot.plt      0x0000000020000010        0x0 e:/mysoftware/stm32cubeide_1.0.0/stm32cubeide/plugins/com.st.stm32cube.ide.mcu.externaltools.gnu-tools-for-stm32.7-2018-q2-update.win32_1.0.0.201904181610/tools/bin/../lib/gcc/arm-none-eabi/7.3.1/thumb/v6-m/crtbegin.o
                0x0000000020000010                . = ALIGN (0x4)

.bss            0x0000000020000010     0x1254 load address 0x00000000080054a4
                0x0000000020000010                _sbss = .
                0x0000000020000010                __bss_start__ = _sbss
 *(.bss)
 .bss           0x0000000020000010       0x1c e:/mysoftware/stm32cubeide_1.0.0/stm32cubeide/plugins/com.st.stm32cube.ide.mcu.externaltools.gnu-tools-for-stm32.7-2018-q2-update.win32_1.0.0.201904181610/tools/bin/../lib/gcc/arm-none-eabi/7.3.1/thumb/v6-m/crtbegin.o
 *(.bss*)
 .bss.xMutexDebugUart
                0x000000002000002c        0x4 Core/Src/debugConsole/debugConsole.o
                0x000000002000002c                xMutexDebugUart
 .bss.tempBuff  0x0000000020000030       0x32 Core/Src/debugConsole/debugConsole.o
                0x0000000020000030                tempBuff
 .bss.mDebugConInit
                0x0000000020000062        0x1 Core/Src/debugConsole/debugConsole.o
                0x0000000020000062                mDebugConInit
 .bss.status.6323
                0x0000000020000063        0x1 Core/Src/led/led.o
 .bss.pxCurrentTCB
                0x0000000020000064        0x4 Middlewares/Third_Party/FreeRTOS/Source/tasks.o
                0x0000000020000064                pxCurrentTCB
 .bss.pxReadyTasksLists
                0x0000000020000068       0x8c Middlewares/Third_Party/FreeRTOS/Source/tasks.o
 .bss.xDelayedTaskList1
                0x00000000200000f4       0x14 Middlewares/Third_Party/FreeRTOS/Source/tasks.o
 .bss.xDelayedTaskList2
                0x0000000020000108       0x14 Middlewares/Third_Party/FreeRTOS/Source/tasks.o
 .bss.pxDelayedTaskList
                0x000000002000011c        0x4 Middlewares/Third_Party/FreeRTOS/Source/tasks.o
 .bss.pxOverflowDelayedTaskList
                0x0000000020000120        0x4 Middlewares/Third_Party/FreeRTOS/Source/tasks.o
 .bss.xPendingReadyList
                0x0000000020000124       0x14 Middlewares/Third_Party/FreeRTOS/Source/tasks.o
 .bss.xTasksWaitingTermination
                0x0000000020000138       0x14 Middlewares/Third_Party/FreeRTOS/Source/tasks.o
 .bss.uxDeletedTasksWaitingCleanUp
                0x000000002000014c        0x4 Middlewares/Third_Party/FreeRTOS/Source/tasks.o
 .bss.xSuspendedTaskList
                0x0000000020000150       0x14 Middlewares/Third_Party/FreeRTOS/Source/tasks.o
 .bss.uxCurrentNumberOfTasks
                0x0000000020000164        0x4 Middlewares/Third_Party/FreeRTOS/Source/tasks.o
 .bss.xTickCount
                0x0000000020000168        0x4 Middlewares/Third_Party/FreeRTOS/Source/tasks.o
 .bss.uxTopReadyPriority
                0x000000002000016c        0x4 Middlewares/Third_Party/FreeRTOS/Source/tasks.o
 .bss.xSchedulerRunning
                0x0000000020000170        0x4 Middlewares/Third_Party/FreeRTOS/Source/tasks.o
 .bss.uxPendedTicks
                0x0000000020000174        0x4 Middlewares/Third_Party/FreeRTOS/Source/tasks.o
 .bss.xYieldPending
                0x0000000020000178        0x4 Middlewares/Third_Party/FreeRTOS/Source/tasks.o
 .bss.xNumOfOverflows
                0x000000002000017c        0x4 Middlewares/Third_Party/FreeRTOS/Source/tasks.o
 .bss.uxTaskNumber
                0x0000000020000180        0x4 Middlewares/Third_Party/FreeRTOS/Source/tasks.o
 .bss.xNextTaskUnblockTime
                0x0000000020000184        0x4 Middlewares/Third_Party/FreeRTOS/Source/tasks.o
 .bss.xIdleTaskHandle
                0x0000000020000188        0x4 Middlewares/Third_Party/FreeRTOS/Source/tasks.o
 .bss.uxSchedulerSuspended
                0x000000002000018c        0x4 Middlewares/Third_Party/FreeRTOS/Source/tasks.o
 .bss.ucHeap    0x0000000020000190     0x1000 Middlewares/Third_Party/FreeRTOS/Source/portable/MemMang/heap_4.o
 .bss.xStart    0x0000000020001190        0x8 Middlewares/Third_Party/FreeRTOS/Source/portable/MemMang/heap_4.o
 .bss.pxEnd     0x0000000020001198        0x4 Middlewares/Third_Party/FreeRTOS/Source/portable/MemMang/heap_4.o
 .bss.xFreeBytesRemaining
                0x000000002000119c        0x4 Middlewares/Third_Party/FreeRTOS/Source/portable/MemMang/heap_4.o
 .bss.xMinimumEverFreeBytesRemaining
                0x00000000200011a0        0x4 Middlewares/Third_Party/FreeRTOS/Source/portable/MemMang/heap_4.o
 .bss.xBlockAllocatedBit
                0x00000000200011a4        0x4 Middlewares/Third_Party/FreeRTOS/Source/portable/MemMang/heap_4.o
 *(COMMON)
 COMMON         0x00000000200011a8       0x90 Core/Src/main.o
                0x00000000200011a8                defaultTaskHandle
                0x00000000200011ac                huart2
 COMMON         0x0000000020001238       0x20 Core/Src/button/button.o
                0x0000000020001238                gKeyDetectQ
                0x000000002000123c                mKeyStatus
                0x0000000020001250                keyMsgData
 COMMON         0x0000000020001258        0x8 Core/Src/led/led.o
                0x0000000020001258                mkeyDetectedPtr
 COMMON         0x0000000020001260        0x4 Drivers/STM32G0xx_HAL_Driver/Src/stm32g0xx_hal.o
                0x0000000020001260                uwTick
                0x0000000020001264                . = ALIGN (0x4)
                0x0000000020001264                _ebss = .
                0x0000000020001264                __bss_end__ = _ebss

._user_heap_stack
                0x0000000020001264      0x604 load address 0x00000000080054a4
                0x0000000020001268                . = ALIGN (0x8)
 *fill*         0x0000000020001264        0x4 
                0x0000000020001268                PROVIDE (end = .)
                [!provide]                        PROVIDE (_end = .)
                0x0000000020001468                . = (. + _Min_Heap_Size)
 *fill*         0x0000000020001268      0x200 
                0x0000000020001868                . = (. + _Min_Stack_Size)
 *fill*         0x0000000020001468      0x400 
                0x0000000020001868                . = ALIGN (0x8)

/DISCARD/
 libc.a(*)
 libm.a(*)
 libgcc.a(*)

.ARM.attributes
                0x0000000000000000       0x28
 *(.ARM.attributes)
 .ARM.attributes
                0x0000000000000000       0x1e e:/mysoftware/stm32cubeide_1.0.0/stm32cubeide/plugins/com.st.stm32cube.ide.mcu.externaltools.gnu-tools-for-stm32.7-2018-q2-update.win32_1.0.0.201904181610/tools/bin/../lib/gcc/arm-none-eabi/7.3.1/thumb/v6-m/crti.o
 .ARM.attributes
                0x000000000000001e       0x2c e:/mysoftware/stm32cubeide_1.0.0/stm32cubeide/plugins/com.st.stm32cube.ide.mcu.externaltools.gnu-tools-for-stm32.7-2018-q2-update.win32_1.0.0.201904181610/tools/bin/../lib/gcc/arm-none-eabi/7.3.1/thumb/v6-m/crtbegin.o
 .ARM.attributes
                0x000000000000004a       0x32 Core/Src/main.o
 .ARM.attributes
                0x000000000000007c       0x32 Core/Src/stm32g0xx_hal_msp.o
 .ARM.attributes
                0x00000000000000ae       0x32 Core/Src/stm32g0xx_it.o
 .ARM.attributes
                0x00000000000000e0       0x32 Core/Src/system_stm32g0xx.o
 .ARM.attributes
                0x0000000000000112       0x32 Core/Src/application/application.o
 .ARM.attributes
                0x0000000000000144       0x32 Core/Src/button/button.o
 .ARM.attributes
                0x0000000000000176       0x32 Core/Src/debugConsole/debugConsole.o
 .ARM.attributes
                0x00000000000001a8       0x32 Core/Src/led/led.o
 .ARM.attributes
                0x00000000000001da       0x21 Core/Startup/startup_stm32g070rbtx.o
 .ARM.attributes
                0x00000000000001fb       0x32 Drivers/STM32G0xx_HAL_Driver/Src/stm32g0xx_hal.o
 .ARM.attributes
                0x000000000000022d       0x32 Drivers/STM32G0xx_HAL_Driver/Src/stm32g0xx_hal_cortex.o
 .ARM.attributes
                0x000000000000025f       0x32 Drivers/STM32G0xx_HAL_Driver/Src/stm32g0xx_hal_dma.o
 .ARM.attributes
                0x0000000000000291       0x32 Drivers/STM32G0xx_HAL_Driver/Src/stm32g0xx_hal_gpio.o
 .ARM.attributes
                0x00000000000002c3       0x32 Drivers/STM32G0xx_HAL_Driver/Src/stm32g0xx_hal_pwr_ex.o
 .ARM.attributes
                0x00000000000002f5       0x32 Drivers/STM32G0xx_HAL_Driver/Src/stm32g0xx_hal_rcc.o
 .ARM.attributes
                0x0000000000000327       0x32 Drivers/STM32G0xx_HAL_Driver/Src/stm32g0xx_hal_rcc_ex.o
 .ARM.attributes
                0x0000000000000359       0x32 Drivers/STM32G0xx_HAL_Driver/Src/stm32g0xx_hal_uart.o
 .ARM.attributes
                0x000000000000038b       0x32 Drivers/STM32G0xx_HAL_Driver/Src/stm32g0xx_hal_uart_ex.o
 .ARM.attributes
                0x00000000000003bd       0x32 Middlewares/Third_Party/FreeRTOS/Source/CMSIS_RTOS/cmsis_os.o
 .ARM.attributes
                0x00000000000003ef       0x32 Middlewares/Third_Party/FreeRTOS/Source/list.o
 .ARM.attributes
                0x0000000000000421       0x32 Middlewares/Third_Party/FreeRTOS/Source/queue.o
 .ARM.attributes
                0x0000000000000453       0x32 Middlewares/Third_Party/FreeRTOS/Source/tasks.o
 .ARM.attributes
                0x0000000000000485       0x32 Middlewares/Third_Party/FreeRTOS/Source/portable/GCC/ARM_CM0/port.o
 .ARM.attributes
                0x00000000000004b7       0x32 Middlewares/Third_Party/FreeRTOS/Source/portable/MemMang/heap_4.o
 .ARM.attributes
                0x00000000000004e9       0x2c e:/mysoftware/stm32cubeide_1.0.0/stm32cubeide/plugins/com.st.stm32cube.ide.mcu.externaltools.gnu-tools-for-stm32.7-2018-q2-update.win32_1.0.0.201904181610/tools/bin/../lib/gcc/arm-none-eabi/7.3.1/../../../../arm-none-eabi/lib/thumb/v6-m\libc_nano.a(lib_a-init.o)
 .ARM.attributes
                0x0000000000000515       0x2c e:/mysoftware/stm32cubeide_1.0.0/stm32cubeide/plugins/com.st.stm32cube.ide.mcu.externaltools.gnu-tools-for-stm32.7-2018-q2-update.win32_1.0.0.201904181610/tools/bin/../lib/gcc/arm-none-eabi/7.3.1/../../../../arm-none-eabi/lib/thumb/v6-m\libc_nano.a(lib_a-memcpy-stub.o)
 .ARM.attributes
                0x0000000000000541       0x2c e:/mysoftware/stm32cubeide_1.0.0/stm32cubeide/plugins/com.st.stm32cube.ide.mcu.externaltools.gnu-tools-for-stm32.7-2018-q2-update.win32_1.0.0.201904181610/tools/bin/../lib/gcc/arm-none-eabi/7.3.1/../../../../arm-none-eabi/lib/thumb/v6-m\libc_nano.a(lib_a-memset.o)
 .ARM.attributes
                0x000000000000056d       0x1c e:/mysoftware/stm32cubeide_1.0.0/stm32cubeide/plugins/com.st.stm32cube.ide.mcu.externaltools.gnu-tools-for-stm32.7-2018-q2-update.win32_1.0.0.201904181610/tools/bin/../lib/gcc/arm-none-eabi/7.3.1/../../../../arm-none-eabi/lib/thumb/v6-m\libc_nano.a(lib_a-strlen.o)
 .ARM.attributes
                0x0000000000000589       0x1e e:/mysoftware/stm32cubeide_1.0.0/stm32cubeide/plugins/com.st.stm32cube.ide.mcu.externaltools.gnu-tools-for-stm32.7-2018-q2-update.win32_1.0.0.201904181610/tools/bin/../lib/gcc/arm-none-eabi/7.3.1/thumb/v6-m\libgcc.a(_udivsi3.o)
 .ARM.attributes
                0x00000000000005a7       0x1e e:/mysoftware/stm32cubeide_1.0.0/stm32cubeide/plugins/com.st.stm32cube.ide.mcu.externaltools.gnu-tools-for-stm32.7-2018-q2-update.win32_1.0.0.201904181610/tools/bin/../lib/gcc/arm-none-eabi/7.3.1/thumb/v6-m\libgcc.a(_divsi3.o)
 .ARM.attributes
                0x00000000000005c5       0x1e e:/mysoftware/stm32cubeide_1.0.0/stm32cubeide/plugins/com.st.stm32cube.ide.mcu.externaltools.gnu-tools-for-stm32.7-2018-q2-update.win32_1.0.0.201904181610/tools/bin/../lib/gcc/arm-none-eabi/7.3.1/thumb/v6-m\libgcc.a(_dvmd_tls.o)
 .ARM.attributes
                0x00000000000005e3       0x1e e:/mysoftware/stm32cubeide_1.0.0/stm32cubeide/plugins/com.st.stm32cube.ide.mcu.externaltools.gnu-tools-for-stm32.7-2018-q2-update.win32_1.0.0.201904181610/tools/bin/../lib/gcc/arm-none-eabi/7.3.1/thumb/v6-m/crtn.o
OUTPUT(NucleoG0.elf elf32-littlearm)

.debug_info     0x0000000000000000    0x104d8
 .debug_info    0x0000000000000000      0xdb9 Core/Src/main.o
 .debug_info    0x0000000000000db9      0xb6c Core/Src/stm32g0xx_hal_msp.o
 .debug_info    0x0000000000001925      0x7d2 Core/Src/stm32g0xx_it.o
 .debug_info    0x00000000000020f7      0x434 Core/Src/system_stm32g0xx.o
 .debug_info    0x000000000000252b      0x3b2 Core/Src/application/application.o
 .debug_info    0x00000000000028dd      0x4cd Core/Src/button/button.o
 .debug_info    0x0000000000002daa     0x122c Core/Src/debugConsole/debugConsole.o
 .debug_info    0x0000000000003fd6      0x4f8 Core/Src/led/led.o
 .debug_info    0x00000000000044ce       0x22 Core/Startup/startup_stm32g070rbtx.o
 .debug_info    0x00000000000044f0      0x8db Drivers/STM32G0xx_HAL_Driver/Src/stm32g0xx_hal.o
 .debug_info    0x0000000000004dcb      0x959 Drivers/STM32G0xx_HAL_Driver/Src/stm32g0xx_hal_cortex.o
 .debug_info    0x0000000000005724      0x8d9 Drivers/STM32G0xx_HAL_Driver/Src/stm32g0xx_hal_dma.o
 .debug_info    0x0000000000005ffd      0x63a Drivers/STM32G0xx_HAL_Driver/Src/stm32g0xx_hal_gpio.o
 .debug_info    0x0000000000006637      0x552 Drivers/STM32G0xx_HAL_Driver/Src/stm32g0xx_hal_pwr_ex.o
 .debug_info    0x0000000000006b89      0xa64 Drivers/STM32G0xx_HAL_Driver/Src/stm32g0xx_hal_rcc.o
 .debug_info    0x00000000000075ed      0x7cd Drivers/STM32G0xx_HAL_Driver/Src/stm32g0xx_hal_rcc_ex.o
 .debug_info    0x0000000000007dba     0x1805 Drivers/STM32G0xx_HAL_Driver/Src/stm32g0xx_hal_uart.o
 .debug_info    0x00000000000095bf      0xb73 Drivers/STM32G0xx_HAL_Driver/Src/stm32g0xx_hal_uart_ex.o
 .debug_info    0x000000000000a132     0x1a5d Middlewares/Third_Party/FreeRTOS/Source/CMSIS_RTOS/cmsis_os.o
 .debug_info    0x000000000000bb8f      0xac5 Middlewares/Third_Party/FreeRTOS/Source/list.o
 .debug_info    0x000000000000c654     0x1627 Middlewares/Third_Party/FreeRTOS/Source/queue.o
 .debug_info    0x000000000000dc7b     0x1ad9 Middlewares/Third_Party/FreeRTOS/Source/tasks.o
 .debug_info    0x000000000000f754      0x26b Middlewares/Third_Party/FreeRTOS/Source/portable/GCC/ARM_CM0/port.o
 .debug_info    0x000000000000f9bf      0xb19 Middlewares/Third_Party/FreeRTOS/Source/portable/MemMang/heap_4.o

.debug_abbrev   0x0000000000000000     0x2d62
 .debug_abbrev  0x0000000000000000      0x21c Core/Src/main.o
 .debug_abbrev  0x000000000000021c      0x195 Core/Src/stm32g0xx_hal_msp.o
 .debug_abbrev  0x00000000000003b1      0x158 Core/Src/stm32g0xx_it.o
 .debug_abbrev  0x0000000000000509      0x147 Core/Src/system_stm32g0xx.o
 .debug_abbrev  0x0000000000000650      0x131 Core/Src/application/application.o
 .debug_abbrev  0x0000000000000781      0x18d Core/Src/button/button.o
 .debug_abbrev  0x000000000000090e      0x24c Core/Src/debugConsole/debugConsole.o
 .debug_abbrev  0x0000000000000b5a      0x177 Core/Src/led/led.o
 .debug_abbrev  0x0000000000000cd1       0x12 Core/Startup/startup_stm32g070rbtx.o
 .debug_abbrev  0x0000000000000ce3      0x242 Drivers/STM32G0xx_HAL_Driver/Src/stm32g0xx_hal.o
 .debug_abbrev  0x0000000000000f25      0x27c Drivers/STM32G0xx_HAL_Driver/Src/stm32g0xx_hal_cortex.o
 .debug_abbrev  0x00000000000011a1      0x1d5 Drivers/STM32G0xx_HAL_Driver/Src/stm32g0xx_hal_dma.o
 .debug_abbrev  0x0000000000001376      0x1b7 Drivers/STM32G0xx_HAL_Driver/Src/stm32g0xx_hal_gpio.o
 .debug_abbrev  0x000000000000152d      0x1f6 Drivers/STM32G0xx_HAL_Driver/Src/stm32g0xx_hal_pwr_ex.o
 .debug_abbrev  0x0000000000001723      0x211 Drivers/STM32G0xx_HAL_Driver/Src/stm32g0xx_hal_rcc.o
 .debug_abbrev  0x0000000000001934      0x1d4 Drivers/STM32G0xx_HAL_Driver/Src/stm32g0xx_hal_rcc_ex.o
 .debug_abbrev  0x0000000000001b08      0x214 Drivers/STM32G0xx_HAL_Driver/Src/stm32g0xx_hal_uart.o
 .debug_abbrev  0x0000000000001d1c      0x209 Drivers/STM32G0xx_HAL_Driver/Src/stm32g0xx_hal_uart_ex.o
 .debug_abbrev  0x0000000000001f25      0x305 Middlewares/Third_Party/FreeRTOS/Source/CMSIS_RTOS/cmsis_os.o
 .debug_abbrev  0x000000000000222a      0x1cf Middlewares/Third_Party/FreeRTOS/Source/list.o
 .debug_abbrev  0x00000000000023f9      0x2aa Middlewares/Third_Party/FreeRTOS/Source/queue.o
 .debug_abbrev  0x00000000000026a3      0x2de Middlewares/Third_Party/FreeRTOS/Source/tasks.o
 .debug_abbrev  0x0000000000002981      0x1a4 Middlewares/Third_Party/FreeRTOS/Source/portable/GCC/ARM_CM0/port.o
 .debug_abbrev  0x0000000000002b25      0x23d Middlewares/Third_Party/FreeRTOS/Source/portable/MemMang/heap_4.o

.debug_aranges  0x0000000000000000      0xe48
 .debug_aranges
                0x0000000000000000       0x48 Core/Src/main.o
 .debug_aranges
                0x0000000000000048       0x30 Core/Src/stm32g0xx_hal_msp.o
 .debug_aranges
                0x0000000000000078       0x38 Core/Src/stm32g0xx_it.o
 .debug_aranges
                0x00000000000000b0       0x28 Core/Src/system_stm32g0xx.o
 .debug_aranges
                0x00000000000000d8       0x20 Core/Src/application/application.o
 .debug_aranges
                0x00000000000000f8       0x28 Core/Src/button/button.o
 .debug_aranges
                0x0000000000000120       0x50 Core/Src/debugConsole/debugConsole.o
 .debug_aranges
                0x0000000000000170       0x48 Core/Src/led/led.o
 .debug_aranges
                0x00000000000001b8       0x28 Core/Startup/startup_stm32g070rbtx.o
 .debug_aranges
                0x00000000000001e0       0xf8 Drivers/STM32G0xx_HAL_Driver/Src/stm32g0xx_hal.o
 .debug_aranges
                0x00000000000002d8       0xd8 Drivers/STM32G0xx_HAL_Driver/Src/stm32g0xx_hal_cortex.o
 .debug_aranges
                0x00000000000003b0       0x90 Drivers/STM32G0xx_HAL_Driver/Src/stm32g0xx_hal_dma.o
 .debug_aranges
                0x0000000000000440       0x60 Drivers/STM32G0xx_HAL_Driver/Src/stm32g0xx_hal_gpio.o
 .debug_aranges
                0x00000000000004a0       0x98 Drivers/STM32G0xx_HAL_Driver/Src/stm32g0xx_hal_pwr_ex.o
 .debug_aranges
                0x0000000000000538       0x98 Drivers/STM32G0xx_HAL_Driver/Src/stm32g0xx_hal_rcc.o
 .debug_aranges
                0x00000000000005d0       0x40 Drivers/STM32G0xx_HAL_Driver/Src/stm32g0xx_hal_rcc_ex.o
 .debug_aranges
                0x0000000000000610      0x218 Drivers/STM32G0xx_HAL_Driver/Src/stm32g0xx_hal_uart.o
 .debug_aranges
                0x0000000000000828       0x88 Drivers/STM32G0xx_HAL_Driver/Src/stm32g0xx_hal_uart_ex.o
 .debug_aranges
                0x00000000000008b0      0x1d8 Middlewares/Third_Party/FreeRTOS/Source/CMSIS_RTOS/cmsis_os.o
 .debug_aranges
                0x0000000000000a88       0x40 Middlewares/Third_Party/FreeRTOS/Source/list.o
 .debug_aranges
                0x0000000000000ac8      0x108 Middlewares/Third_Party/FreeRTOS/Source/queue.o
 .debug_aranges
                0x0000000000000bd0      0x1a0 Middlewares/Third_Party/FreeRTOS/Source/tasks.o
 .debug_aranges
                0x0000000000000d70       0x88 Middlewares/Third_Party/FreeRTOS/Source/portable/GCC/ARM_CM0/port.o
 .debug_aranges
                0x0000000000000df8       0x50 Middlewares/Third_Party/FreeRTOS/Source/portable/MemMang/heap_4.o

.debug_ranges   0x0000000000000000      0xcd0
 .debug_ranges  0x0000000000000000       0x38 Core/Src/main.o
 .debug_ranges  0x0000000000000038       0x20 Core/Src/stm32g0xx_hal_msp.o
 .debug_ranges  0x0000000000000058       0x28 Core/Src/stm32g0xx_it.o
 .debug_ranges  0x0000000000000080       0x18 Core/Src/system_stm32g0xx.o
 .debug_ranges  0x0000000000000098       0x10 Core/Src/application/application.o
 .debug_ranges  0x00000000000000a8       0x18 Core/Src/button/button.o
 .debug_ranges  0x00000000000000c0       0x40 Core/Src/debugConsole/debugConsole.o
 .debug_ranges  0x0000000000000100       0x38 Core/Src/led/led.o
 .debug_ranges  0x0000000000000138       0x20 Core/Startup/startup_stm32g070rbtx.o
 .debug_ranges  0x0000000000000158       0xe8 Drivers/STM32G0xx_HAL_Driver/Src/stm32g0xx_hal.o
 .debug_ranges  0x0000000000000240       0xc8 Drivers/STM32G0xx_HAL_Driver/Src/stm32g0xx_hal_cortex.o
 .debug_ranges  0x0000000000000308       0x80 Drivers/STM32G0xx_HAL_Driver/Src/stm32g0xx_hal_dma.o
 .debug_ranges  0x0000000000000388       0x50 Drivers/STM32G0xx_HAL_Driver/Src/stm32g0xx_hal_gpio.o
 .debug_ranges  0x00000000000003d8       0x88 Drivers/STM32G0xx_HAL_Driver/Src/stm32g0xx_hal_pwr_ex.o
 .debug_ranges  0x0000000000000460       0x88 Drivers/STM32G0xx_HAL_Driver/Src/stm32g0xx_hal_rcc.o
 .debug_ranges  0x00000000000004e8       0x30 Drivers/STM32G0xx_HAL_Driver/Src/stm32g0xx_hal_rcc_ex.o
 .debug_ranges  0x0000000000000518      0x208 Drivers/STM32G0xx_HAL_Driver/Src/stm32g0xx_hal_uart.o
 .debug_ranges  0x0000000000000720       0x78 Drivers/STM32G0xx_HAL_Driver/Src/stm32g0xx_hal_uart_ex.o
 .debug_ranges  0x0000000000000798      0x1c8 Middlewares/Third_Party/FreeRTOS/Source/CMSIS_RTOS/cmsis_os.o
 .debug_ranges  0x0000000000000960       0x30 Middlewares/Third_Party/FreeRTOS/Source/list.o
 .debug_ranges  0x0000000000000990       0xf8 Middlewares/Third_Party/FreeRTOS/Source/queue.o
 .debug_ranges  0x0000000000000a88      0x190 Middlewares/Third_Party/FreeRTOS/Source/tasks.o
 .debug_ranges  0x0000000000000c18       0x78 Middlewares/Third_Party/FreeRTOS/Source/portable/GCC/ARM_CM0/port.o
 .debug_ranges  0x0000000000000c90       0x40 Middlewares/Third_Party/FreeRTOS/Source/portable/MemMang/heap_4.o

.debug_macro    0x0000000000000000     0x37f1
 .debug_macro   0x0000000000000000      0x2a5 Core/Src/main.o
 .debug_macro   0x00000000000002a5       0x91 Core/Src/main.o
 .debug_macro   0x0000000000000336       0x86 Core/Src/main.o
 .debug_macro   0x00000000000003bc       0x69 Core/Src/main.o
 .debug_macro   0x0000000000000425       0x19 Core/Src/main.o
 .debug_macro   0x000000000000043e       0xcf Core/Src/main.o
 .debug_macro   0x000000000000050d       0x22 Core/Src/main.o
 .debug_macro   0x000000000000052f       0x28 Core/Src/main.o
 .debug_macro   0x0000000000000557      0x1c0 Core/Src/stm32g0xx_hal_msp.o
 .debug_macro   0x0000000000000717      0x232 Core/Src/stm32g0xx_it.o
 .debug_macro   0x0000000000000949      0x1b3 Core/Src/system_stm32g0xx.o
 .debug_macro   0x0000000000000afc      0x2b4 Core/Src/application/application.o
 .debug_macro   0x0000000000000db0      0x4b7 Core/Src/application/application.o
 .debug_macro   0x0000000000001267       0x22 Core/Src/application/application.o
 .debug_macro   0x0000000000001289       0x10 Core/Src/application/application.o
 .debug_macro   0x0000000000001299       0x16 Core/Src/application/application.o
 .debug_macro   0x00000000000012af       0x1c Core/Src/application/application.o
 .debug_macro   0x00000000000012cb      0x258 Core/Src/button/button.o
 .debug_macro   0x0000000000001523       0x1c Core/Src/button/button.o
 .debug_macro   0x000000000000153f      0x376 Core/Src/debugConsole/debugConsole.o
 .debug_macro   0x00000000000018b5       0x10 Core/Src/debugConsole/debugConsole.o
 .debug_macro   0x00000000000018c5       0x20 Core/Src/debugConsole/debugConsole.o
 .debug_macro   0x00000000000018e5       0xaf Core/Src/debugConsole/debugConsole.o
 .debug_macro   0x0000000000001994       0x54 Core/Src/debugConsole/debugConsole.o
 .debug_macro   0x00000000000019e8       0x16 Core/Src/debugConsole/debugConsole.o
 .debug_macro   0x00000000000019fe      0x261 Core/Src/led/led.o
 .debug_macro   0x0000000000001c5f      0x1cb Drivers/STM32G0xx_HAL_Driver/Src/stm32g0xx_hal.o
 .debug_macro   0x0000000000001e2a      0x1ad Drivers/STM32G0xx_HAL_Driver/Src/stm32g0xx_hal_cortex.o
 .debug_macro   0x0000000000001fd7      0x1ad Drivers/STM32G0xx_HAL_Driver/Src/stm32g0xx_hal_dma.o
 .debug_macro   0x0000000000002184      0x1e5 Drivers/STM32G0xx_HAL_Driver/Src/stm32g0xx_hal_gpio.o
 .debug_macro   0x0000000000002369      0x1bf Drivers/STM32G0xx_HAL_Driver/Src/stm32g0xx_hal_pwr_ex.o
 .debug_macro   0x0000000000002528      0x1e9 Drivers/STM32G0xx_HAL_Driver/Src/stm32g0xx_hal_rcc.o
 .debug_macro   0x0000000000002711      0x1c5 Drivers/STM32G0xx_HAL_Driver/Src/stm32g0xx_hal_rcc_ex.o
 .debug_macro   0x00000000000028d6      0x1d8 Drivers/STM32G0xx_HAL_Driver/Src/stm32g0xx_hal_uart.o
 .debug_macro   0x0000000000002aae      0x1b9 Drivers/STM32G0xx_HAL_Driver/Src/stm32g0xx_hal_uart_ex.o
 .debug_macro   0x0000000000002c67      0x1f1 Middlewares/Third_Party/FreeRTOS/Source/CMSIS_RTOS/cmsis_os.o
 .debug_macro   0x0000000000002e58       0x9d Middlewares/Third_Party/FreeRTOS/Source/CMSIS_RTOS/cmsis_os.o
 .debug_macro   0x0000000000002ef5      0x17a Middlewares/Third_Party/FreeRTOS/Source/list.o
 .debug_macro   0x000000000000306f      0x205 Middlewares/Third_Party/FreeRTOS/Source/queue.o
 .debug_macro   0x0000000000003274       0x16 Middlewares/Third_Party/FreeRTOS/Source/queue.o
 .debug_macro   0x000000000000328a      0x27a Middlewares/Third_Party/FreeRTOS/Source/tasks.o
 .debug_macro   0x0000000000003504       0x10 Middlewares/Third_Party/FreeRTOS/Source/tasks.o
 .debug_macro   0x0000000000003514      0x13c Middlewares/Third_Party/FreeRTOS/Source/portable/GCC/ARM_CM0/port.o
 .debug_macro   0x0000000000003650      0x1a1 Middlewares/Third_Party/FreeRTOS/Source/portable/MemMang/heap_4.o

.debug_line     0x0000000000000000     0xdfea
 .debug_line    0x0000000000000000      0x931 Core/Src/main.o
 .debug_line    0x0000000000000931      0x710 Core/Src/stm32g0xx_hal_msp.o
 .debug_line    0x0000000000001041      0x825 Core/Src/stm32g0xx_it.o
 .debug_line    0x0000000000001866      0x6e0 Core/Src/system_stm32g0xx.o
 .debug_line    0x0000000000001f46      0x90d Core/Src/application/application.o
 .debug_line    0x0000000000002853      0x86b Core/Src/button/button.o
 .debug_line    0x00000000000030be      0xace Core/Src/debugConsole/debugConsole.o
 .debug_line    0x0000000000003b8c      0x8ca Core/Src/led/led.o
 .debug_line    0x0000000000004456       0x89 Core/Startup/startup_stm32g070rbtx.o
 .debug_line    0x00000000000044df      0x8db Drivers/STM32G0xx_HAL_Driver/Src/stm32g0xx_hal.o
 .debug_line    0x0000000000004dba      0x90b Drivers/STM32G0xx_HAL_Driver/Src/stm32g0xx_hal_cortex.o
 .debug_line    0x00000000000056c5      0x939 Drivers/STM32G0xx_HAL_Driver/Src/stm32g0xx_hal_dma.o
 .debug_line    0x0000000000005ffe      0x853 Drivers/STM32G0xx_HAL_Driver/Src/stm32g0xx_hal_gpio.o
 .debug_line    0x0000000000006851      0x83c Drivers/STM32G0xx_HAL_Driver/Src/stm32g0xx_hal_pwr_ex.o
 .debug_line    0x000000000000708d      0x9b1 Drivers/STM32G0xx_HAL_Driver/Src/stm32g0xx_hal_rcc.o
 .debug_line    0x0000000000007a3e      0x871 Drivers/STM32G0xx_HAL_Driver/Src/stm32g0xx_hal_rcc_ex.o
 .debug_line    0x00000000000082af     0x1680 Drivers/STM32G0xx_HAL_Driver/Src/stm32g0xx_hal_uart.o
 .debug_line    0x000000000000992f      0x933 Drivers/STM32G0xx_HAL_Driver/Src/stm32g0xx_hal_uart_ex.o
 .debug_line    0x000000000000a262      0xcb6 Middlewares/Third_Party/FreeRTOS/Source/CMSIS_RTOS/cmsis_os.o
 .debug_line    0x000000000000af18      0x693 Middlewares/Third_Party/FreeRTOS/Source/list.o
 .debug_line    0x000000000000b5ab      0xd31 Middlewares/Third_Party/FreeRTOS/Source/queue.o
 .debug_line    0x000000000000c2dc      0xfd7 Middlewares/Third_Party/FreeRTOS/Source/tasks.o
 .debug_line    0x000000000000d2b3      0x5e7 Middlewares/Third_Party/FreeRTOS/Source/portable/GCC/ARM_CM0/port.o
 .debug_line    0x000000000000d89a      0x750 Middlewares/Third_Party/FreeRTOS/Source/portable/MemMang/heap_4.o

.debug_str      0x0000000000000000    0x8613a
 .debug_str     0x0000000000000000    0x7e2b4 Core/Src/main.o
                                      0x7e8e1 (size before relaxing)
 .debug_str     0x000000000007e2b4      0x1fb Core/Src/stm32g0xx_hal_msp.o
                                      0x7939b (size before relaxing)
 .debug_str     0x000000000007e4af       0x6d Core/Src/stm32g0xx_it.o
                                      0x7c776 (size before relaxing)
 .debug_str     0x000000000007e51c       0x9c Core/Src/system_stm32g0xx.o
                                      0x784ba (size before relaxing)
 .debug_str     0x000000000007e5b8      0x2ef Core/Src/application/application.o
                                      0x7dad0 (size before relaxing)
 .debug_str     0x000000000007e8a7      0x127 Core/Src/button/button.o
                                      0x7c4da (size before relaxing)
 .debug_str     0x000000000007e9ce     0x30ca Core/Src/debugConsole/debugConsole.o
                                      0x80d66 (size before relaxing)
 .debug_str     0x0000000000081a98       0x98 Core/Src/led/led.o
                                      0x7c500 (size before relaxing)
 .debug_str     0x0000000000081b30       0x36 Core/Startup/startup_stm32g070rbtx.o
                                         0x7e (size before relaxing)
 .debug_str     0x0000000000081b66      0x3ee Drivers/STM32G0xx_HAL_Driver/Src/stm32g0xx_hal.o
                                      0x78a7b (size before relaxing)
 .debug_str     0x0000000000081f54      0x291 Drivers/STM32G0xx_HAL_Driver/Src/stm32g0xx_hal_cortex.o
                                      0x7890b (size before relaxing)
 .debug_str     0x00000000000821e5      0x2bf Drivers/STM32G0xx_HAL_Driver/Src/stm32g0xx_hal_dma.o
                                      0x78903 (size before relaxing)
 .debug_str     0x00000000000824a4      0x228 Drivers/STM32G0xx_HAL_Driver/Src/stm32g0xx_hal_gpio.o
                                      0x7869c (size before relaxing)
 .debug_str     0x00000000000826cc      0x241 Drivers/STM32G0xx_HAL_Driver/Src/stm32g0xx_hal_pwr_ex.o
                                      0x786f0 (size before relaxing)
 .debug_str     0x000000000008290d      0x360 Drivers/STM32G0xx_HAL_Driver/Src/stm32g0xx_hal_rcc.o
                                      0x78a3e (size before relaxing)
 .debug_str     0x0000000000082c6d      0x16c Drivers/STM32G0xx_HAL_Driver/Src/stm32g0xx_hal_rcc_ex.o
                                      0x78783 (size before relaxing)
 .debug_str     0x0000000000082dd9      0x896 Drivers/STM32G0xx_HAL_Driver/Src/stm32g0xx_hal_uart.o
                                      0x79221 (size before relaxing)
 .debug_str     0x000000000008366f      0x296 Drivers/STM32G0xx_HAL_Driver/Src/stm32g0xx_hal_uart_ex.o
                                      0x78b3c (size before relaxing)
 .debug_str     0x0000000000083905      0x711 Middlewares/Third_Party/FreeRTOS/Source/CMSIS_RTOS/cmsis_os.o
                                       0xcef3 (size before relaxing)
 .debug_str     0x0000000000084016      0x148 Middlewares/Third_Party/FreeRTOS/Source/list.o
                                       0xa0f1 (size before relaxing)
 .debug_str     0x000000000008415e      0x7b0 Middlewares/Third_Party/FreeRTOS/Source/queue.o
                                       0xb5ae (size before relaxing)
 .debug_str     0x000000000008490e     0x1136 Middlewares/Third_Party/FreeRTOS/Source/tasks.o
                                       0xc0ee (size before relaxing)
 .debug_str     0x0000000000085a44      0x49c Middlewares/Third_Party/FreeRTOS/Source/portable/GCC/ARM_CM0/port.o
                                       0x7a23 (size before relaxing)
 .debug_str     0x0000000000085ee0      0x25a Middlewares/Third_Party/FreeRTOS/Source/portable/MemMang/heap_4.o
                                       0xa7f5 (size before relaxing)

.comment        0x0000000000000000       0x7b
 .comment       0x0000000000000000       0x7b Core/Src/main.o
                                         0x7c (size before relaxing)
 .comment       0x000000000000007b       0x7c Core/Src/stm32g0xx_hal_msp.o
 .comment       0x000000000000007b       0x7c Core/Src/stm32g0xx_it.o
 .comment       0x000000000000007b       0x7c Core/Src/system_stm32g0xx.o
 .comment       0x000000000000007b       0x7c Core/Src/application/application.o
 .comment       0x000000000000007b       0x7c Core/Src/button/button.o
 .comment       0x000000000000007b       0x7c Core/Src/debugConsole/debugConsole.o
 .comment       0x000000000000007b       0x7c Core/Src/led/led.o
 .comment       0x000000000000007b       0x7c Drivers/STM32G0xx_HAL_Driver/Src/stm32g0xx_hal.o
 .comment       0x000000000000007b       0x7c Drivers/STM32G0xx_HAL_Driver/Src/stm32g0xx_hal_cortex.o
 .comment       0x000000000000007b       0x7c Drivers/STM32G0xx_HAL_Driver/Src/stm32g0xx_hal_dma.o
 .comment       0x000000000000007b       0x7c Drivers/STM32G0xx_HAL_Driver/Src/stm32g0xx_hal_gpio.o
 .comment       0x000000000000007b       0x7c Drivers/STM32G0xx_HAL_Driver/Src/stm32g0xx_hal_pwr_ex.o
 .comment       0x000000000000007b       0x7c Drivers/STM32G0xx_HAL_Driver/Src/stm32g0xx_hal_rcc.o
 .comment       0x000000000000007b       0x7c Drivers/STM32G0xx_HAL_Driver/Src/stm32g0xx_hal_rcc_ex.o
 .comment       0x000000000000007b       0x7c Drivers/STM32G0xx_HAL_Driver/Src/stm32g0xx_hal_uart.o
 .comment       0x000000000000007b       0x7c Drivers/STM32G0xx_HAL_Driver/Src/stm32g0xx_hal_uart_ex.o
 .comment       0x000000000000007b       0x7c Middlewares/Third_Party/FreeRTOS/Source/CMSIS_RTOS/cmsis_os.o
 .comment       0x000000000000007b       0x7c Middlewares/Third_Party/FreeRTOS/Source/list.o
 .comment       0x000000000000007b       0x7c Middlewares/Third_Party/FreeRTOS/Source/queue.o
 .comment       0x000000000000007b       0x7c Middlewares/Third_Party/FreeRTOS/Source/tasks.o
 .comment       0x000000000000007b       0x7c Middlewares/Third_Party/FreeRTOS/Source/portable/GCC/ARM_CM0/port.o
 .comment       0x000000000000007b       0x7c Middlewares/Third_Party/FreeRTOS/Source/portable/MemMang/heap_4.o

.debug_frame    0x0000000000000000     0x30c0
 .debug_frame   0x0000000000000000       0xc8 Core/Src/main.o
 .debug_frame   0x00000000000000c8       0x70 Core/Src/stm32g0xx_hal_msp.o
 .debug_frame   0x0000000000000138       0x80 Core/Src/stm32g0xx_it.o
 .debug_frame   0x00000000000001b8       0x4c Core/Src/system_stm32g0xx.o
 .debug_frame   0x0000000000000204       0x34 Core/Src/application/application.o
 .debug_frame   0x0000000000000238       0x50 Core/Src/button/button.o
 .debug_frame   0x0000000000000288       0xf4 Core/Src/debugConsole/debugConsole.o
 .debug_frame   0x000000000000037c       0xd0 Core/Src/led/led.o
 .debug_frame   0x000000000000044c      0x340 Drivers/STM32G0xx_HAL_Driver/Src/stm32g0xx_hal.o
 .debug_frame   0x000000000000078c      0x2fc Drivers/STM32G0xx_HAL_Driver/Src/stm32g0xx_hal_cortex.o
 .debug_frame   0x0000000000000a88      0x1f0 Drivers/STM32G0xx_HAL_Driver/Src/stm32g0xx_hal_dma.o
 .debug_frame   0x0000000000000c78      0x130 Drivers/STM32G0xx_HAL_Driver/Src/stm32g0xx_hal_gpio.o
 .debug_frame   0x0000000000000da8      0x1f4 Drivers/STM32G0xx_HAL_Driver/Src/stm32g0xx_hal_pwr_ex.o
 .debug_frame   0x0000000000000f9c      0x1f4 Drivers/STM32G0xx_HAL_Driver/Src/stm32g0xx_hal_rcc.o
 .debug_frame   0x0000000000001190       0xb0 Drivers/STM32G0xx_HAL_Driver/Src/stm32g0xx_hal_rcc_ex.o
 .debug_frame   0x0000000000001240      0x810 Drivers/STM32G0xx_HAL_Driver/Src/stm32g0xx_hal_uart.o
 .debug_frame   0x0000000000001a50      0x1d4 Drivers/STM32G0xx_HAL_Driver/Src/stm32g0xx_hal_uart_ex.o
 .debug_frame   0x0000000000001c24      0x6f4 Middlewares/Third_Party/FreeRTOS/Source/CMSIS_RTOS/cmsis_os.o
 .debug_frame   0x0000000000002318       0xb0 Middlewares/Third_Party/FreeRTOS/Source/list.o
 .debug_frame   0x00000000000023c8      0x3d0 Middlewares/Third_Party/FreeRTOS/Source/queue.o
 .debug_frame   0x0000000000002798      0x61c Middlewares/Third_Party/FreeRTOS/Source/tasks.o
 .debug_frame   0x0000000000002db4      0x174 Middlewares/Third_Party/FreeRTOS/Source/portable/GCC/ARM_CM0/port.o
 .debug_frame   0x0000000000002f28       0xe4 Middlewares/Third_Party/FreeRTOS/Source/portable/MemMang/heap_4.o
 .debug_frame   0x000000000000300c       0x2c e:/mysoftware/stm32cubeide_1.0.0/stm32cubeide/plugins/com.st.stm32cube.ide.mcu.externaltools.gnu-tools-for-stm32.7-2018-q2-update.win32_1.0.0.201904181610/tools/bin/../lib/gcc/arm-none-eabi/7.3.1/../../../../arm-none-eabi/lib/thumb/v6-m\libc_nano.a(lib_a-init.o)
 .debug_frame   0x0000000000003038       0x28 e:/mysoftware/stm32cubeide_1.0.0/stm32cubeide/plugins/com.st.stm32cube.ide.mcu.externaltools.gnu-tools-for-stm32.7-2018-q2-update.win32_1.0.0.201904181610/tools/bin/../lib/gcc/arm-none-eabi/7.3.1/../../../../arm-none-eabi/lib/thumb/v6-m\libc_nano.a(lib_a-memcpy-stub.o)
 .debug_frame   0x0000000000003060       0x20 e:/mysoftware/stm32cubeide_1.0.0/stm32cubeide/plugins/com.st.stm32cube.ide.mcu.externaltools.gnu-tools-for-stm32.7-2018-q2-update.win32_1.0.0.201904181610/tools/bin/../lib/gcc/arm-none-eabi/7.3.1/../../../../arm-none-eabi/lib/thumb/v6-m\libc_nano.a(lib_a-memset.o)
 .debug_frame   0x0000000000003080       0x20 e:/mysoftware/stm32cubeide_1.0.0/stm32cubeide/plugins/com.st.stm32cube.ide.mcu.externaltools.gnu-tools-for-stm32.7-2018-q2-update.win32_1.0.0.201904181610/tools/bin/../lib/gcc/arm-none-eabi/7.3.1/thumb/v6-m\libgcc.a(_udivsi3.o)
 .debug_frame   0x00000000000030a0       0x20 e:/mysoftware/stm32cubeide_1.0.0/stm32cubeide/plugins/com.st.stm32cube.ide.mcu.externaltools.gnu-tools-for-stm32.7-2018-q2-update.win32_1.0.0.201904181610/tools/bin/../lib/gcc/arm-none-eabi/7.3.1/thumb/v6-m\libgcc.a(_divsi3.o)
