Archive member included to satisfy reference by file (symbol)

e:/mysoftware/stm32cubeide_1.0.0/stm32cubeide/plugins/com.st.stm32cube.ide.mcu.externaltools.gnu-tools-for-stm32.7-2018-q2-update.win32_1.0.0.201904181610/tools/bin/../lib/gcc/arm-none-eabi/7.3.1/../../../../arm-none-eabi/lib/thumb/v6-m\libc_nano.a(lib_a-errno.o)
                              Core/Src/syscalls.o (__errno)
e:/mysoftware/stm32cubeide_1.0.0/stm32cubeide/plugins/com.st.stm32cube.ide.mcu.externaltools.gnu-tools-for-stm32.7-2018-q2-update.win32_1.0.0.201904181610/tools/bin/../lib/gcc/arm-none-eabi/7.3.1/../../../../arm-none-eabi/lib/thumb/v6-m\libc_nano.a(lib_a-exit.o)
                              e:/mysoftware/stm32cubeide_1.0.0/stm32cubeide/plugins/com.st.stm32cube.ide.mcu.externaltools.gnu-tools-for-stm32.7-2018-q2-update.win32_1.0.0.201904181610/tools/bin/../lib/gcc/arm-none-eabi/7.3.1/../../../../arm-none-eabi/lib/thumb/v6-m/crt0.o (exit)
e:/mysoftware/stm32cubeide_1.0.0/stm32cubeide/plugins/com.st.stm32cube.ide.mcu.externaltools.gnu-tools-for-stm32.7-2018-q2-update.win32_1.0.0.201904181610/tools/bin/../lib/gcc/arm-none-eabi/7.3.1/../../../../arm-none-eabi/lib/thumb/v6-m\libc_nano.a(lib_a-impure.o)
                              e:/mysoftware/stm32cubeide_1.0.0/stm32cubeide/plugins/com.st.stm32cube.ide.mcu.externaltools.gnu-tools-for-stm32.7-2018-q2-update.win32_1.0.0.201904181610/tools/bin/../lib/gcc/arm-none-eabi/7.3.1/../../../../arm-none-eabi/lib/thumb/v6-m\libc_nano.a(lib_a-exit.o) (_global_impure_ptr)
e:/mysoftware/stm32cubeide_1.0.0/stm32cubeide/plugins/com.st.stm32cube.ide.mcu.externaltools.gnu-tools-for-stm32.7-2018-q2-update.win32_1.0.0.201904181610/tools/bin/../lib/gcc/arm-none-eabi/7.3.1/../../../../arm-none-eabi/lib/thumb/v6-m\libc_nano.a(lib_a-init.o)
                              e:/mysoftware/stm32cubeide_1.0.0/stm32cubeide/plugins/com.st.stm32cube.ide.mcu.externaltools.gnu-tools-for-stm32.7-2018-q2-update.win32_1.0.0.201904181610/tools/bin/../lib/gcc/arm-none-eabi/7.3.1/../../../../arm-none-eabi/lib/thumb/v6-m/crt0.o (__libc_init_array)
e:/mysoftware/stm32cubeide_1.0.0/stm32cubeide/plugins/com.st.stm32cube.ide.mcu.externaltools.gnu-tools-for-stm32.7-2018-q2-update.win32_1.0.0.201904181610/tools/bin/../lib/gcc/arm-none-eabi/7.3.1/../../../../arm-none-eabi/lib/thumb/v6-m\libc_nano.a(lib_a-memcpy-stub.o)
                              Middlewares/Third_Party/FreeRTOS/Source/queue.o (memcpy)
e:/mysoftware/stm32cubeide_1.0.0/stm32cubeide/plugins/com.st.stm32cube.ide.mcu.externaltools.gnu-tools-for-stm32.7-2018-q2-update.win32_1.0.0.201904181610/tools/bin/../lib/gcc/arm-none-eabi/7.3.1/../../../../arm-none-eabi/lib/thumb/v6-m\libc_nano.a(lib_a-memset.o)
                              e:/mysoftware/stm32cubeide_1.0.0/stm32cubeide/plugins/com.st.stm32cube.ide.mcu.externaltools.gnu-tools-for-stm32.7-2018-q2-update.win32_1.0.0.201904181610/tools/bin/../lib/gcc/arm-none-eabi/7.3.1/../../../../arm-none-eabi/lib/thumb/v6-m/crt0.o (memset)
e:/mysoftware/stm32cubeide_1.0.0/stm32cubeide/plugins/com.st.stm32cube.ide.mcu.externaltools.gnu-tools-for-stm32.7-2018-q2-update.win32_1.0.0.201904181610/tools/bin/../lib/gcc/arm-none-eabi/7.3.1/../../../../arm-none-eabi/lib/thumb/v6-m\libc_nano.a(lib_a-strlen.o)
                              Core/Src/debugConsole/debugConsole.o (strlen)
e:/mysoftware/stm32cubeide_1.0.0/stm32cubeide/plugins/com.st.stm32cube.ide.mcu.externaltools.gnu-tools-for-stm32.7-2018-q2-update.win32_1.0.0.201904181610/tools/bin/../lib/gcc/arm-none-eabi/7.3.1/thumb/v6-m\libgcc.a(_udivsi3.o)
                              Core/Src/system_stm32g0xx.o (__aeabi_uidiv)
e:/mysoftware/stm32cubeide_1.0.0/stm32cubeide/plugins/com.st.stm32cube.ide.mcu.externaltools.gnu-tools-for-stm32.7-2018-q2-update.win32_1.0.0.201904181610/tools/bin/../lib/gcc/arm-none-eabi/7.3.1/thumb/v6-m\libgcc.a(_divsi3.o)
                              Drivers/STM32G0xx_HAL_Driver/Src/stm32g0xx_hal_uart_ex.o (__aeabi_idiv)
e:/mysoftware/stm32cubeide_1.0.0/stm32cubeide/plugins/com.st.stm32cube.ide.mcu.externaltools.gnu-tools-for-stm32.7-2018-q2-update.win32_1.0.0.201904181610/tools/bin/../lib/gcc/arm-none-eabi/7.3.1/thumb/v6-m\libgcc.a(_dvmd_tls.o)
                              e:/mysoftware/stm32cubeide_1.0.0/stm32cubeide/plugins/com.st.stm32cube.ide.mcu.externaltools.gnu-tools-for-stm32.7-2018-q2-update.win32_1.0.0.201904181610/tools/bin/../lib/gcc/arm-none-eabi/7.3.1/thumb/v6-m\libgcc.a(_udivsi3.o) (__aeabi_idiv0)

Allocating common symbols
Common symbol       size              file

defaultTaskHandle   0x4               Core/Src/main.o
mcp23S17SpiBus      0x64              Core/Src/button/mcp23S17.o
uwTick              0x4               Drivers/STM32G0xx_HAL_Driver/Src/stm32g0xx_hal.o
ledHandle           0x4               Core/Src/application/application.o
xQueueRegistry      0x40              Middlewares/Third_Party/FreeRTOS/Source/queue.o
gDebugConsoleQ      0x4               Core/Src/debugConsole/debugConsole.o
[...]
Memory Configuration

Name             Origin             Length             Attributes
RAM              0x0000000020000000 0x0000000000009000 xrw
FLASH            0x0000000008000000 0x0000000000020000 xr
*default*        0x0000000000000000 0xffffffffffffffff

Linker script and memory map

LOAD e:/mysoftware/stm32cubeide_1.0.0/stm32cubeide/plugins/com.st.stm32cube.ide.mcu.externaltools.gnu-tools-for-stm32.7-2018-q2-update.win32_1.0.0.201904181610/tools/bin/../lib/gcc/arm-none-eabi/7.3.1/thumb/v6-m/crti.o
LOAD e:/mysoftware/stm32cubeide_1.0.0/stm32cubeide/plugins/com.st.stm32cube.ide.mcu.externaltools.gnu-tools-for-stm32.7-2018-q2-update.win32_1.0.0.201904181610/tools/bin/../lib/gcc/arm-none-eabi/7.3.1/thumb/v6-m/crtbegin.o
LOAD e:/mysoftware/stm32cubeide_1.0.0/stm32cubeide/plugins/com.st.stm32cube.ide.mcu.externaltools.gnu-tools-for-stm32.7-2018-q2-update.win32_1.0.0.201904181610/tools/bin/../lib/gcc/arm-none-eabi/7.3.1/../../../../arm-none-eabi/lib/thumb/v6-m/crt0.o
LOAD Core/Src/app_freertos.o
LOAD Core/Src/main.o
LOAD Core/Src/stm32g0xx_hal_msp.o
LOAD Core/Src/stm32g0xx_it.o
LOAD Core/Src/syscalls.o
LOAD Core/Src/sysmem.o
LOAD Core/Src/system_stm32g0xx.o
LOAD Core/Src/application/application.o
LOAD Core/Src/button/button.o
LOAD Core/Src/button/mcp23S17.o
LOAD Core/Src/debugConsole/debugConsole.o
LOAD Core/Src/led/led.o
LOAD Core/Startup/startup_stm32g070rbtx.o
LOAD Drivers/STM32G0xx_HAL_Driver/Src/stm32g0xx_hal.o
LOAD Drivers/STM32G0xx_HAL_Driver/Src/stm32g0xx_hal_cortex.o
LOAD Drivers/STM32G0xx_HAL_Driver/Src/stm32g0xx_hal_dma.o
LOAD Drivers/STM32G0xx_HAL_Driver/Src/stm32g0xx_hal_dma_ex.o
LOAD Drivers/STM32G0xx_HAL_Driver/Src/stm32g0xx_hal_exti.o
LOAD Drivers/STM32G0xx_HAL_Driver/Src/stm32g0xx_hal_flash.o
LOAD Drivers/STM32G0xx_HAL_Driver/Src/stm32g0xx_hal_flash_ex.o
LOAD Drivers/STM32G0xx_HAL_Driver/Src/stm32g0xx_hal_gpio.o
LOAD Drivers/STM32G0xx_HAL_Driver/Src/stm32g0xx_hal_pwr.o
LOAD Drivers/STM32G0xx_HAL_Driver/Src/stm32g0xx_hal_pwr_ex.o
LOAD Drivers/STM32G0xx_HAL_Driver/Src/stm32g0xx_hal_rcc.o
LOAD Drivers/STM32G0xx_HAL_Driver/Src/stm32g0xx_hal_rcc_ex.o
LOAD Drivers/STM32G0xx_HAL_Driver/Src/stm32g0xx_hal_spi.o
LOAD Drivers/STM32G0xx_HAL_Driver/Src/stm32g0xx_hal_spi_ex.o
LOAD Drivers/STM32G0xx_HAL_Driver/Src/stm32g0xx_hal_tim.o
LOAD Drivers/STM32G0xx_HAL_Driver/Src/stm32g0xx_hal_tim_ex.o
LOAD Drivers/STM32G0xx_HAL_Driver/Src/stm32g0xx_hal_uart.o
LOAD Drivers/STM32G0xx_HAL_Driver/Src/stm32g0xx_hal_uart_ex.o
LOAD Drivers/STM32G0xx_HAL_Driver/Src/stm32g0xx_ll_rcc.o
LOAD Middlewares/Third_Party/FreeRTOS/Source/CMSIS_RTOS/cmsis_os.o
LOAD Middlewares/Third_Party/FreeRTOS/Source/croutine.o
LOAD Middlewares/Third_Party/FreeRTOS/Source/event_groups.o
LOAD Middlewares/Third_Party/FreeRTOS/Source/list.o
LOAD Middlewares/Third_Party/FreeRTOS/Source/queue.o
LOAD Middlewares/Third_Party/FreeRTOS/Source/stream_buffer.o
LOAD Middlewares/Third_Party/FreeRTOS/Source/tasks.o
LOAD Middlewares/Third_Party/FreeRTOS/Source/timers.o
LOAD Middlewares/Third_Party/FreeRTOS/Source/portable/GCC/ARM_CM0/port.o
LOAD Middlewares/Third_Party/FreeRTOS/Source/portable/MemMang/heap_4.o
START GROUP
LOAD e:/mysoftware/stm32cubeide_1.0.0/stm32cubeide/plugins/com.st.stm32cube.ide.mcu.externaltools.gnu-tools-for-stm32.7-2018-q2-update.win32_1.0.0.201904181610/tools/bin/../lib/gcc/arm-none-eabi/7.3.1/../../../../arm-none-eabi/lib/thumb/v6-m\libc_nano.a
LOAD e:/mysoftware/stm32cubeide_1.0.0/stm32cubeide/plugins/com.st.stm32cube.ide.mcu.externaltools.gnu-tools-for-stm32.7-2018-q2-update.win32_1.0.0.201904181610/tools/bin/../lib/gcc/arm-none-eabi/7.3.1/../../../../arm-none-eabi/lib/thumb/v6-m\libm.a
END GROUP
START GROUP
LOAD e:/mysoftware/stm32cubeide_1.0.0/stm32cubeide/plugins/com.st.stm32cube.ide.mcu.externaltools.gnu-tools-for-stm32.7-2018-q2-update.win32_1.0.0.201904181610/tools/bin/../lib/gcc/arm-none-eabi/7.3.1/thumb/v6-m\libgcc.a
LOAD e:/mysoftware/stm32cubeide_1.0.0/stm32cubeide/plugins/com.st.stm32cube.ide.mcu.externaltools.gnu-tools-for-stm32.7-2018-q2-update.win32_1.0.0.201904181610/tools/bin/../lib/gcc/arm-none-eabi/7.3.1/../../../../arm-none-eabi/lib/thumb/v6-m\libc_nano.a
END GROUP
START GROUP
LOAD e:/mysoftware/stm32cubeide_1.0.0/stm32cubeide/plugins/com.st.stm32cube.ide.mcu.externaltools.gnu-tools-for-stm32.7-2018-q2-update.win32_1.0.0.201904181610/tools/bin/../lib/gcc/arm-none-eabi/7.3.1/thumb/v6-m\libgcc.a
LOAD e:/mysoftware/stm32cubeide_1.0.0/stm32cubeide/plugins/com.st.stm32cube.ide.mcu.externaltools.gnu-tools-for-stm32.7-2018-q2-update.win32_1.0.0.201904181610/tools/bin/../lib/gcc/arm-none-eabi/7.3.1/../../../../arm-none-eabi/lib/thumb/v6-m\libc_nano.a
LOAD e:/mysoftware/stm32cubeide_1.0.0/stm32cubeide/plugins/com.st.stm32cube.ide.mcu.externaltools.gnu-tools-for-stm32.7-2018-q2-update.win32_1.0.0.201904181610/tools/bin/../lib/gcc/arm-none-eabi/7.3.1/../../../../arm-none-eabi/lib/thumb/v6-m\libnosys.a
END GROUP
START GROUP
LOAD e:/mysoftware/stm32cubeide_1.0.0/stm32cubeide/plugins/com.st.stm32cube.ide.mcu.externaltools.gnu-tools-for-stm32.7-2018-q2-update.win32_1.0.0.201904181610/tools/bin/../lib/gcc/arm-none-eabi/7.3.1/thumb/v6-m\libgcc.a
LOAD e:/mysoftware/stm32cubeide_1.0.0/stm32cubeide/plugins/com.st.stm32cube.ide.mcu.externaltools.gnu-tools-for-stm32.7-2018-q2-update.win32_1.0.0.201904181610/tools/bin/../lib/gcc/arm-none-eabi/7.3.1/../../../../arm-none-eabi/lib/thumb/v6-m\libc_nano.a
LOAD e:/mysoftware/stm32cubeide_1.0.0/stm32cubeide/plugins/com.st.stm32cube.ide.mcu.externaltools.gnu-tools-for-stm32.7-2018-q2-update.win32_1.0.0.201904181610/tools/bin/../lib/gcc/arm-none-eabi/7.3.1/../../../../arm-none-eabi/lib/thumb/v6-m\libnosys.a
END GROUP
LOAD e:/mysoftware/stm32cubeide_1.0.0/stm32cubeide/plugins/com.st.stm32cube.ide.mcu.externaltools.gnu-tools-for-stm32.7-2018-q2-update.win32_1.0.0.201904181610/tools/bin/../lib/gcc/arm-none-eabi/7.3.1/thumb/v6-m/crtend.o
LOAD e:/mysoftware/stm32cubeide_1.0.0/stm32cubeide/plugins/com.st.stm32cube.ide.mcu.externaltools.gnu-tools-for-stm32.7-2018-q2-update.win32_1.0.0.201904181610/tools/bin/../lib/gcc/arm-none-eabi/7.3.1/thumb/v6-m/crtn.o
                0x0000000020009000                _estack = (ORIGIN (RAM) + LENGTH (RAM))
                0x0000000000000200                _Min_Heap_Size = 0x200
                0x0000000000000400                _Min_Stack_Size = 0x400

.isr_vector     0x0000000008000000       0xb8
                0x0000000008000000                . = ALIGN (0x4)
 *(.isr_vector)
 .isr_vector    0x0000000008000000       0xb8 Core/Startup/startup_stm32g070rbtx.o
                0x0000000008000000                g_pfnVectors
                0x00000000080000b8                . = ALIGN (0x4)

.text           0x00000000080000c0     0x6320
                0x00000000080000c0                . = ALIGN (0x4)
 *(.text)
 .text          0x00000000080000c0       0x48 e:/mysoftware/stm32cubeide_1.0.0/stm32cubeide/plugins/com.st.stm32cube.ide.mcu.externaltools.gnu-tools-for-stm32.7-2018-q2-update.win32_1.0.0.201904181610/tools/bin/../lib/gcc/arm-none-eabi/7.3.1/thumb/v6-m/crtbegin.o
 .text          0x0000000008000108        0xe e:/mysoftware/stm32cubeide_1.0.0/stm32cubeide/plugins/com.st.stm32cube.ide.mcu.externaltools.gnu-tools-for-stm32.7-2018-q2-update.win32_1.0.0.201904181610/tools/bin/../lib/gcc/arm-none-eabi/7.3.1/../../../../arm-none-eabi/lib/thumb/v6-m\libc_nano.a(lib_a-strlen.o)
                0x0000000008000108                strlen
 *fill*         0x0000000008000116        0x2 
 .text          0x0000000008000118      0x114 e:/mysoftware/stm32cubeide_1.0.0/stm32cubeide/plugins/com.st.stm32cube.ide.mcu.externaltools.gnu-tools-for-stm32.7-2018-q2-update.win32_1.0.0.201904181610/tools/bin/../lib/gcc/arm-none-eabi/7.3.1/thumb/v6-m\libgcc.a(_udivsi3.o)
                0x0000000008000118                __aeabi_uidiv
                0x0000000008000118                __udivsi3
                0x0000000008000224                __aeabi_uidivmod
 .text          0x000000000800022c      0x1d4 e:/mysoftware/stm32cubeide_1.0.0/stm32cubeide/plugins/com.st.stm32cube.ide.mcu.externaltools.gnu-tools-for-stm32.7-2018-q2-update.win32_1.0.0.201904181610/tools/bin/../lib/gcc/arm-none-eabi/7.3.1/thumb/v6-m\libgcc.a(_divsi3.o)
                0x000000000800022c                __divsi3
                0x000000000800022c                __aeabi_idiv
                0x00000000080003f8                __aeabi_idivmod
 .text          0x0000000008000400        0x4 e:/mysoftware/stm32cubeide_1.0.0/stm32cubeide/plugins/com.st.stm32cube.ide.mcu.externaltools.gnu-tools-for-stm32.7-2018-q2-update.win32_1.0.0.201904181610/tools/bin/../lib/gcc/arm-none-eabi/7.3.1/thumb/v6-m\libgcc.a(_dvmd_tls.o)
                0x0000000008000400                __aeabi_idiv0
                0x0000000008000400                __aeabi_ldiv0
 *(.text*)
 .text.main     0x0000000008000404       0x4c Core/Src/main.o
                0x0000000008000404                main
 .text.SystemClock_Config
                0x0000000008000450       0xbe Core/Src/main.o
                0x0000000008000450                SystemClock_Config
 *fill*         0x000000000800050e        0x2 
 .text.MX_SPI1_Init
                0x0000000008000510       0x7c Core/Src/main.o
 .text.MX_USART2_UART_Init
                0x000000000800058c       0x9c Core/Src/main.o
 .text.MX_DMA_Init
                0x0000000008000628       0x3c Core/Src/main.o
 .text.MX_GPIO_Init
                0x0000000008000664       0xe8 Core/Src/main.o
 .text.StartDefaultTask
                0x000000000800074c       0x14 Core/Src/main.o
                0x000000000800074c                StartDefaultTask
 .text.Error_Handler
                0x0000000008000760        0xa Core/Src/main.o
                0x0000000008000760                Error_Handler
 *fill*         0x000000000800076a        0x2 
 .text.HAL_MspInit
                0x000000000800076c       0x54 Core/Src/stm32g0xx_hal_msp.o
                0x000000000800076c                HAL_MspInit
 .text.HAL_SPI_MspInit
                0x00000000080007c0      0x100 Core/Src/stm32g0xx_hal_msp.o
                0x00000000080007c0                HAL_SPI_MspInit
 .text.HAL_UART_MspInit
                0x00000000080008c0       0xa4 Core/Src/stm32g0xx_hal_msp.o
                0x00000000080008c0                HAL_UART_MspInit
 .text.HAL_UART_MspDeInit
                0x0000000008000964       0x44 Core/Src/stm32g0xx_hal_msp.o
                0x0000000008000964                HAL_UART_MspDeInit
 .text.NMI_Handler
                0x00000000080009a8        0xa Core/Src/stm32g0xx_it.o
                0x00000000080009a8                NMI_Handler
 .text.HardFault_Handler
                0x00000000080009b2        0x6 Core/Src/stm32g0xx_it.o
                0x00000000080009b2                HardFault_Handler
 .text.SysTick_Handler
                0x00000000080009b8       0x1c Core/Src/stm32g0xx_it.o
                0x00000000080009b8                SysTick_Handler
 .text.DMA1_Channel1_IRQHandler
                0x00000000080009d4       0x18 Core/Src/stm32g0xx_it.o
                0x00000000080009d4                DMA1_Channel1_IRQHandler
 .text.SPI1_IRQHandler
                0x00000000080009ec       0x18 Core/Src/stm32g0xx_it.o
                0x00000000080009ec                SPI1_IRQHandler
 .text.USART2_IRQHandler
                0x0000000008000a04       0x18 Core/Src/stm32g0xx_it.o
                0x0000000008000a04                USART2_IRQHandler
 .text.SystemInit
                0x0000000008000a1c       0x18 Core/Src/system_stm32g0xx.o
                0x0000000008000a1c                SystemInit
 .text.application
                0x0000000008000a34      0x12c Core/Src/application/application.o
                0x0000000008000a34                application
 .text.buttonTask
                0x0000000008000b60       0x14 Core/Src/button/button.o
                0x0000000008000b60                buttonTask
 .text.externalchipkeyRead
                0x0000000008000b74        0xa Core/Src/button/button.o
                0x0000000008000b74                externalchipkeyRead
 *fill*         0x0000000008000b7e        0x2 
 .text.debugconsoleTask
                0x0000000008000b80       0x8c Core/Src/debugConsole/debugConsole.o
                0x0000000008000b80                debugconsoleTask
 .text.debugConsoleInit
                0x0000000008000c0c       0x84 Core/Src/debugConsole/debugConsole.o
 .text.debugText
                0x0000000008000c90       0x54 Core/Src/debugConsole/debugConsole.o
                0x0000000008000c90                debugText
 .text.debugTextValue
                0x0000000008000ce4       0x60 Core/Src/debugConsole/debugConsole.o
                0x0000000008000ce4                debugTextValue
 .text.IntToText
                0x0000000008000d44      0x180 Core/Src/debugConsole/debugConsole.o
                0x0000000008000d44                IntToText
 .text.reverseStr
                0x0000000008000ec4       0xa6 Core/Src/debugConsole/debugConsole.o
                0x0000000008000ec4                reverseStr
 *fill*         0x0000000008000f6a        0x2 
 .text.ledTask  0x0000000008000f6c       0x60 Core/Src/led/led.o
                0x0000000008000f6c                ledTask
 .text.intLed   0x0000000008000fcc       0x5c Core/Src/led/led.o
                0x0000000008000fcc                intLed
 .text.ledTurnOnAll
                0x0000000008001028       0x60 Core/Src/led/led.o
                0x0000000008001028                ledTurnOnAll
 .text.ledTurnOffAll
                0x0000000008001088       0x60 Core/Src/led/led.o
                0x0000000008001088                ledTurnOffAll
 .text.intLedStrip
                0x00000000080010e8       0x80 Core/Src/led/led.o
                0x00000000080010e8                intLedStrip
 .text.selfTestPowerOnLedStrip
                0x0000000008001168       0xe4 Core/Src/led/led.o
                0x0000000008001168                selfTestPowerOnLedStrip
 .text.Reset_Handler
                0x000000000800124c       0x50 Core/Startup/startup_stm32g070rbtx.o
                0x000000000800124c                Reset_Handler
 .text.Default_Handler
                0x000000000800129c        0x2 Core/Startup/startup_stm32g070rbtx.o
                0x000000000800129c                TIM1_CC_IRQHandler
                0x000000000800129c                TIM6_IRQHandler
                0x000000000800129c                I2C1_IRQHandler
                0x000000000800129c                RTC_TAMP_IRQHandler
                0x000000000800129c                USART3_4_IRQHandler
                0x000000000800129c                EXTI2_3_IRQHandler
                0x000000000800129c                ADC1_IRQHandler
                0x000000000800129c                I2C2_IRQHandler
                0x000000000800129c                TIM17_IRQHandler
                0x000000000800129c                TIM16_IRQHandler
                0x000000000800129c                TIM3_IRQHandler
                0x000000000800129c                EXTI4_15_IRQHandler
                0x000000000800129c                RCC_IRQHandler
                0x000000000800129c                Default_Handler
                0x000000000800129c                TIM14_IRQHandler
                0x000000000800129c                TIM7_IRQHandler
                0x000000000800129c                TIM15_IRQHandler
                0x000000000800129c                EXTI0_1_IRQHandler
                0x000000000800129c                SPI2_IRQHandler
                0x000000000800129c                WWDG_IRQHandler
                0x000000000800129c                DMA1_Ch4_7_DMAMUX1_OVR_IRQHandler
                0x000000000800129c                DMA1_Channel2_3_IRQHandler
                0x000000000800129c                FLASH_IRQHandler
                0x000000000800129c                USART1_IRQHandler
                0x000000000800129c                TIM1_BRK_UP_TRG_COM_IRQHandler
 *fill*         0x000000000800129e        0x2 
 .text.HAL_Init
                0x00000000080012a0       0x40 Drivers/STM32G0xx_HAL_Driver/Src/stm32g0xx_hal.o
                0x00000000080012a0                HAL_Init
 .text.HAL_InitTick
                0x00000000080012e0       0x94 Drivers/STM32G0xx_HAL_Driver/Src/stm32g0xx_hal.o
                0x00000000080012e0                HAL_InitTick
 .text.HAL_IncTick
                0x0000000008001374       0x20 Drivers/STM32G0xx_HAL_Driver/Src/stm32g0xx_hal.o
                0x0000000008001374                HAL_IncTick
 .text.HAL_GetTick
                0x0000000008001394       0x14 Drivers/STM32G0xx_HAL_Driver/Src/stm32g0xx_hal.o
                0x0000000008001394                HAL_GetTick
 .text.__NVIC_EnableIRQ
                0x00000000080013a8       0x34 Drivers/STM32G0xx_HAL_Driver/Src/stm32g0xx_hal_cortex.o
 .text.__NVIC_DisableIRQ
                0x00000000080013dc       0x40 Drivers/STM32G0xx_HAL_Driver/Src/stm32g0xx_hal_cortex.o
 .text.__NVIC_SetPriority
                0x000000000800141c       0xdc Drivers/STM32G0xx_HAL_Driver/Src/stm32g0xx_hal_cortex.o
 .text.SysTick_Config
                0x00000000080014f8       0x48 Drivers/STM32G0xx_HAL_Driver/Src/stm32g0xx_hal_cortex.o
 .text.HAL_NVIC_SetPriority
                0x0000000008001540       0x2a Drivers/STM32G0xx_HAL_Driver/Src/stm32g0xx_hal_cortex.o
                0x0000000008001540                HAL_NVIC_SetPriority
 .text.HAL_NVIC_EnableIRQ
                0x000000000800156a       0x20 Drivers/STM32G0xx_HAL_Driver/Src/stm32g0xx_hal_cortex.o
                0x000000000800156a                HAL_NVIC_EnableIRQ
 .text.HAL_NVIC_DisableIRQ
                0x000000000800158a       0x20 Drivers/STM32G0xx_HAL_Driver/Src/stm32g0xx_hal_cortex.o
                0x000000000800158a                HAL_NVIC_DisableIRQ
 .text.HAL_SYSTICK_Config
                0x00000000080015aa       0x1a Drivers/STM32G0xx_HAL_Driver/Src/stm32g0xx_hal_cortex.o
                0x00000000080015aa                HAL_SYSTICK_Config
 .text.HAL_DMA_Init
                0x00000000080015c4      0x114 Drivers/STM32G0xx_HAL_Driver/Src/stm32g0xx_hal_dma.o
                0x00000000080015c4                HAL_DMA_Init
 .text.HAL_DMA_Abort_IT
                0x00000000080016d8       0xf4 Drivers/STM32G0xx_HAL_Driver/Src/stm32g0xx_hal_dma.o
                0x00000000080016d8                HAL_DMA_Abort_IT
 .text.HAL_DMA_IRQHandler
                0x00000000080017cc      0x164 Drivers/STM32G0xx_HAL_Driver/Src/stm32g0xx_hal_dma.o
                0x00000000080017cc                HAL_DMA_IRQHandler
 .text.DMA_CalcDMAMUXChannelBaseAndMask
                0x0000000008001930       0x58 Drivers/STM32G0xx_HAL_Driver/Src/stm32g0xx_hal_dma.o
 .text.DMA_CalcDMAMUXRequestGenBaseAndMask
                0x0000000008001988       0x48 Drivers/STM32G0xx_HAL_Driver/Src/stm32g0xx_hal_dma.o
 .text.HAL_GPIO_Init
                0x00000000080019d0      0x2c8 Drivers/STM32G0xx_HAL_Driver/Src/stm32g0xx_hal_gpio.o
                0x00000000080019d0                HAL_GPIO_Init
 .text.HAL_GPIO_DeInit
                0x0000000008001c98      0x1a0 Drivers/STM32G0xx_HAL_Driver/Src/stm32g0xx_hal_gpio.o
                0x0000000008001c98                HAL_GPIO_DeInit
 .text.HAL_GPIO_WritePin
                0x0000000008001e38       0x3a Drivers/STM32G0xx_HAL_Driver/Src/stm32g0xx_hal_gpio.o
                0x0000000008001e38                HAL_GPIO_WritePin
 *fill*         0x0000000008001e72        0x2 
 .text.HAL_PWREx_ControlVoltageScaling
                0x0000000008001e74       0x80 Drivers/STM32G0xx_HAL_Driver/Src/stm32g0xx_hal_pwr_ex.o
                0x0000000008001e74                HAL_PWREx_ControlVoltageScaling
 .text.LL_RCC_GetAPB1Prescaler
                0x0000000008001ef4       0x18 Drivers/STM32G0xx_HAL_Driver/Src/stm32g0xx_hal_rcc.o
 .text.HAL_RCC_OscConfig
                0x0000000008001f0c      0x62c Drivers/STM32G0xx_HAL_Driver/Src/stm32g0xx_hal_rcc.o
                0x0000000008001f0c                HAL_RCC_OscConfig
 .text.HAL_RCC_ClockConfig
                0x0000000008002538      0x210 Drivers/STM32G0xx_HAL_Driver/Src/stm32g0xx_hal_rcc.o
                0x0000000008002538                HAL_RCC_ClockConfig
 .text.HAL_RCC_GetSysClockFreq
                0x0000000008002748      0x104 Drivers/STM32G0xx_HAL_Driver/Src/stm32g0xx_hal_rcc.o
                0x0000000008002748                HAL_RCC_GetSysClockFreq
 .text.HAL_RCC_GetHCLKFreq
                0x000000000800284c       0x14 Drivers/STM32G0xx_HAL_Driver/Src/stm32g0xx_hal_rcc.o
                0x000000000800284c                HAL_RCC_GetHCLKFreq
 .text.HAL_RCC_GetPCLK1Freq
                0x0000000008002860       0x2c Drivers/STM32G0xx_HAL_Driver/Src/stm32g0xx_hal_rcc.o
                0x0000000008002860                HAL_RCC_GetPCLK1Freq
 .text.HAL_RCCEx_PeriphCLKConfig
                0x000000000800288c      0x26c Drivers/STM32G0xx_HAL_Driver/Src/stm32g0xx_hal_rcc_ex.o
                0x000000000800288c                HAL_RCCEx_PeriphCLKConfig
 .text.HAL_SPI_Init
                0x0000000008002af8      0x134 Drivers/STM32G0xx_HAL_Driver/Src/stm32g0xx_hal_spi.o
                0x0000000008002af8                HAL_SPI_Init
 .text.HAL_SPI_Transmit_IT
                0x0000000008002c2c      0x124 Drivers/STM32G0xx_HAL_Driver/Src/stm32g0xx_hal_spi.o
                0x0000000008002c2c                HAL_SPI_Transmit_IT
 .text.HAL_SPI_IRQHandler
                0x0000000008002d50      0x1fc Drivers/STM32G0xx_HAL_Driver/Src/stm32g0xx_hal_spi.o
                0x0000000008002d50                HAL_SPI_IRQHandler
 .text.HAL_SPI_TxCpltCallback
                0x0000000008002f4c       0x10 Drivers/STM32G0xx_HAL_Driver/Src/stm32g0xx_hal_spi.o
                0x0000000008002f4c                HAL_SPI_TxCpltCallback
 .text.HAL_SPI_ErrorCallback
                0x0000000008002f5c       0x10 Drivers/STM32G0xx_HAL_Driver/Src/stm32g0xx_hal_spi.o
                0x0000000008002f5c                HAL_SPI_ErrorCallback
 .text.SPI_DMAAbortOnError
                0x0000000008002f6c       0x2c Drivers/STM32G0xx_HAL_Driver/Src/stm32g0xx_hal_spi.o
 .text.SPI_TxISR_8BIT
                0x0000000008002f98       0x48 Drivers/STM32G0xx_HAL_Driver/Src/stm32g0xx_hal_spi.o
 .text.SPI_TxISR_16BIT
                0x0000000008002fe0       0x46 Drivers/STM32G0xx_HAL_Driver/Src/stm32g0xx_hal_spi.o
 *fill*         0x0000000008003026        0x2 
 .text.SPI_WaitFlagStateUntilTimeout
                0x0000000008003028       0xe0 Drivers/STM32G0xx_HAL_Driver/Src/stm32g0xx_hal_spi.o
 .text.SPI_WaitFifoStateUntilTimeout
                0x0000000008003108       0xe8 Drivers/STM32G0xx_HAL_Driver/Src/stm32g0xx_hal_spi.o
 .text.SPI_EndRxTxTransaction
                0x00000000080031f0       0x8c Drivers/STM32G0xx_HAL_Driver/Src/stm32g0xx_hal_spi.o
 .text.SPI_CloseTx_ISR
                0x000000000800327c       0x84 Drivers/STM32G0xx_HAL_Driver/Src/stm32g0xx_hal_spi.o
 .text.HAL_UART_Init
                0x0000000008003300       0xac Drivers/STM32G0xx_HAL_Driver/Src/stm32g0xx_hal_uart.o
                0x0000000008003300                HAL_UART_Init
 .text.HAL_UART_DeInit
                0x00000000080033ac       0x74 Drivers/STM32G0xx_HAL_Driver/Src/stm32g0xx_hal_uart.o
                0x00000000080033ac                HAL_UART_DeInit
 .text.HAL_UART_Transmit_IT
                0x0000000008003420      0x134 Drivers/STM32G0xx_HAL_Driver/Src/stm32g0xx_hal_uart.o
                0x0000000008003420                HAL_UART_Transmit_IT
 .text.HAL_UART_IRQHandler
                0x0000000008003554      0x2bc Drivers/STM32G0xx_HAL_Driver/Src/stm32g0xx_hal_uart.o
                0x0000000008003554                HAL_UART_IRQHandler
 .text.HAL_UART_TxCpltCallback
                0x0000000008003810       0x10 Drivers/STM32G0xx_HAL_Driver/Src/stm32g0xx_hal_uart.o
                0x0000000008003810                HAL_UART_TxCpltCallback
 .text.HAL_UART_ErrorCallback
                0x0000000008003820       0x10 Drivers/STM32G0xx_HAL_Driver/Src/stm32g0xx_hal_uart.o
                0x0000000008003820                HAL_UART_ErrorCallback
 .text.HAL_UART_GetState
                0x0000000008003830       0x26 Drivers/STM32G0xx_HAL_Driver/Src/stm32g0xx_hal_uart.o
                0x0000000008003830                HAL_UART_GetState
 .text.HAL_UART_GetError
                0x0000000008003856       0x16 Drivers/STM32G0xx_HAL_Driver/Src/stm32g0xx_hal_uart.o
                0x0000000008003856                HAL_UART_GetError
 .text.UART_SetConfig
                0x000000000800386c      0x910 Drivers/STM32G0xx_HAL_Driver/Src/stm32g0xx_hal_uart.o
                0x000000000800386c                UART_SetConfig
 .text.UART_AdvFeatureConfig
                0x000000000800417c      0x168 Drivers/STM32G0xx_HAL_Driver/Src/stm32g0xx_hal_uart.o
                0x000000000800417c                UART_AdvFeatureConfig
 .text.UART_CheckIdleState
                0x00000000080042e4       0x94 Drivers/STM32G0xx_HAL_Driver/Src/stm32g0xx_hal_uart.o
                0x00000000080042e4                UART_CheckIdleState
 .text.UART_WaitOnFlagUntilTimeout
                0x0000000008004378       0x98 Drivers/STM32G0xx_HAL_Driver/Src/stm32g0xx_hal_uart.o
                0x0000000008004378                UART_WaitOnFlagUntilTimeout
 .text.UART_EndRxTransfer
                0x0000000008004410       0x48 Drivers/STM32G0xx_HAL_Driver/Src/stm32g0xx_hal_uart.o
 .text.UART_DMAAbortOnError
                0x0000000008004458       0x2e Drivers/STM32G0xx_HAL_Driver/Src/stm32g0xx_hal_uart.o
 .text.UART_TxISR_8BIT
                0x0000000008004486       0x70 Drivers/STM32G0xx_HAL_Driver/Src/stm32g0xx_hal_uart.o
 .text.UART_TxISR_16BIT
                0x00000000080044f6       0x7a Drivers/STM32G0xx_HAL_Driver/Src/stm32g0xx_hal_uart.o
 .text.UART_TxISR_8BIT_FIFOEN
                0x0000000008004570       0xa8 Drivers/STM32G0xx_HAL_Driver/Src/stm32g0xx_hal_uart.o
 .text.UART_TxISR_16BIT_FIFOEN
                0x0000000008004618       0xb0 Drivers/STM32G0xx_HAL_Driver/Src/stm32g0xx_hal_uart.o
 .text.UART_EndTransmit_IT
                0x00000000080046c8       0x36 Drivers/STM32G0xx_HAL_Driver/Src/stm32g0xx_hal_uart.o
 .text.HAL_UARTEx_WakeupCallback
                0x00000000080046fe       0x10 Drivers/STM32G0xx_HAL_Driver/Src/stm32g0xx_hal_uart_ex.o
                0x00000000080046fe                HAL_UARTEx_WakeupCallback
 .text.HAL_UARTEx_RxFifoFullCallback
                0x000000000800470e       0x10 Drivers/STM32G0xx_HAL_Driver/Src/stm32g0xx_hal_uart_ex.o
                0x000000000800470e                HAL_UARTEx_RxFifoFullCallback
 .text.HAL_UARTEx_TxFifoEmptyCallback
                0x000000000800471e       0x10 Drivers/STM32G0xx_HAL_Driver/Src/stm32g0xx_hal_uart_ex.o
                0x000000000800471e                HAL_UARTEx_TxFifoEmptyCallback
 *fill*         0x000000000800472e        0x2 
 .text.HAL_UARTEx_DisableFifoMode
                0x0000000008004730       0x74 Drivers/STM32G0xx_HAL_Driver/Src/stm32g0xx_hal_uart_ex.o
                0x0000000008004730                HAL_UARTEx_DisableFifoMode
 .text.HAL_UARTEx_SetTxFifoThreshold
                0x00000000080047a4       0x7e Drivers/STM32G0xx_HAL_Driver/Src/stm32g0xx_hal_uart_ex.o
                0x00000000080047a4                HAL_UARTEx_SetTxFifoThreshold
 *fill*         0x0000000008004822        0x2 
 .text.HAL_UARTEx_SetRxFifoThreshold
                0x0000000008004824       0x84 Drivers/STM32G0xx_HAL_Driver/Src/stm32g0xx_hal_uart_ex.o
                0x0000000008004824                HAL_UARTEx_SetRxFifoThreshold
 .text.UARTEx_SetNbDataToProcess
                0x00000000080048a8       0xd4 Drivers/STM32G0xx_HAL_Driver/Src/stm32g0xx_hal_uart_ex.o
 .text.makeFreeRtosPriority
                0x000000000800497c       0x32 Middlewares/Third_Party/FreeRTOS/Source/CMSIS_RTOS/cmsis_os.o
 .text.osKernelStart
                0x00000000080049ae       0x10 Middlewares/Third_Party/FreeRTOS/Source/CMSIS_RTOS/cmsis_os.o
                0x00000000080049ae                osKernelStart
 .text.osThreadCreate
                0x00000000080049be       0x50 Middlewares/Third_Party/FreeRTOS/Source/CMSIS_RTOS/cmsis_os.o
                0x00000000080049be                osThreadCreate
 .text.osDelay  0x0000000008004a0e       0x28 Middlewares/Third_Party/FreeRTOS/Source/CMSIS_RTOS/cmsis_os.o
                0x0000000008004a0e                osDelay
 .text.vListInitialise
                0x0000000008004a36       0x3c Middlewares/Third_Party/FreeRTOS/Source/list.o
                0x0000000008004a36                vListInitialise
 .text.vListInitialiseItem
                0x0000000008004a72       0x16 Middlewares/Third_Party/FreeRTOS/Source/list.o
                0x0000000008004a72                vListInitialiseItem
 .text.vListInsertEnd
                0x0000000008004a88       0x44 Middlewares/Third_Party/FreeRTOS/Source/list.o
                0x0000000008004a88                vListInsertEnd
 .text.vListInsert
                0x0000000008004acc       0x6c Middlewares/Third_Party/FreeRTOS/Source/list.o
                0x0000000008004acc                vListInsert
 .text.uxListRemove
                0x0000000008004b38       0x50 Middlewares/Third_Party/FreeRTOS/Source/list.o
                0x0000000008004b38                uxListRemove
 .text.xQueueGenericReset
                0x0000000008004b88       0xa8 Middlewares/Third_Party/FreeRTOS/Source/queue.o
                0x0000000008004b88                xQueueGenericReset
 .text.xQueueGenericCreate
                0x0000000008004c30       0x64 Middlewares/Third_Party/FreeRTOS/Source/queue.o
                0x0000000008004c30                xQueueGenericCreate
 .text.prvInitialiseNewQueue
                0x0000000008004c94       0x44 Middlewares/Third_Party/FreeRTOS/Source/queue.o
 .text.prvInitialiseMutex
                0x0000000008004cd8       0x34 Middlewares/Third_Party/FreeRTOS/Source/queue.o
 .text.xQueueCreateMutex
                0x0000000008004d0c       0x38 Middlewares/Third_Party/FreeRTOS/Source/queue.o
                0x0000000008004d0c                xQueueCreateMutex
 .text.xQueueGenericSend
                0x0000000008004d44      0x188 Middlewares/Third_Party/FreeRTOS/Source/queue.o
                0x0000000008004d44                xQueueGenericSend
 .text.xQueueReceive
                0x0000000008004ecc      0x16a Middlewares/Third_Party/FreeRTOS/Source/queue.o
                0x0000000008004ecc                xQueueReceive
 .text.uxQueueMessagesWaiting
                0x0000000008005036       0x2a Middlewares/Third_Party/FreeRTOS/Source/queue.o
                0x0000000008005036                uxQueueMessagesWaiting
 .text.prvCopyDataToQueue
                0x0000000008005060       0xd6 Middlewares/Third_Party/FreeRTOS/Source/queue.o
 .text.prvCopyDataFromQueue
                0x0000000008005136       0x4c Middlewares/Third_Party/FreeRTOS/Source/queue.o
 .text.prvUnlockQueue
                0x0000000008005182       0xbc Middlewares/Third_Party/FreeRTOS/Source/queue.o
 .text.prvIsQueueEmpty
                0x000000000800523e       0x2c Middlewares/Third_Party/FreeRTOS/Source/queue.o
 .text.prvIsQueueFull
                0x000000000800526a       0x30 Middlewares/Third_Party/FreeRTOS/Source/queue.o
 .text.xTaskCreate
                0x000000000800529a       0x90 Middlewares/Third_Party/FreeRTOS/Source/tasks.o
                0x000000000800529a                xTaskCreate
 *fill*         0x000000000800532a        0x2 
 .text.prvInitialiseNewTask
                0x000000000800532c       0xf4 Middlewares/Third_Party/FreeRTOS/Source/tasks.o
 .text.prvAddNewTaskToReadyList
                0x0000000008005420       0xc8 Middlewares/Third_Party/FreeRTOS/Source/tasks.o
 .text.vTaskDelay
                0x00000000080054e8       0x4c Middlewares/Third_Party/FreeRTOS/Source/tasks.o
                0x00000000080054e8                vTaskDelay
 .text.vTaskStartScheduler
                0x0000000008005534       0x6c Middlewares/Third_Party/FreeRTOS/Source/tasks.o
                0x0000000008005534                vTaskStartScheduler
 .text.vTaskSuspendAll
                0x00000000080055a0       0x18 Middlewares/Third_Party/FreeRTOS/Source/tasks.o
                0x00000000080055a0                vTaskSuspendAll
 .text.xTaskResumeAll
                0x00000000080055b8      0x118 Middlewares/Third_Party/FreeRTOS/Source/tasks.o
                0x00000000080055b8                xTaskResumeAll
 .text.xTaskIncrementTick
                0x00000000080056d0      0x168 Middlewares/Third_Party/FreeRTOS/Source/tasks.o
                0x00000000080056d0                xTaskIncrementTick
 .text.vTaskSwitchContext
                0x0000000008005838       0xa4 Middlewares/Third_Party/FreeRTOS/Source/tasks.o
                0x0000000008005838                vTaskSwitchContext
 .text.vTaskPlaceOnEventList
                0x00000000080058dc       0x3c Middlewares/Third_Party/FreeRTOS/Source/tasks.o
                0x00000000080058dc                vTaskPlaceOnEventList
 .text.xTaskRemoveFromEventList
                0x0000000008005918       0xb8 Middlewares/Third_Party/FreeRTOS/Source/tasks.o
                0x0000000008005918                xTaskRemoveFromEventList
 .text.vTaskInternalSetTimeOutState
                0x00000000080059d0       0x28 Middlewares/Third_Party/FreeRTOS/Source/tasks.o
                0x00000000080059d0                vTaskInternalSetTimeOutState
 .text.xTaskCheckForTimeOut
                0x00000000080059f8       0xa0 Middlewares/Third_Party/FreeRTOS/Source/tasks.o
                0x00000000080059f8                xTaskCheckForTimeOut
 .text.vTaskMissedYield
                0x0000000008005a98       0x14 Middlewares/Third_Party/FreeRTOS/Source/tasks.o
                0x0000000008005a98                vTaskMissedYield
 .text.prvIdleTask
                0x0000000008005aac       0x20 Middlewares/Third_Party/FreeRTOS/Source/tasks.o
 .text.prvInitialiseTaskLists
                0x0000000008005acc       0x88 Middlewares/Third_Party/FreeRTOS/Source/tasks.o
 .text.prvCheckTasksWaitingTermination
                0x0000000008005b54       0x5c Middlewares/Third_Party/FreeRTOS/Source/tasks.o
 .text.prvDeleteTCB
                0x0000000008005bb0       0x22 Middlewares/Third_Party/FreeRTOS/Source/tasks.o
 *fill*         0x0000000008005bd2        0x2 
 .text.prvResetNextTaskUnblockTime
                0x0000000008005bd4       0x48 Middlewares/Third_Party/FreeRTOS/Source/tasks.o
 .text.xTaskGetSchedulerState
                0x0000000008005c1c       0x38 Middlewares/Third_Party/FreeRTOS/Source/tasks.o
                0x0000000008005c1c                xTaskGetSchedulerState
 .text.xTaskPriorityDisinherit
                0x0000000008005c54       0xb8 Middlewares/Third_Party/FreeRTOS/Source/tasks.o
                0x0000000008005c54                xTaskPriorityDisinherit
 .text.prvAddCurrentTaskToDelayedList
                0x0000000008005d0c       0xa8 Middlewares/Third_Party/FreeRTOS/Source/tasks.o
 .text.pxPortInitialiseStack
                0x0000000008005db4       0x54 Middlewares/Third_Party/FreeRTOS/Source/portable/GCC/ARM_CM0/port.o
                0x0000000008005db4                pxPortInitialiseStack
 .text.prvTaskExitError
                0x0000000008005e08       0x2c Middlewares/Third_Party/FreeRTOS/Source/portable/GCC/ARM_CM0/port.o
 .text.SVC_Handler
                0x0000000008005e34        0xa Middlewares/Third_Party/FreeRTOS/Source/portable/GCC/ARM_CM0/port.o
                0x0000000008005e34                SVC_Handler
 *fill*         0x0000000008005e3e        0x2 
 .text.vPortStartFirstTask
                0x0000000008005e40       0x38 Middlewares/Third_Party/FreeRTOS/Source/portable/GCC/ARM_CM0/port.o
 .text.xPortStartScheduler
                0x0000000008005e78       0x48 Middlewares/Third_Party/FreeRTOS/Source/portable/GCC/ARM_CM0/port.o
                0x0000000008005e78                xPortStartScheduler
 .text.vPortYield
                0x0000000008005ec0       0x20 Middlewares/Third_Party/FreeRTOS/Source/portable/GCC/ARM_CM0/port.o
                0x0000000008005ec0                vPortYield
 .text.vPortEnterCritical
                0x0000000008005ee0       0x24 Middlewares/Third_Party/FreeRTOS/Source/portable/GCC/ARM_CM0/port.o
                0x0000000008005ee0                vPortEnterCritical
 .text.vPortExitCritical
                0x0000000008005f04       0x30 Middlewares/Third_Party/FreeRTOS/Source/portable/GCC/ARM_CM0/port.o
                0x0000000008005f04                vPortExitCritical
 .text.ulSetInterruptMaskFromISR
                0x0000000008005f34        0xc Middlewares/Third_Party/FreeRTOS/Source/portable/GCC/ARM_CM0/port.o
                0x0000000008005f34                ulSetInterruptMaskFromISR
 .text.vClearInterruptMaskFromISR
                0x0000000008005f40        0x8 Middlewares/Third_Party/FreeRTOS/Source/portable/GCC/ARM_CM0/port.o
                0x0000000008005f40                vClearInterruptMaskFromISR
 *fill*         0x0000000008005f48        0x8 
 .text.PendSV_Handler
                0x0000000008005f50       0x48 Middlewares/Third_Party/FreeRTOS/Source/portable/GCC/ARM_CM0/port.o
                0x0000000008005f50                PendSV_Handler
 .text.xPortSysTickHandler
                0x0000000008005f98       0x34 Middlewares/Third_Party/FreeRTOS/Source/portable/GCC/ARM_CM0/port.o
                0x0000000008005f98                xPortSysTickHandler
 .text.prvSetupTimerInterrupt
                0x0000000008005fcc       0x44 Middlewares/Third_Party/FreeRTOS/Source/portable/GCC/ARM_CM0/port.o
 .text.pvPortMalloc
                0x0000000008006010      0x14c Middlewares/Third_Party/FreeRTOS/Source/portable/MemMang/heap_4.o
                0x0000000008006010                pvPortMalloc
 .text.vPortFree
                0x000000000800615c       0x90 Middlewares/Third_Party/FreeRTOS/Source/portable/MemMang/heap_4.o
                0x000000000800615c                vPortFree
 .text.prvHeapInit
                0x00000000080061ec       0xc0 Middlewares/Third_Party/FreeRTOS/Source/portable/MemMang/heap_4.o
 .text.prvInsertBlockIntoFreeList
                0x00000000080062ac       0xb0 Middlewares/Third_Party/FreeRTOS/Source/portable/MemMang/heap_4.o
 .text.__libc_init_array
                0x000000000800635c       0x48 e:/mysoftware/stm32cubeide_1.0.0/stm32cubeide/plugins/com.st.stm32cube.ide.mcu.externaltools.gnu-tools-for-stm32.7-2018-q2-update.win32_1.0.0.201904181610/tools/bin/../lib/gcc/arm-none-eabi/7.3.1/../../../../arm-none-eabi/lib/thumb/v6-m\libc_nano.a(lib_a-init.o)
                0x000000000800635c                __libc_init_array
 .text.memcpy   0x00000000080063a4       0x12 e:/mysoftware/stm32cubeide_1.0.0/stm32cubeide/plugins/com.st.stm32cube.ide.mcu.externaltools.gnu-tools-for-stm32.7-2018-q2-update.win32_1.0.0.201904181610/tools/bin/../lib/gcc/arm-none-eabi/7.3.1/../../../../arm-none-eabi/lib/thumb/v6-m\libc_nano.a(lib_a-memcpy-stub.o)
                0x00000000080063a4                memcpy
 .text.memset   0x00000000080063b6       0x10 e:/mysoftware/stm32cubeide_1.0.0/stm32cubeide/plugins/com.st.stm32cube.ide.mcu.externaltools.gnu-tools-for-stm32.7-2018-q2-update.win32_1.0.0.201904181610/tools/bin/../lib/gcc/arm-none-eabi/7.3.1/../../../../arm-none-eabi/lib/thumb/v6-m\libc_nano.a(lib_a-memset.o)
                0x00000000080063b6                memset
 *(.glue_7)
 .glue_7        0x00000000080063c6        0x0 linker stubs
 *(.glue_7t)
 .glue_7t       0x00000000080063c6        0x0 linker stubs
 *(.eh_frame)
 *fill*         0x00000000080063c6        0x2 
 .eh_frame      0x00000000080063c8        0x0 e:/mysoftware/stm32cubeide_1.0.0/stm32cubeide/plugins/com.st.stm32cube.ide.mcu.externaltools.gnu-tools-for-stm32.7-2018-q2-update.win32_1.0.0.201904181610/tools/bin/../lib/gcc/arm-none-eabi/7.3.1/thumb/v6-m/crtbegin.o
 *(.init)
 .init          0x00000000080063c8        0x4 e:/mysoftware/stm32cubeide_1.0.0/stm32cubeide/plugins/com.st.stm32cube.ide.mcu.externaltools.gnu-tools-for-stm32.7-2018-q2-update.win32_1.0.0.201904181610/tools/bin/../lib/gcc/arm-none-eabi/7.3.1/thumb/v6-m/crti.o
                0x00000000080063c8                _init
 .init          0x00000000080063cc        0x8 e:/mysoftware/stm32cubeide_1.0.0/stm32cubeide/plugins/com.st.stm32cube.ide.mcu.externaltools.gnu-tools-for-stm32.7-2018-q2-update.win32_1.0.0.201904181610/tools/bin/../lib/gcc/arm-none-eabi/7.3.1/thumb/v6-m/crtn.o
 *(.fini)
 .fini          0x00000000080063d4        0x4 e:/mysoftware/stm32cubeide_1.0.0/stm32cubeide/plugins/com.st.stm32cube.ide.mcu.externaltools.gnu-tools-for-stm32.7-2018-q2-update.win32_1.0.0.201904181610/tools/bin/../lib/gcc/arm-none-eabi/7.3.1/thumb/v6-m/crti.o
                0x00000000080063d4                _fini
 .fini          0x00000000080063d8        0x8 e:/mysoftware/stm32cubeide_1.0.0/stm32cubeide/plugins/com.st.stm32cube.ide.mcu.externaltools.gnu-tools-for-stm32.7-2018-q2-update.win32_1.0.0.201904181610/tools/bin/../lib/gcc/arm-none-eabi/7.3.1/thumb/v6-m/crtn.o
                0x00000000080063e0                . = ALIGN (0x4)
                0x00000000080063e0                _etext = .

.vfp11_veneer   0x00000000080063e0        0x0
 .vfp11_veneer  0x00000000080063e0        0x0 linker stubs

.v4_bx          0x00000000080063e0        0x0
 .v4_bx         0x00000000080063e0        0x0 linker stubs

.iplt           0x00000000080063e0        0x0
 .iplt          0x00000000080063e0        0x0 e:/mysoftware/stm32cubeide_1.0.0/stm32cubeide/plugins/com.st.stm32cube.ide.mcu.externaltools.gnu-tools-for-stm32.7-2018-q2-update.win32_1.0.0.201904181610/tools/bin/../lib/gcc/arm-none-eabi/7.3.1/thumb/v6-m/crtbegin.o

.rodata         0x00000000080063e0      0x170
                0x00000000080063e0                . = ALIGN (0x4)
 *(.rodata)
 .rodata        0x00000000080063e0       0x20 Core/Src/main.o
 .rodata        0x0000000008006400       0x4d Core/Src/debugConsole/debugConsole.o
 *fill*         0x000000000800644d        0x3 
 .rodata        0x0000000008006450       0x10 Drivers/STM32G0xx_HAL_Driver/Src/stm32g0xx_hal_uart_ex.o
 .rodata        0x0000000008006460        0x5 Middlewares/Third_Party/FreeRTOS/Source/tasks.o
 *(.rodata*)
 *fill*         0x0000000008006465        0x3 
 .rodata.AHBPrescTable
                0x0000000008006468       0x40 Core/Src/system_stm32g0xx.o
                0x0000000008006468                AHBPrescTable
 .rodata.APBPrescTable
                0x00000000080064a8       0x20 Core/Src/system_stm32g0xx.o
                0x00000000080064a8                APBPrescTable
 .rodata.sysTask
                0x00000000080064c8       0x6c Core/Src/application/application.o
                0x00000000080064c8                sysTask
 .rodata.led    0x0000000008006534       0x1c Core/Src/led/led.o
                0x0000000008006534                led
                0x0000000008006550                . = ALIGN (0x4)

.rel.dyn        0x0000000008006550        0x0
 .rel.iplt      0x0000000008006550        0x0 e:/mysoftware/stm32cubeide_1.0.0/stm32cubeide/plugins/com.st.stm32cube.ide.mcu.externaltools.gnu-tools-for-stm32.7-2018-q2-update.win32_1.0.0.201904181610/tools/bin/../lib/gcc/arm-none-eabi/7.3.1/thumb/v6-m/crtbegin.o

.ARM.extab      0x0000000008006550        0x0
                0x0000000008006550                . = ALIGN (0x4)
 *(.ARM.extab* .gnu.linkonce.armextab.*)
                0x0000000008006550                . = ALIGN (0x4)

.ARM            0x0000000008006550        0x0
                0x0000000008006550                . = ALIGN (0x4)
                0x0000000008006550                __exidx_start = .
 *(.ARM.exidx*)
                0x0000000008006550                __exidx_end = .
                0x0000000008006550                . = ALIGN (0x4)

.preinit_array  0x0000000008006550        0x0
                0x0000000008006550                . = ALIGN (0x4)
                0x0000000008006550                PROVIDE (__preinit_array_start = .)
 *(.preinit_array*)
                0x0000000008006550                PROVIDE (__preinit_array_end = .)
                0x0000000008006550                . = ALIGN (0x4)

.init_array     0x0000000008006550        0x4
                0x0000000008006550                . = ALIGN (0x4)
                0x0000000008006550                PROVIDE (__init_array_start = .)
 *(SORT_BY_NAME(.init_array.*))
 *(.init_array*)
 .init_array    0x0000000008006550        0x4 e:/mysoftware/stm32cubeide_1.0.0/stm32cubeide/plugins/com.st.stm32cube.ide.mcu.externaltools.gnu-tools-for-stm32.7-2018-q2-update.win32_1.0.0.201904181610/tools/bin/../lib/gcc/arm-none-eabi/7.3.1/thumb/v6-m/crtbegin.o
                0x0000000008006554                PROVIDE (__init_array_end = .)
                0x0000000008006554                . = ALIGN (0x4)

.fini_array     0x0000000008006554        0x4
                0x0000000008006554                . = ALIGN (0x4)
                [!provide]                        PROVIDE (__fini_array_start = .)
 *(SORT_BY_NAME(.fini_array.*))
 *(.fini_array*)
 .fini_array    0x0000000008006554        0x4 e:/mysoftware/stm32cubeide_1.0.0/stm32cubeide/plugins/com.st.stm32cube.ide.mcu.externaltools.gnu-tools-for-stm32.7-2018-q2-update.win32_1.0.0.201904181610/tools/bin/../lib/gcc/arm-none-eabi/7.3.1/thumb/v6-m/crtbegin.o
                [!provide]                        PROVIDE (__fini_array_end = .)
                0x0000000008006558                . = ALIGN (0x4)
                0x0000000008006558                _sidata = LOADADDR (.data)

.data           0x0000000020000000       0x44 load address 0x0000000008006558
                0x0000000020000000                . = ALIGN (0x4)
                0x0000000020000000                _sdata = .
 *(.data)
 *(.data*)
 .data.SystemCoreClock
                0x0000000020000000        0x4 Core/Src/system_stm32g0xx.o
                0x0000000020000000                SystemCoreClock
 .data.tempBuff
                0x0000000020000004       0x32 Core/Src/debugConsole/debugConsole.o
                0x0000000020000004                tempBuff
 *fill*         0x0000000020000036        0x2 
 .data.uwTickPrio
                0x0000000020000038        0x4 Drivers/STM32G0xx_HAL_Driver/Src/stm32g0xx_hal.o
                0x0000000020000038                uwTickPrio
 .data.uwTickFreq
                0x000000002000003c        0x4 Drivers/STM32G0xx_HAL_Driver/Src/stm32g0xx_hal.o
                0x000000002000003c                uwTickFreq
 .data.uxCriticalNesting
                0x0000000020000040        0x4 Middlewares/Third_Party/FreeRTOS/Source/portable/GCC/ARM_CM0/port.o
                0x0000000020000044                . = ALIGN (0x4)
                0x0000000020000044                _edata = .

.igot.plt       0x0000000020000044        0x0 load address 0x000000000800659c
 .igot.plt      0x0000000020000044        0x0 e:/mysoftware/stm32cubeide_1.0.0/stm32cubeide/plugins/com.st.stm32cube.ide.mcu.externaltools.gnu-tools-for-stm32.7-2018-q2-update.win32_1.0.0.201904181610/tools/bin/../lib/gcc/arm-none-eabi/7.3.1/thumb/v6-m/crtbegin.o
                0x0000000020000044                . = ALIGN (0x4)

.bss            0x0000000020000044     0x13ac load address 0x000000000800659c
                0x0000000020000044                _sbss = .
                0x0000000020000044                __bss_start__ = _sbss
 *(.bss)
 .bss           0x0000000020000044       0x1c e:/mysoftware/stm32cubeide_1.0.0/stm32cubeide/plugins/com.st.stm32cube.ide.mcu.externaltools.gnu-tools-for-stm32.7-2018-q2-update.win32_1.0.0.201904181610/tools/bin/../lib/gcc/arm-none-eabi/7.3.1/thumb/v6-m/crtbegin.o
 *(.bss*)
 .bss.xMutexDebugUart
                0x0000000020000060        0x4 Core/Src/debugConsole/debugConsole.o
                0x0000000020000060                xMutexDebugUart
 .bss.mDebugConInit
                0x0000000020000064        0x1 Core/Src/debugConsole/debugConsole.o
                0x0000000020000064                mDebugConInit
 *fill*         0x0000000020000065        0x3 
 .bss.number    0x0000000020000068        0x4 Core/Src/debugConsole/debugConsole.o
                0x0000000020000068                number
 .bss.status.6530
                0x000000002000006c        0x1 Core/Src/led/led.o
 *fill*         0x000000002000006d        0x3 
 .bss.pxCurrentTCB
                0x0000000020000070        0x4 Middlewares/Third_Party/FreeRTOS/Source/tasks.o
                0x0000000020000070                pxCurrentTCB
 .bss.pxReadyTasksLists
                0x0000000020000074       0x8c Middlewares/Third_Party/FreeRTOS/Source/tasks.o
 .bss.xDelayedTaskList1
                0x0000000020000100       0x14 Middlewares/Third_Party/FreeRTOS/Source/tasks.o
 .bss.xDelayedTaskList2
                0x0000000020000114       0x14 Middlewares/Third_Party/FreeRTOS/Source/tasks.o
 .bss.pxDelayedTaskList
                0x0000000020000128        0x4 Middlewares/Third_Party/FreeRTOS/Source/tasks.o
 .bss.pxOverflowDelayedTaskList
                0x000000002000012c        0x4 Middlewares/Third_Party/FreeRTOS/Source/tasks.o
 .bss.xPendingReadyList
                0x0000000020000130       0x14 Middlewares/Third_Party/FreeRTOS/Source/tasks.o
 .bss.xTasksWaitingTermination
                0x0000000020000144       0x14 Middlewares/Third_Party/FreeRTOS/Source/tasks.o
 .bss.uxDeletedTasksWaitingCleanUp
                0x0000000020000158        0x4 Middlewares/Third_Party/FreeRTOS/Source/tasks.o
 .bss.xSuspendedTaskList
                0x000000002000015c       0x14 Middlewares/Third_Party/FreeRTOS/Source/tasks.o
 .bss.uxCurrentNumberOfTasks
                0x0000000020000170        0x4 Middlewares/Third_Party/FreeRTOS/Source/tasks.o
 .bss.xTickCount
                0x0000000020000174        0x4 Middlewares/Third_Party/FreeRTOS/Source/tasks.o
 .bss.uxTopReadyPriority
                0x0000000020000178        0x4 Middlewares/Third_Party/FreeRTOS/Source/tasks.o
 .bss.xSchedulerRunning
                0x000000002000017c        0x4 Middlewares/Third_Party/FreeRTOS/Source/tasks.o
 .bss.uxPendedTicks
                0x0000000020000180        0x4 Middlewares/Third_Party/FreeRTOS/Source/tasks.o
 .bss.xYieldPending
                0x0000000020000184        0x4 Middlewares/Third_Party/FreeRTOS/Source/tasks.o
 .bss.xNumOfOverflows
                0x0000000020000188        0x4 Middlewares/Third_Party/FreeRTOS/Source/tasks.o
 .bss.uxTaskNumber
                0x000000002000018c        0x4 Middlewares/Third_Party/FreeRTOS/Source/tasks.o
 .bss.xNextTaskUnblockTime
                0x0000000020000190        0x4 Middlewares/Third_Party/FreeRTOS/Source/tasks.o
 .bss.xIdleTaskHandle
                0x0000000020000194        0x4 Middlewares/Third_Party/FreeRTOS/Source/tasks.o
 .bss.uxSchedulerSuspended
                0x0000000020000198        0x4 Middlewares/Third_Party/FreeRTOS/Source/tasks.o
 .bss.ucHeap    0x000000002000019c     0x1000 Middlewares/Third_Party/FreeRTOS/Source/portable/MemMang/heap_4.o
 .bss.xStart    0x000000002000119c        0x8 Middlewares/Third_Party/FreeRTOS/Source/portable/MemMang/heap_4.o
 .bss.pxEnd     0x00000000200011a4        0x4 Middlewares/Third_Party/FreeRTOS/Source/portable/MemMang/heap_4.o
 .bss.xFreeBytesRemaining
                0x00000000200011a8        0x4 Middlewares/Third_Party/FreeRTOS/Source/portable/MemMang/heap_4.o
 .bss.xMinimumEverFreeBytesRemaining
                0x00000000200011ac        0x4 Middlewares/Third_Party/FreeRTOS/Source/portable/MemMang/heap_4.o
 .bss.xBlockAllocatedBit
                0x00000000200011b0        0x4 Middlewares/Third_Party/FreeRTOS/Source/portable/MemMang/heap_4.o
 *(COMMON)
 COMMON         0x00000000200011b4      0x150 Core/Src/main.o
                0x00000000200011b4                defaultTaskHandle
                0x00000000200011b8                hspi1
                0x000000002000121c                huart2
                0x00000000200012a8                hdma_spi1_tx
 COMMON         0x0000000020001304        0x4 Core/Src/button/button.o
                0x0000000020001304                gKeyDetectQ
 COMMON         0x0000000020001308       0xe4 Core/Src/led/led.o
                0x0000000020001308                mkeyDetectedPtr
                0x0000000020001310                ledStripData
                0x0000000020001324                ledStripSpiStruct
                0x0000000020001388                ledStripSpiPort
 COMMON         0x00000000200013ec        0x4 Drivers/STM32G0xx_HAL_Driver/Src/stm32g0xx_hal.o
                0x00000000200013ec                uwTick
                0x00000000200013f0                . = ALIGN (0x4)
                0x00000000200013f0                _ebss = .
                0x00000000200013f0                __bss_end__ = _ebss

._user_heap_stack
                0x00000000200013f0      0x600 load address 0x000000000800659c
                0x00000000200013f0                . = ALIGN (0x8)
                0x00000000200013f0                PROVIDE (end = .)
                [!provide]                        PROVIDE (_end = .)
                0x00000000200015f0                . = (. + _Min_Heap_Size)
 *fill*         0x00000000200013f0      0x200 
                0x00000000200019f0                . = (. + _Min_Stack_Size)
 *fill*         0x00000000200015f0      0x400 
                0x00000000200019f0                . = ALIGN (0x8)

/DISCARD/
 libc.a(*)
 libm.a(*)
 libgcc.a(*)

.ARM.attributes
                0x0000000000000000       0x28
 *(.ARM.attributes)
 .ARM.attributes
                0x0000000000000000       0x1e e:/mysoftware/stm32cubeide_1.0.0/stm32cubeide/plugins/com.st.stm32cube.ide.mcu.externaltools.gnu-tools-for-stm32.7-2018-q2-update.win32_1.0.0.201904181610/tools/bin/../lib/gcc/arm-none-eabi/7.3.1/thumb/v6-m/crti.o
 .ARM.attributes
                0x000000000000001e       0x2c e:/mysoftware/stm32cubeide_1.0.0/stm32cubeide/plugins/com.st.stm32cube.ide.mcu.externaltools.gnu-tools-for-stm32.7-2018-q2-update.win32_1.0.0.201904181610/tools/bin/../lib/gcc/arm-none-eabi/7.3.1/thumb/v6-m/crtbegin.o
 .ARM.attributes
                0x000000000000004a       0x32 Core/Src/main.o
 .ARM.attributes
                0x000000000000007c       0x32 Core/Src/stm32g0xx_hal_msp.o
 .ARM.attributes
                0x00000000000000ae       0x32 Core/Src/stm32g0xx_it.o
 .ARM.attributes
                0x00000000000000e0       0x32 Core/Src/system_stm32g0xx.o
 .ARM.attributes
                0x0000000000000112       0x32 Core/Src/application/application.o
 .ARM.attributes
                0x0000000000000144       0x32 Core/Src/button/button.o
 .ARM.attributes
                0x0000000000000176       0x32 Core/Src/debugConsole/debugConsole.o
 .ARM.attributes
                0x00000000000001a8       0x32 Core/Src/led/led.o
 .ARM.attributes
                0x00000000000001da       0x21 Core/Startup/startup_stm32g070rbtx.o
 .ARM.attributes
                0x00000000000001fb       0x32 Drivers/STM32G0xx_HAL_Driver/Src/stm32g0xx_hal.o
 .ARM.attributes
                0x000000000000022d       0x32 Drivers/STM32G0xx_HAL_Driver/Src/stm32g0xx_hal_cortex.o
 .ARM.attributes
                0x000000000000025f       0x32 Drivers/STM32G0xx_HAL_Driver/Src/stm32g0xx_hal_dma.o
 .ARM.attributes
                0x0000000000000291       0x32 Drivers/STM32G0xx_HAL_Driver/Src/stm32g0xx_hal_gpio.o
 .ARM.attributes
                0x00000000000002c3       0x32 Drivers/STM32G0xx_HAL_Driver/Src/stm32g0xx_hal_pwr_ex.o
 .ARM.attributes
                0x00000000000002f5       0x32 Drivers/STM32G0xx_HAL_Driver/Src/stm32g0xx_hal_rcc.o
 .ARM.attributes
                0x0000000000000327       0x32 Drivers/STM32G0xx_HAL_Driver/Src/stm32g0xx_hal_rcc_ex.o
 .ARM.attributes
                0x0000000000000359       0x32 Drivers/STM32G0xx_HAL_Driver/Src/stm32g0xx_hal_spi.o
 .ARM.attributes
                0x000000000000038b       0x32 Drivers/STM32G0xx_HAL_Driver/Src/stm32g0xx_hal_uart.o
 .ARM.attributes
                0x00000000000003bd       0x32 Drivers/STM32G0xx_HAL_Driver/Src/stm32g0xx_hal_uart_ex.o
 .ARM.attributes
                0x00000000000003ef       0x32 Middlewares/Third_Party/FreeRTOS/Source/CMSIS_RTOS/cmsis_os.o
 .ARM.attributes
                0x0000000000000421       0x32 Middlewares/Third_Party/FreeRTOS/Source/list.o
 .ARM.attributes
                0x0000000000000453       0x32 Middlewares/Third_Party/FreeRTOS/Source/queue.o
 .ARM.attributes
                0x0000000000000485       0x32 Middlewares/Third_Party/FreeRTOS/Source/tasks.o
 .ARM.attributes
                0x00000000000004b7       0x32 Middlewares/Third_Party/FreeRTOS/Source/portable/GCC/ARM_CM0/port.o
 .ARM.attributes
                0x00000000000004e9       0x32 Middlewares/Third_Party/FreeRTOS/Source/portable/MemMang/heap_4.o
 .ARM.attributes
                0x000000000000051b       0x2c e:/mysoftware/stm32cubeide_1.0.0/stm32cubeide/plugins/com.st.stm32cube.ide.mcu.externaltools.gnu-tools-for-stm32.7-2018-q2-update.win32_1.0.0.201904181610/tools/bin/../lib/gcc/arm-none-eabi/7.3.1/../../../../arm-none-eabi/lib/thumb/v6-m\libc_nano.a(lib_a-init.o)
 .ARM.attributes
                0x0000000000000547       0x2c e:/mysoftware/stm32cubeide_1.0.0/stm32cubeide/plugins/com.st.stm32cube.ide.mcu.externaltools.gnu-tools-for-stm32.7-2018-q2-update.win32_1.0.0.201904181610/tools/bin/../lib/gcc/arm-none-eabi/7.3.1/../../../../arm-none-eabi/lib/thumb/v6-m\libc_nano.a(lib_a-memcpy-stub.o)
 .ARM.attributes
                0x0000000000000573       0x2c e:/mysoftware/stm32cubeide_1.0.0/stm32cubeide/plugins/com.st.stm32cube.ide.mcu.externaltools.gnu-tools-for-stm32.7-2018-q2-update.win32_1.0.0.201904181610/tools/bin/../lib/gcc/arm-none-eabi/7.3.1/../../../../arm-none-eabi/lib/thumb/v6-m\libc_nano.a(lib_a-memset.o)
 .ARM.attributes
                0x000000000000059f       0x1c e:/mysoftware/stm32cubeide_1.0.0/stm32cubeide/plugins/com.st.stm32cube.ide.mcu.externaltools.gnu-tools-for-stm32.7-2018-q2-update.win32_1.0.0.201904181610/tools/bin/../lib/gcc/arm-none-eabi/7.3.1/../../../../arm-none-eabi/lib/thumb/v6-m\libc_nano.a(lib_a-strlen.o)
 .ARM.attributes
                0x00000000000005bb       0x1e e:/mysoftware/stm32cubeide_1.0.0/stm32cubeide/plugins/com.st.stm32cube.ide.mcu.externaltools.gnu-tools-for-stm32.7-2018-q2-update.win32_1.0.0.201904181610/tools/bin/../lib/gcc/arm-none-eabi/7.3.1/thumb/v6-m\libgcc.a(_udivsi3.o)
 .ARM.attributes
                0x00000000000005d9       0x1e e:/mysoftware/stm32cubeide_1.0.0/stm32cubeide/plugins/com.st.stm32cube.ide.mcu.externaltools.gnu-tools-for-stm32.7-2018-q2-update.win32_1.0.0.201904181610/tools/bin/../lib/gcc/arm-none-eabi/7.3.1/thumb/v6-m\libgcc.a(_divsi3.o)
 .ARM.attributes
                0x00000000000005f7       0x1e e:/mysoftware/stm32cubeide_1.0.0/stm32cubeide/plugins/com.st.stm32cube.ide.mcu.externaltools.gnu-tools-for-stm32.7-2018-q2-update.win32_1.0.0.201904181610/tools/bin/../lib/gcc/arm-none-eabi/7.3.1/thumb/v6-m\libgcc.a(_dvmd_tls.o)
 .ARM.attributes
                0x0000000000000615       0x1e e:/mysoftware/stm32cubeide_1.0.0/stm32cubeide/plugins/com.st.stm32cube.ide.mcu.externaltools.gnu-tools-for-stm32.7-2018-q2-update.win32_1.0.0.201904181610/tools/bin/../lib/gcc/arm-none-eabi/7.3.1/thumb/v6-m/crtn.o
OUTPUT(NucleoG0.elf elf32-littlearm)

.debug_info     0x0000000000000000    0x12ac5
 .debug_info    0x0000000000000000     0x116b Core/Src/main.o
 .debug_info    0x000000000000116b      0xea9 Core/Src/stm32g0xx_hal_msp.o
 .debug_info    0x0000000000002014      0xa86 Core/Src/stm32g0xx_it.o
 .debug_info    0x0000000000002a9a      0x434 Core/Src/system_stm32g0xx.o
 .debug_info    0x0000000000002ece      0x3b2 Core/Src/application/application.o
 .debug_info    0x0000000000003280      0x213 Core/Src/button/button.o
 .debug_info    0x0000000000003493     0x123d Core/Src/debugConsole/debugConsole.o
 .debug_info    0x00000000000046d0      0xcf5 Core/Src/led/led.o
 .debug_info    0x00000000000053c5       0x22 Core/Startup/startup_stm32g070rbtx.o
 .debug_info    0x00000000000053e7      0x8db Drivers/STM32G0xx_HAL_Driver/Src/stm32g0xx_hal.o
 .debug_info    0x0000000000005cc2      0x959 Drivers/STM32G0xx_HAL_Driver/Src/stm32g0xx_hal_cortex.o
 .debug_info    0x000000000000661b      0x8d9 Drivers/STM32G0xx_HAL_Driver/Src/stm32g0xx_hal_dma.o
 .debug_info    0x0000000000006ef4      0x63a Drivers/STM32G0xx_HAL_Driver/Src/stm32g0xx_hal_gpio.o
 .debug_info    0x000000000000752e      0x552 Drivers/STM32G0xx_HAL_Driver/Src/stm32g0xx_hal_pwr_ex.o
 .debug_info    0x0000000000007a80      0xa64 Drivers/STM32G0xx_HAL_Driver/Src/stm32g0xx_hal_rcc.o
 .debug_info    0x00000000000084e4      0x7cd Drivers/STM32G0xx_HAL_Driver/Src/stm32g0xx_hal_rcc_ex.o
 .debug_info    0x0000000000008cb1     0x16f6 Drivers/STM32G0xx_HAL_Driver/Src/stm32g0xx_hal_spi.o
 .debug_info    0x000000000000a3a7     0x1805 Drivers/STM32G0xx_HAL_Driver/Src/stm32g0xx_hal_uart.o
 .debug_info    0x000000000000bbac      0xb73 Drivers/STM32G0xx_HAL_Driver/Src/stm32g0xx_hal_uart_ex.o
 .debug_info    0x000000000000c71f     0x1a5d Middlewares/Third_Party/FreeRTOS/Source/CMSIS_RTOS/cmsis_os.o
 .debug_info    0x000000000000e17c      0xac5 Middlewares/Third_Party/FreeRTOS/Source/list.o
 .debug_info    0x000000000000ec41     0x1627 Middlewares/Third_Party/FreeRTOS/Source/queue.o
 .debug_info    0x0000000000010268     0x1ad9 Middlewares/Third_Party/FreeRTOS/Source/tasks.o
 .debug_info    0x0000000000011d41      0x26b Middlewares/Third_Party/FreeRTOS/Source/portable/GCC/ARM_CM0/port.o
 .debug_info    0x0000000000011fac      0xb19 Middlewares/Third_Party/FreeRTOS/Source/portable/MemMang/heap_4.o

.debug_abbrev   0x0000000000000000     0x2f82
 .debug_abbrev  0x0000000000000000      0x22b Core/Src/main.o
 .debug_abbrev  0x000000000000022b      0x195 Core/Src/stm32g0xx_hal_msp.o
 .debug_abbrev  0x00000000000003c0      0x158 Core/Src/stm32g0xx_it.o
 .debug_abbrev  0x0000000000000518      0x147 Core/Src/system_stm32g0xx.o
 .debug_abbrev  0x000000000000065f      0x131 Core/Src/application/application.o
 .debug_abbrev  0x0000000000000790      0x115 Core/Src/button/button.o
 .debug_abbrev  0x00000000000008a5      0x24c Core/Src/debugConsole/debugConsole.o
 .debug_abbrev  0x0000000000000af1      0x1d8 Core/Src/led/led.o
 .debug_abbrev  0x0000000000000cc9       0x12 Core/Startup/startup_stm32g070rbtx.o
 .debug_abbrev  0x0000000000000cdb      0x242 Drivers/STM32G0xx_HAL_Driver/Src/stm32g0xx_hal.o
 .debug_abbrev  0x0000000000000f1d      0x27c Drivers/STM32G0xx_HAL_Driver/Src/stm32g0xx_hal_cortex.o
 .debug_abbrev  0x0000000000001199      0x1d5 Drivers/STM32G0xx_HAL_Driver/Src/stm32g0xx_hal_dma.o
 .debug_abbrev  0x000000000000136e      0x1b7 Drivers/STM32G0xx_HAL_Driver/Src/stm32g0xx_hal_gpio.o
 .debug_abbrev  0x0000000000001525      0x1f6 Drivers/STM32G0xx_HAL_Driver/Src/stm32g0xx_hal_pwr_ex.o
 .debug_abbrev  0x000000000000171b      0x211 Drivers/STM32G0xx_HAL_Driver/Src/stm32g0xx_hal_rcc.o
 .debug_abbrev  0x000000000000192c      0x1d4 Drivers/STM32G0xx_HAL_Driver/Src/stm32g0xx_hal_rcc_ex.o
 .debug_abbrev  0x0000000000001b00      0x228 Drivers/STM32G0xx_HAL_Driver/Src/stm32g0xx_hal_spi.o
 .debug_abbrev  0x0000000000001d28      0x214 Drivers/STM32G0xx_HAL_Driver/Src/stm32g0xx_hal_uart.o
 .debug_abbrev  0x0000000000001f3c      0x209 Drivers/STM32G0xx_HAL_Driver/Src/stm32g0xx_hal_uart_ex.o
 .debug_abbrev  0x0000000000002145      0x305 Middlewares/Third_Party/FreeRTOS/Source/CMSIS_RTOS/cmsis_os.o
 .debug_abbrev  0x000000000000244a      0x1cf Middlewares/Third_Party/FreeRTOS/Source/list.o
 .debug_abbrev  0x0000000000002619      0x2aa Middlewares/Third_Party/FreeRTOS/Source/queue.o
 .debug_abbrev  0x00000000000028c3      0x2de Middlewares/Third_Party/FreeRTOS/Source/tasks.o
 .debug_abbrev  0x0000000000002ba1      0x1a4 Middlewares/Third_Party/FreeRTOS/Source/portable/GCC/ARM_CM0/port.o
 .debug_abbrev  0x0000000000002d45      0x23d Middlewares/Third_Party/FreeRTOS/Source/portable/MemMang/heap_4.o

.debug_aranges  0x0000000000000000     0x1070
 .debug_aranges
                0x0000000000000000       0x58 Core/Src/main.o
 .debug_aranges
                0x0000000000000058       0x40 Core/Src/stm32g0xx_hal_msp.o
 .debug_aranges
                0x0000000000000098       0x48 Core/Src/stm32g0xx_it.o
 .debug_aranges
                0x00000000000000e0       0x28 Core/Src/system_stm32g0xx.o
 .debug_aranges
                0x0000000000000108       0x20 Core/Src/application/application.o
 .debug_aranges
                0x0000000000000128       0x30 Core/Src/button/button.o
 .debug_aranges
                0x0000000000000158       0x50 Core/Src/debugConsole/debugConsole.o
 .debug_aranges
                0x00000000000001a8       0x60 Core/Src/led/led.o
 .debug_aranges
                0x0000000000000208       0x28 Core/Startup/startup_stm32g070rbtx.o
 .debug_aranges
                0x0000000000000230       0xf8 Drivers/STM32G0xx_HAL_Driver/Src/stm32g0xx_hal.o
 .debug_aranges
                0x0000000000000328       0xd8 Drivers/STM32G0xx_HAL_Driver/Src/stm32g0xx_hal_cortex.o
 .debug_aranges
                0x0000000000000400       0x90 Drivers/STM32G0xx_HAL_Driver/Src/stm32g0xx_hal_dma.o
 .debug_aranges
                0x0000000000000490       0x60 Drivers/STM32G0xx_HAL_Driver/Src/stm32g0xx_hal_gpio.o
 .debug_aranges
                0x00000000000004f0       0x98 Drivers/STM32G0xx_HAL_Driver/Src/stm32g0xx_hal_pwr_ex.o
 .debug_aranges
                0x0000000000000588       0x98 Drivers/STM32G0xx_HAL_Driver/Src/stm32g0xx_hal_rcc.o
 .debug_aranges
                0x0000000000000620       0x40 Drivers/STM32G0xx_HAL_Driver/Src/stm32g0xx_hal_rcc_ex.o
 .debug_aranges
                0x0000000000000660      0x1d8 Drivers/STM32G0xx_HAL_Driver/Src/stm32g0xx_hal_spi.o
 .debug_aranges
                0x0000000000000838      0x218 Drivers/STM32G0xx_HAL_Driver/Src/stm32g0xx_hal_uart.o
 .debug_aranges
                0x0000000000000a50       0x88 Drivers/STM32G0xx_HAL_Driver/Src/stm32g0xx_hal_uart_ex.o
 .debug_aranges
                0x0000000000000ad8      0x1d8 Middlewares/Third_Party/FreeRTOS/Source/CMSIS_RTOS/cmsis_os.o
 .debug_aranges
                0x0000000000000cb0       0x40 Middlewares/Third_Party/FreeRTOS/Source/list.o
 .debug_aranges
                0x0000000000000cf0      0x108 Middlewares/Third_Party/FreeRTOS/Source/queue.o
 .debug_aranges
                0x0000000000000df8      0x1a0 Middlewares/Third_Party/FreeRTOS/Source/tasks.o
 .debug_aranges
                0x0000000000000f98       0x88 Middlewares/Third_Party/FreeRTOS/Source/portable/GCC/ARM_CM0/port.o
 .debug_aranges
                0x0000000000001020       0x50 Middlewares/Third_Party/FreeRTOS/Source/portable/MemMang/heap_4.o

.debug_ranges   0x0000000000000000      0xee8
 .debug_ranges  0x0000000000000000       0x48 Core/Src/main.o
 .debug_ranges  0x0000000000000048       0x30 Core/Src/stm32g0xx_hal_msp.o
 .debug_ranges  0x0000000000000078       0x38 Core/Src/stm32g0xx_it.o
 .debug_ranges  0x00000000000000b0       0x18 Core/Src/system_stm32g0xx.o
 .debug_ranges  0x00000000000000c8       0x10 Core/Src/application/application.o
 .debug_ranges  0x00000000000000d8       0x20 Core/Src/button/button.o
 .debug_ranges  0x00000000000000f8       0x40 Core/Src/debugConsole/debugConsole.o
 .debug_ranges  0x0000000000000138       0x50 Core/Src/led/led.o
 .debug_ranges  0x0000000000000188       0x20 Core/Startup/startup_stm32g070rbtx.o
 .debug_ranges  0x00000000000001a8       0xe8 Drivers/STM32G0xx_HAL_Driver/Src/stm32g0xx_hal.o
 .debug_ranges  0x0000000000000290       0xc8 Drivers/STM32G0xx_HAL_Driver/Src/stm32g0xx_hal_cortex.o
 .debug_ranges  0x0000000000000358       0x80 Drivers/STM32G0xx_HAL_Driver/Src/stm32g0xx_hal_dma.o
 .debug_ranges  0x00000000000003d8       0x50 Drivers/STM32G0xx_HAL_Driver/Src/stm32g0xx_hal_gpio.o
 .debug_ranges  0x0000000000000428       0x88 Drivers/STM32G0xx_HAL_Driver/Src/stm32g0xx_hal_pwr_ex.o
 .debug_ranges  0x00000000000004b0       0x88 Drivers/STM32G0xx_HAL_Driver/Src/stm32g0xx_hal_rcc.o
 .debug_ranges  0x0000000000000538       0x30 Drivers/STM32G0xx_HAL_Driver/Src/stm32g0xx_hal_rcc_ex.o
 .debug_ranges  0x0000000000000568      0x1c8 Drivers/STM32G0xx_HAL_Driver/Src/stm32g0xx_hal_spi.o
 .debug_ranges  0x0000000000000730      0x208 Drivers/STM32G0xx_HAL_Driver/Src/stm32g0xx_hal_uart.o
 .debug_ranges  0x0000000000000938       0x78 Drivers/STM32G0xx_HAL_Driver/Src/stm32g0xx_hal_uart_ex.o
 .debug_ranges  0x00000000000009b0      0x1c8 Middlewares/Third_Party/FreeRTOS/Source/CMSIS_RTOS/cmsis_os.o
 .debug_ranges  0x0000000000000b78       0x30 Middlewares/Third_Party/FreeRTOS/Source/list.o
 .debug_ranges  0x0000000000000ba8       0xf8 Middlewares/Third_Party/FreeRTOS/Source/queue.o
 .debug_ranges  0x0000000000000ca0      0x190 Middlewares/Third_Party/FreeRTOS/Source/tasks.o
 .debug_ranges  0x0000000000000e30       0x78 Middlewares/Third_Party/FreeRTOS/Source/portable/GCC/ARM_CM0/port.o
 .debug_ranges  0x0000000000000ea8       0x40 Middlewares/Third_Party/FreeRTOS/Source/portable/MemMang/heap_4.o

.debug_macro    0x0000000000000000     0x3b33
 .debug_macro   0x0000000000000000      0x2ba Core/Src/main.o
 .debug_macro   0x00000000000002ba       0x91 Core/Src/main.o
 .debug_macro   0x000000000000034b       0x86 Core/Src/main.o
 .debug_macro   0x00000000000003d1       0x69 Core/Src/main.o
 .debug_macro   0x000000000000043a       0x19 Core/Src/main.o
 .debug_macro   0x0000000000000453       0xcf Core/Src/main.o
 .debug_macro   0x0000000000000522       0x22 Core/Src/main.o
 .debug_macro   0x0000000000000544       0x28 Core/Src/main.o
 .debug_macro   0x000000000000056c      0x1d5 Core/Src/stm32g0xx_hal_msp.o
 .debug_macro   0x0000000000000741      0x247 Core/Src/stm32g0xx_it.o
 .debug_macro   0x0000000000000988      0x1c8 Core/Src/system_stm32g0xx.o
 .debug_macro   0x0000000000000b50      0x2c9 Core/Src/application/application.o
 .debug_macro   0x0000000000000e19      0x4b7 Core/Src/application/application.o
 .debug_macro   0x00000000000012d0       0x22 Core/Src/application/application.o
 .debug_macro   0x00000000000012f2       0x16 Core/Src/application/application.o
 .debug_macro   0x0000000000001308       0x16 Core/Src/application/application.o
 .debug_macro   0x000000000000131e       0x1c Core/Src/application/application.o
 .debug_macro   0x000000000000133a      0x26d Core/Src/button/button.o
 .debug_macro   0x00000000000015a7       0x1c Core/Src/button/button.o
 .debug_macro   0x00000000000015c3      0x38b Core/Src/debugConsole/debugConsole.o
 .debug_macro   0x000000000000194e       0x10 Core/Src/debugConsole/debugConsole.o
 .debug_macro   0x000000000000195e       0x20 Core/Src/debugConsole/debugConsole.o
 .debug_macro   0x000000000000197e       0xaf Core/Src/debugConsole/debugConsole.o
 .debug_macro   0x0000000000001a2d       0x54 Core/Src/debugConsole/debugConsole.o
 .debug_macro   0x0000000000001a81       0x16 Core/Src/debugConsole/debugConsole.o
 .debug_macro   0x0000000000001a97      0x283 Core/Src/led/led.o
 .debug_macro   0x0000000000001d1a      0x1e0 Drivers/STM32G0xx_HAL_Driver/Src/stm32g0xx_hal.o
 .debug_macro   0x0000000000001efa      0x1c2 Drivers/STM32G0xx_HAL_Driver/Src/stm32g0xx_hal_cortex.o
 .debug_macro   0x00000000000020bc      0x1c2 Drivers/STM32G0xx_HAL_Driver/Src/stm32g0xx_hal_dma.o
 .debug_macro   0x000000000000227e      0x1fa Drivers/STM32G0xx_HAL_Driver/Src/stm32g0xx_hal_gpio.o
 .debug_macro   0x0000000000002478      0x1d4 Drivers/STM32G0xx_HAL_Driver/Src/stm32g0xx_hal_pwr_ex.o
 .debug_macro   0x000000000000264c      0x1fe Drivers/STM32G0xx_HAL_Driver/Src/stm32g0xx_hal_rcc.o
 .debug_macro   0x000000000000284a      0x1da Drivers/STM32G0xx_HAL_Driver/Src/stm32g0xx_hal_rcc_ex.o
 .debug_macro   0x0000000000002a24      0x1ca Drivers/STM32G0xx_HAL_Driver/Src/stm32g0xx_hal_spi.o
 .debug_macro   0x0000000000002bee      0x1ed Drivers/STM32G0xx_HAL_Driver/Src/stm32g0xx_hal_uart.o
 .debug_macro   0x0000000000002ddb      0x1ce Drivers/STM32G0xx_HAL_Driver/Src/stm32g0xx_hal_uart_ex.o
 .debug_macro   0x0000000000002fa9      0x1f1 Middlewares/Third_Party/FreeRTOS/Source/CMSIS_RTOS/cmsis_os.o
 .debug_macro   0x000000000000319a       0x9d Middlewares/Third_Party/FreeRTOS/Source/CMSIS_RTOS/cmsis_os.o
 .debug_macro   0x0000000000003237      0x17a Middlewares/Third_Party/FreeRTOS/Source/list.o
 .debug_macro   0x00000000000033b1      0x205 Middlewares/Third_Party/FreeRTOS/Source/queue.o
 .debug_macro   0x00000000000035b6       0x16 Middlewares/Third_Party/FreeRTOS/Source/queue.o
 .debug_macro   0x00000000000035cc      0x27a Middlewares/Third_Party/FreeRTOS/Source/tasks.o
 .debug_macro   0x0000000000003846       0x10 Middlewares/Third_Party/FreeRTOS/Source/tasks.o
 .debug_macro   0x0000000000003856      0x13c Middlewares/Third_Party/FreeRTOS/Source/portable/GCC/ARM_CM0/port.o
 .debug_macro   0x0000000000003992      0x1a1 Middlewares/Third_Party/FreeRTOS/Source/portable/MemMang/heap_4.o

.debug_line     0x0000000000000000     0xf5ba
 .debug_line    0x0000000000000000      0x99f Core/Src/main.o
 .debug_line    0x000000000000099f      0x780 Core/Src/stm32g0xx_hal_msp.o
 .debug_line    0x000000000000111f      0x87a Core/Src/stm32g0xx_it.o
 .debug_line    0x0000000000001999      0x711 Core/Src/system_stm32g0xx.o
 .debug_line    0x00000000000020aa      0x93e Core/Src/application/application.o
 .debug_line    0x00000000000029e8      0x879 Core/Src/button/button.o
 .debug_line    0x0000000000003261      0xb02 Core/Src/debugConsole/debugConsole.o
 .debug_line    0x0000000000003d63      0x99a Core/Src/led/led.o
 .debug_line    0x00000000000046fd       0x89 Core/Startup/startup_stm32g070rbtx.o
 .debug_line    0x0000000000004786      0x90c Drivers/STM32G0xx_HAL_Driver/Src/stm32g0xx_hal.o
 .debug_line    0x0000000000005092      0x93c Drivers/STM32G0xx_HAL_Driver/Src/stm32g0xx_hal_cortex.o
 .debug_line    0x00000000000059ce      0x96a Drivers/STM32G0xx_HAL_Driver/Src/stm32g0xx_hal_dma.o
 .debug_line    0x0000000000006338      0x884 Drivers/STM32G0xx_HAL_Driver/Src/stm32g0xx_hal_gpio.o
 .debug_line    0x0000000000006bbc      0x86d Drivers/STM32G0xx_HAL_Driver/Src/stm32g0xx_hal_pwr_ex.o
 .debug_line    0x0000000000007429      0x9e2 Drivers/STM32G0xx_HAL_Driver/Src/stm32g0xx_hal_rcc.o
 .debug_line    0x0000000000007e0b      0x8a2 Drivers/STM32G0xx_HAL_Driver/Src/stm32g0xx_hal_rcc_ex.o
 .debug_line    0x00000000000086ad     0x1170 Drivers/STM32G0xx_HAL_Driver/Src/stm32g0xx_hal_spi.o
 .debug_line    0x000000000000981d     0x16b1 Drivers/STM32G0xx_HAL_Driver/Src/stm32g0xx_hal_uart.o
 .debug_line    0x000000000000aece      0x964 Drivers/STM32G0xx_HAL_Driver/Src/stm32g0xx_hal_uart_ex.o
 .debug_line    0x000000000000b832      0xcb6 Middlewares/Third_Party/FreeRTOS/Source/CMSIS_RTOS/cmsis_os.o
 .debug_line    0x000000000000c4e8      0x693 Middlewares/Third_Party/FreeRTOS/Source/list.o
 .debug_line    0x000000000000cb7b      0xd31 Middlewares/Third_Party/FreeRTOS/Source/queue.o
 .debug_line    0x000000000000d8ac      0xfd7 Middlewares/Third_Party/FreeRTOS/Source/tasks.o
 .debug_line    0x000000000000e883      0x5e7 Middlewares/Third_Party/FreeRTOS/Source/portable/GCC/ARM_CM0/port.o
 .debug_line    0x000000000000ee6a      0x750 Middlewares/Third_Party/FreeRTOS/Source/portable/MemMang/heap_4.o

.debug_str      0x0000000000000000    0x8859e
 .debug_str     0x0000000000000000    0x801d5 Core/Src/main.o
                                      0x8083b (size before relaxing)
 .debug_str     0x00000000000801d5       0x7d Core/Src/stm32g0xx_hal_msp.o
                                      0x7b17e (size before relaxing)
 .debug_str     0x0000000000080252       0x96 Core/Src/stm32g0xx_it.o
                                      0x7e53b (size before relaxing)
 .debug_str     0x00000000000802e8       0x9c Core/Src/system_stm32g0xx.o
                                      0x7a0aa (size before relaxing)
 .debug_str     0x0000000000080384      0x303 Core/Src/application/application.o
                                      0x7f6d4 (size before relaxing)
 .debug_str     0x0000000000080687       0x53 Core/Src/button/button.o
                                      0x7df76 (size before relaxing)
 .debug_str     0x00000000000806da     0x30ca Core/Src/debugConsole/debugConsole.o
                                      0x8295d (size before relaxing)
 .debug_str     0x00000000000837a4      0x2c8 Core/Src/led/led.o
                                      0x7e764 (size before relaxing)
 .debug_str     0x0000000000083a6c       0x36 Core/Startup/startup_stm32g070rbtx.o
                                         0x7e (size before relaxing)
 .debug_str     0x0000000000083aa2      0x3ee Drivers/STM32G0xx_HAL_Driver/Src/stm32g0xx_hal.o
                                      0x7a66b (size before relaxing)
 .debug_str     0x0000000000083e90      0x291 Drivers/STM32G0xx_HAL_Driver/Src/stm32g0xx_hal_cortex.o
                                      0x7a4fb (size before relaxing)
 .debug_str     0x0000000000084121      0x2bf Drivers/STM32G0xx_HAL_Driver/Src/stm32g0xx_hal_dma.o
                                      0x7a4f3 (size before relaxing)
 .debug_str     0x00000000000843e0      0x228 Drivers/STM32G0xx_HAL_Driver/Src/stm32g0xx_hal_gpio.o
                                      0x7a28c (size before relaxing)
 .debug_str     0x0000000000084608      0x241 Drivers/STM32G0xx_HAL_Driver/Src/stm32g0xx_hal_pwr_ex.o
                                      0x7a2e0 (size before relaxing)
 .debug_str     0x0000000000084849      0x360 Drivers/STM32G0xx_HAL_Driver/Src/stm32g0xx_hal_rcc.o
                                      0x7a62e (size before relaxing)
 .debug_str     0x0000000000084ba9      0x16c Drivers/STM32G0xx_HAL_Driver/Src/stm32g0xx_hal_rcc_ex.o
                                      0x7a373 (size before relaxing)
 .debug_str     0x0000000000084d15      0x565 Drivers/STM32G0xx_HAL_Driver/Src/stm32g0xx_hal_spi.o
                                      0x7a9fa (size before relaxing)
 .debug_str     0x000000000008527a      0x862 Drivers/STM32G0xx_HAL_Driver/Src/stm32g0xx_hal_uart.o
                                      0x7ae11 (size before relaxing)
 .debug_str     0x0000000000085adc      0x28d Drivers/STM32G0xx_HAL_Driver/Src/stm32g0xx_hal_uart_ex.o
                                      0x7a72c (size before relaxing)
 .debug_str     0x0000000000085d69      0x711 Middlewares/Third_Party/FreeRTOS/Source/CMSIS_RTOS/cmsis_os.o
                                       0xcef3 (size before relaxing)
 .debug_str     0x000000000008647a      0x148 Middlewares/Third_Party/FreeRTOS/Source/list.o
                                       0xa0f1 (size before relaxing)
 .debug_str     0x00000000000865c2      0x7b0 Middlewares/Third_Party/FreeRTOS/Source/queue.o
                                       0xb5ae (size before relaxing)
 .debug_str     0x0000000000086d72     0x1136 Middlewares/Third_Party/FreeRTOS/Source/tasks.o
                                       0xc0ee (size before relaxing)
 .debug_str     0x0000000000087ea8      0x49c Middlewares/Third_Party/FreeRTOS/Source/portable/GCC/ARM_CM0/port.o
                                       0x7a23 (size before relaxing)
 .debug_str     0x0000000000088344      0x25a Middlewares/Third_Party/FreeRTOS/Source/portable/MemMang/heap_4.o
                                       0xa7f5 (size before relaxing)

.comment        0x0000000000000000       0x7b
 .comment       0x0000000000000000       0x7b Core/Src/main.o
                                         0x7c (size before relaxing)
 .comment       0x000000000000007b       0x7c Core/Src/stm32g0xx_hal_msp.o
 .comment       0x000000000000007b       0x7c Core/Src/stm32g0xx_it.o
 .comment       0x000000000000007b       0x7c Core/Src/system_stm32g0xx.o
 .comment       0x000000000000007b       0x7c Core/Src/application/application.o
 .comment       0x000000000000007b       0x7c Core/Src/button/button.o
 .comment       0x000000000000007b       0x7c Core/Src/debugConsole/debugConsole.o
 .comment       0x000000000000007b       0x7c Core/Src/led/led.o
 .comment       0x000000000000007b       0x7c Drivers/STM32G0xx_HAL_Driver/Src/stm32g0xx_hal.o
 .comment       0x000000000000007b       0x7c Drivers/STM32G0xx_HAL_Driver/Src/stm32g0xx_hal_cortex.o
 .comment       0x000000000000007b       0x7c Drivers/STM32G0xx_HAL_Driver/Src/stm32g0xx_hal_dma.o
 .comment       0x000000000000007b       0x7c Drivers/STM32G0xx_HAL_Driver/Src/stm32g0xx_hal_gpio.o
 .comment       0x000000000000007b       0x7c Drivers/STM32G0xx_HAL_Driver/Src/stm32g0xx_hal_pwr_ex.o
 .comment       0x000000000000007b       0x7c Drivers/STM32G0xx_HAL_Driver/Src/stm32g0xx_hal_rcc.o
 .comment       0x000000000000007b       0x7c Drivers/STM32G0xx_HAL_Driver/Src/stm32g0xx_hal_rcc_ex.o
 .comment       0x000000000000007b       0x7c Drivers/STM32G0xx_HAL_Driver/Src/stm32g0xx_hal_spi.o
 .comment       0x000000000000007b       0x7c Drivers/STM32G0xx_HAL_Driver/Src/stm32g0xx_hal_uart.o
 .comment       0x000000000000007b       0x7c Drivers/STM32G0xx_HAL_Driver/Src/stm32g0xx_hal_uart_ex.o
 .comment       0x000000000000007b       0x7c Middlewares/Third_Party/FreeRTOS/Source/CMSIS_RTOS/cmsis_os.o
 .comment       0x000000000000007b       0x7c Middlewares/Third_Party/FreeRTOS/Source/list.o
 .comment       0x000000000000007b       0x7c Middlewares/Third_Party/FreeRTOS/Source/queue.o
 .comment       0x000000000000007b       0x7c Middlewares/Third_Party/FreeRTOS/Source/tasks.o
 .comment       0x000000000000007b       0x7c Middlewares/Third_Party/FreeRTOS/Source/portable/GCC/ARM_CM0/port.o
 .comment       0x000000000000007b       0x7c Middlewares/Third_Party/FreeRTOS/Source/portable/MemMang/heap_4.o

.debug_frame    0x0000000000000000     0x38f0
 .debug_frame   0x0000000000000000      0x104 Core/Src/main.o
 .debug_frame   0x0000000000000104       0xb0 Core/Src/stm32g0xx_hal_msp.o
 .debug_frame   0x00000000000001b4       0xb8 Core/Src/stm32g0xx_it.o
 .debug_frame   0x000000000000026c       0x4c Core/Src/system_stm32g0xx.o
 .debug_frame   0x00000000000002b8       0x34 Core/Src/application/application.o
 .debug_frame   0x00000000000002ec       0x68 Core/Src/button/button.o
 .debug_frame   0x0000000000000354       0xec Core/Src/debugConsole/debugConsole.o
 .debug_frame   0x0000000000000440      0x12c Core/Src/led/led.o
 .debug_frame   0x000000000000056c      0x340 Drivers/STM32G0xx_HAL_Driver/Src/stm32g0xx_hal.o
 .debug_frame   0x00000000000008ac      0x2fc Drivers/STM32G0xx_HAL_Driver/Src/stm32g0xx_hal_cortex.o
 .debug_frame   0x0000000000000ba8      0x1f0 Drivers/STM32G0xx_HAL_Driver/Src/stm32g0xx_hal_dma.o
 .debug_frame   0x0000000000000d98      0x130 Drivers/STM32G0xx_HAL_Driver/Src/stm32g0xx_hal_gpio.o
 .debug_frame   0x0000000000000ec8      0x1f4 Drivers/STM32G0xx_HAL_Driver/Src/stm32g0xx_hal_pwr_ex.o
 .debug_frame   0x00000000000010bc      0x1f4 Drivers/STM32G0xx_HAL_Driver/Src/stm32g0xx_hal_rcc.o
 .debug_frame   0x00000000000012b0       0xb0 Drivers/STM32G0xx_HAL_Driver/Src/stm32g0xx_hal_rcc_ex.o
 .debug_frame   0x0000000000001360      0x710 Drivers/STM32G0xx_HAL_Driver/Src/stm32g0xx_hal_spi.o
 .debug_frame   0x0000000000001a70      0x810 Drivers/STM32G0xx_HAL_Driver/Src/stm32g0xx_hal_uart.o
 .debug_frame   0x0000000000002280      0x1d4 Drivers/STM32G0xx_HAL_Driver/Src/stm32g0xx_hal_uart_ex.o
 .debug_frame   0x0000000000002454      0x6f4 Middlewares/Third_Party/FreeRTOS/Source/CMSIS_RTOS/cmsis_os.o
 .debug_frame   0x0000000000002b48       0xb0 Middlewares/Third_Party/FreeRTOS/Source/list.o
 .debug_frame   0x0000000000002bf8      0x3d0 Middlewares/Third_Party/FreeRTOS/Source/queue.o
 .debug_frame   0x0000000000002fc8      0x61c Middlewares/Third_Party/FreeRTOS/Source/tasks.o
 .debug_frame   0x00000000000035e4      0x174 Middlewares/Third_Party/FreeRTOS/Source/portable/GCC/ARM_CM0/port.o
 .debug_frame   0x0000000000003758       0xe4 Middlewares/Third_Party/FreeRTOS/Source/portable/MemMang/heap_4.o
 .debug_frame   0x000000000000383c       0x2c e:/mysoftware/stm32cubeide_1.0.0/stm32cubeide/plugins/com.st.stm32cube.ide.mcu.externaltools.gnu-tools-for-stm32.7-2018-q2-update.win32_1.0.0.201904181610/tools/bin/../lib/gcc/arm-none-eabi/7.3.1/../../../../arm-none-eabi/lib/thumb/v6-m\libc_nano.a(lib_a-init.o)
 .debug_frame   0x0000000000003868       0x28 e:/mysoftware/stm32cubeide_1.0.0/stm32cubeide/plugins/com.st.stm32cube.ide.mcu.externaltools.gnu-tools-for-stm32.7-2018-q2-update.win32_1.0.0.201904181610/tools/bin/../lib/gcc/arm-none-eabi/7.3.1/../../../../arm-none-eabi/lib/thumb/v6-m\libc_nano.a(lib_a-memcpy-stub.o)
 .debug_frame   0x0000000000003890       0x20 e:/mysoftware/stm32cubeide_1.0.0/stm32cubeide/plugins/com.st.stm32cube.ide.mcu.externaltools.gnu-tools-for-stm32.7-2018-q2-update.win32_1.0.0.201904181610/tools/bin/../lib/gcc/arm-none-eabi/7.3.1/../../../../arm-none-eabi/lib/thumb/v6-m\libc_nano.a(lib_a-memset.o)
 .debug_frame   0x00000000000038b0       0x20 e:/mysoftware/stm32cubeide_1.0.0/stm32cubeide/plugins/com.st.stm32cube.ide.mcu.externaltools.gnu-tools-for-stm32.7-2018-q2-update.win32_1.0.0.201904181610/tools/bin/../lib/gcc/arm-none-eabi/7.3.1/thumb/v6-m\libgcc.a(_udivsi3.o)
 .debug_frame   0x00000000000038d0       0x20 e:/mysoftware/stm32cubeide_1.0.0/stm32cubeide/plugins/com.st.stm32cube.ide.mcu.externaltools.gnu-tools-for-stm32.7-2018-q2-update.win32_1.0.0.201904181610/tools/bin/../lib/gcc/arm-none-eabi/7.3.1/thumb/v6-m\libgcc.a(_divsi3.o)
